Archive member included to satisfy reference by file (symbol)

c:/freedomstudio/sifive/riscv64-unknown-elf-toolchain-10.2.0-2020.12.8/bin/../lib/gcc/riscv64-unknown-elf/10.2.0/../../../../riscv64-unknown-elf/lib/rv32imac/ilp32\libc_nano.a(lib_a-clock.o)
                              C:\Users\nandg\AppData\Local\Temp\ccao3F3U.o (clock)
c:/freedomstudio/sifive/riscv64-unknown-elf-toolchain-10.2.0-2020.12.8/bin/../lib/gcc/riscv64-unknown-elf/10.2.0/../../../../riscv64-unknown-elf/lib/rv32imac/ilp32\libc_nano.a(lib_a-impure.o)
                              c:/freedomstudio/sifive/riscv64-unknown-elf-toolchain-10.2.0-2020.12.8/bin/../lib/gcc/riscv64-unknown-elf/10.2.0/../../../../riscv64-unknown-elf/lib/rv32imac/ilp32\libc_nano.a(lib_a-clock.o) (_impure_ptr)
c:/freedomstudio/sifive/riscv64-unknown-elf-toolchain-10.2.0-2020.12.8/bin/../lib/gcc/riscv64-unknown-elf/10.2.0/../../../../riscv64-unknown-elf/lib/rv32imac/ilp32\libc_nano.a(lib_a-puts.o)
                              C:\Users\nandg\AppData\Local\Temp\ccao3F3U.o (puts)
c:/freedomstudio/sifive/riscv64-unknown-elf-toolchain-10.2.0-2020.12.8/bin/../lib/gcc/riscv64-unknown-elf/10.2.0/../../../../riscv64-unknown-elf/lib/rv32imac/ilp32\libc_nano.a(lib_a-timesr.o)
                              c:/freedomstudio/sifive/riscv64-unknown-elf-toolchain-10.2.0-2020.12.8/bin/../lib/gcc/riscv64-unknown-elf/10.2.0/../../../../riscv64-unknown-elf/lib/rv32imac/ilp32\libc_nano.a(lib_a-clock.o) (_times_r)
c:/freedomstudio/sifive/riscv64-unknown-elf-toolchain-10.2.0-2020.12.8/bin/../lib/gcc/riscv64-unknown-elf/10.2.0/../../../../riscv64-unknown-elf/lib/rv32imac/ilp32\libc_nano.a(lib_a-wbuf.o)
                              c:/freedomstudio/sifive/riscv64-unknown-elf-toolchain-10.2.0-2020.12.8/bin/../lib/gcc/riscv64-unknown-elf/10.2.0/../../../../riscv64-unknown-elf/lib/rv32imac/ilp32\libc_nano.a(lib_a-puts.o) (__swbuf_r)
c:/freedomstudio/sifive/riscv64-unknown-elf-toolchain-10.2.0-2020.12.8/bin/../lib/gcc/riscv64-unknown-elf/10.2.0/../../../../riscv64-unknown-elf/lib/rv32imac/ilp32\libc_nano.a(lib_a-wsetup.o)
                              c:/freedomstudio/sifive/riscv64-unknown-elf-toolchain-10.2.0-2020.12.8/bin/../lib/gcc/riscv64-unknown-elf/10.2.0/../../../../riscv64-unknown-elf/lib/rv32imac/ilp32\libc_nano.a(lib_a-puts.o) (__swsetup_r)
c:/freedomstudio/sifive/riscv64-unknown-elf-toolchain-10.2.0-2020.12.8/bin/../lib/gcc/riscv64-unknown-elf/10.2.0/../../../../riscv64-unknown-elf/lib/rv32imac/ilp32\libc_nano.a(lib_a-fflush.o)
                              c:/freedomstudio/sifive/riscv64-unknown-elf-toolchain-10.2.0-2020.12.8/bin/../lib/gcc/riscv64-unknown-elf/10.2.0/../../../../riscv64-unknown-elf/lib/rv32imac/ilp32\libc_nano.a(lib_a-wbuf.o) (_fflush_r)
c:/freedomstudio/sifive/riscv64-unknown-elf-toolchain-10.2.0-2020.12.8/bin/../lib/gcc/riscv64-unknown-elf/10.2.0/../../../../riscv64-unknown-elf/lib/rv32imac/ilp32\libc_nano.a(lib_a-findfp.o)
                              c:/freedomstudio/sifive/riscv64-unknown-elf-toolchain-10.2.0-2020.12.8/bin/../lib/gcc/riscv64-unknown-elf/10.2.0/../../../../riscv64-unknown-elf/lib/rv32imac/ilp32\libc_nano.a(lib_a-puts.o) (__sinit)
c:/freedomstudio/sifive/riscv64-unknown-elf-toolchain-10.2.0-2020.12.8/bin/../lib/gcc/riscv64-unknown-elf/10.2.0/../../../../riscv64-unknown-elf/lib/rv32imac/ilp32\libc_nano.a(lib_a-fwalk.o)
                              c:/freedomstudio/sifive/riscv64-unknown-elf-toolchain-10.2.0-2020.12.8/bin/../lib/gcc/riscv64-unknown-elf/10.2.0/../../../../riscv64-unknown-elf/lib/rv32imac/ilp32\libc_nano.a(lib_a-findfp.o) (_fwalk)
c:/freedomstudio/sifive/riscv64-unknown-elf-toolchain-10.2.0-2020.12.8/bin/../lib/gcc/riscv64-unknown-elf/10.2.0/../../../../riscv64-unknown-elf/lib/rv32imac/ilp32\libc_nano.a(lib_a-makebuf.o)
                              c:/freedomstudio/sifive/riscv64-unknown-elf-toolchain-10.2.0-2020.12.8/bin/../lib/gcc/riscv64-unknown-elf/10.2.0/../../../../riscv64-unknown-elf/lib/rv32imac/ilp32\libc_nano.a(lib_a-wsetup.o) (__smakebuf_r)
c:/freedomstudio/sifive/riscv64-unknown-elf-toolchain-10.2.0-2020.12.8/bin/../lib/gcc/riscv64-unknown-elf/10.2.0/../../../../riscv64-unknown-elf/lib/rv32imac/ilp32\libc_nano.a(lib_a-memset.o)
                              c:/freedomstudio/sifive/riscv64-unknown-elf-toolchain-10.2.0-2020.12.8/bin/../lib/gcc/riscv64-unknown-elf/10.2.0/../../../../riscv64-unknown-elf/lib/rv32imac/ilp32\libc_nano.a(lib_a-findfp.o) (memset)
c:/freedomstudio/sifive/riscv64-unknown-elf-toolchain-10.2.0-2020.12.8/bin/../lib/gcc/riscv64-unknown-elf/10.2.0/../../../../riscv64-unknown-elf/lib/rv32imac/ilp32\libc_nano.a(lib_a-nano-freer.o)
                              c:/freedomstudio/sifive/riscv64-unknown-elf-toolchain-10.2.0-2020.12.8/bin/../lib/gcc/riscv64-unknown-elf/10.2.0/../../../../riscv64-unknown-elf/lib/rv32imac/ilp32\libc_nano.a(lib_a-wsetup.o) (_free_r)
[...]
Memory Configuration

Name             Origin             Length             Attributes
itim             0x0000000008000000 0x0000000000002000 axrwl
ram              0x0000000080000000 0x0000000000004000 arw !xl
rom              0x0000000020010000 0x000000000006a120 xrl !aw
*default*        0x0000000000000000 0xffffffffffffffff

Linker script and memory map

LOAD C:\Users\nandg\AppData\Local\Temp\ccao3F3U.o
START GROUP
LOAD c:/freedomstudio/sifive/riscv64-unknown-elf-toolchain-10.2.0-2020.12.8/bin/../lib/gcc/riscv64-unknown-elf/10.2.0/../../../../riscv64-unknown-elf/lib/rv32imac/ilp32\libc_nano.a
LOAD c:/freedomstudio/sifive/riscv64-unknown-elf-toolchain-10.2.0-2020.12.8/bin/../lib/gcc/riscv64-unknown-elf/10.2.0/rv32imac/ilp32\libgcc.a
LOAD c:/freedomstudio/sifive/riscv64-unknown-elf-toolchain-10.2.0-2020.12.8/bin/../lib/gcc/riscv64-unknown-elf/10.2.0/../../../../riscv64-unknown-elf/lib/rv32imac/ilp32\libm_nano.a
LOAD C:/Users/nandg/Desktop/FE310-G003/sifive_hifive1_revb_sifive_welcome/bsp/install/lib/debug/\libmetal.a
LOAD C:/Users/nandg/Desktop/FE310-G003/sifive_hifive1_revb_sifive_welcome/bsp/install/lib/debug/\libmetal-gloss.a
END GROUP
                0x0000000000000400                __stack_size = DEFINED (__stack_size)?__stack_size:0x400
                [!provide]                        PROVIDE (__stack_size = __stack_size)
                0x0000000000000800                __heap_size = DEFINED (__heap_size)?__heap_size:0x800
                0x0000000000000000                PROVIDE (__metal_boot_hart = 0x0)
                0x0000000000000001                PROVIDE (__metal_chicken_bit = 0x1)
                0x0000000000000000                PROVIDE (__metal_eccscrub_bit = 0x0)
                [!provide]                        PROVIDE (metal_dtim_0_memory_start = 0x80000000)
                [!provide]                        PROVIDE (metal_dtim_0_memory_end = 0x80004000)
                [!provide]                        PROVIDE (metal_itim_0_memory_start = 0x8000000)
                [!provide]                        PROVIDE (metal_itim_0_memory_end = 0x8002000)

.init           0x0000000020010000      0x2dc
 *(.text.metal.init.enter)
 .text.metal.init.enter
                0x0000000020010000       0x88 C:/Users/nandg/Desktop/FE310-G003/sifive_hifive1_revb_sifive_welcome/bsp/install/lib/debug/\libmetal.a(entry.o)
                0x0000000020010000                _enter
 *(.text.metal.init.*)
 .text.metal.init.__register_frame_info
                0x0000000020010088        0x2 C:/Users/nandg/Desktop/FE310-G003/sifive_hifive1_revb_sifive_welcome/bsp/install/lib/debug/\libmetal.a(entry.o)
                0x0000000020010088                __register_frame_info
 .text.metal.init.scrub
                0x000000002001008a       0xa8 C:/Users/nandg/Desktop/FE310-G003/sifive_hifive1_revb_sifive_welcome/bsp/install/lib/debug/\libmetal.a(scrub.o)
                0x000000002001008a                metal_mem_scrub
                0x00000000200100cc                __metal_before_start
 *fill*         0x0000000020010132        0x2 
 .text.metal.init.trapvec
                0x0000000020010134        0xe C:/Users/nandg/Desktop/FE310-G003/sifive_hifive1_revb_sifive_welcome/bsp/install/lib/debug/\libmetal.a(trap.o)
                0x0000000020010134                early_trap_vector
 *(SORT_NONE(.init))
 .init          0x0000000020010142        0xe C:/Users/nandg/Desktop/FE310-G003/sifive_hifive1_revb_sifive_welcome/bsp/install/lib/debug/\libmetal.a(synchronize_harts.o)
                0x0000000020010142                __metal_synchronize_harts
 *(.text.libgloss.start)
 .text.libgloss.start
                0x0000000020010150      0x18c C:/Users/nandg/Desktop/FE310-G003/sifive_hifive1_revb_sifive_welcome/bsp/install/lib/debug/\libmetal-gloss.a(crt0.o)
                0x0000000020010150                _start
                0x00000000200102ba                _fini
                0x00000000200102ba                _init
                0x00000000200102bc                secondary_main

.fini
 *(SORT_NONE(.fini))

.preinit_array  0x00000000200102e0        0x0
                0x00000000200102e0                PROVIDE (__preinit_array_start = .)
 *(.preinit_array)
                0x00000000200102e0                PROVIDE (__preinit_array_end = .)

.init_array     0x00000000200102e0        0xc
                0x00000000200102e0                PROVIDE (__init_array_start = .)
 *(SORT_BY_INIT_PRIORITY(.init_array.*) SORT_BY_INIT_PRIORITY(.ctors.*))
 *(.init_array EXCLUDE_FILE(*crtend?.o *crtend.o *crtbegin?.o *crtbegin.o) .ctors)
                0x00000000200102e0                PROVIDE (__init_array_end = .)
                0x00000000200102e0                PROVIDE (metal_constructors_start = .)
 *(SORT_BY_INIT_PRIORITY(.metal.init_array.*))
 .metal.init_array.5000
                0x00000000200102e0        0x8 C:/Users/nandg/Desktop/FE310-G003/sifive_hifive1_revb_sifive_welcome/bsp/install/lib/debug/\libmetal.a(sifive_fe310-g000_pll.o)
                0x00000000200102e0                _metal_sifive_fe310_g000_pll_init_ptr
                0x00000000200102e4                _use_hfxosc_ptr
 .metal.init_array.5000
                0x00000000200102e8        0x4 C:/Users/nandg/Desktop/FE310-G003/sifive_hifive1_revb_sifive_welcome/bsp/install/lib/debug/\libmetal.a(tty.o)
                0x00000000200102e8                _metal_tty_init_ptr
 *(.metal.init_array)
                0x00000000200102ec                PROVIDE (metal_constructors_end = .)

.fini_array     0x00000000200102f0        0x0
                0x00000000200102f0                PROVIDE (__fini_array_start = .)
 *(SORT_BY_INIT_PRIORITY(.fini_array.*) SORT_BY_INIT_PRIORITY(.dtors.*))
 *(.fini_array EXCLUDE_FILE(*crtend?.o *crtend.o *crtbegin?.o *crtbegin.o) .dtors)
                0x00000000200102f0                PROVIDE (__fini_array_end = .)
                0x00000000200102f0                PROVIDE (metal_destructors_start = .)
 *(SORT_BY_INIT_PRIORITY(.metal.fini_array.*))
 *(.metal.fini_array)
                0x00000000200102f0                PROVIDE (metal_destructors_end = .)

.ctors          0x00000000200102ec       0x7a
 *crtbegin.o(.ctors)
 *crtbegin?.o(.ctors)
 *(EXCLUDE_FILE(*crtend?.o *crtend.o) .ctors)
 *(SORT_BY_NAME(.ctors.*))
 *(.ctors)
 *(.metal.ctors .metal.ctors.*)
 .metal.ctors   0x00000000200102ec       0x56 C:/Users/nandg/Desktop/FE310-G003/sifive_hifive1_revb_sifive_welcome/bsp/install/lib/debug/\libmetal.a(sifive_fe310-g000_pll.o)
                0x00000000200102ec                metal_sifive_fe310_g000_pll_init
                0x0000000020010318                use_hfxosc
 .metal.ctors   0x0000000020010342       0x24 C:/Users/nandg/Desktop/FE310-G003/sifive_hifive1_revb_sifive_welcome/bsp/install/lib/debug/\libmetal.a(tty.o)
                0x0000000020010342                metal_tty_init

.dtors
 *crtbegin.o(.dtors)
 *crtbegin?.o(.dtors)
 *(EXCLUDE_FILE(*crtend?.o *crtend.o) .dtors)
 *(SORT_BY_NAME(.dtors.*))
 *(.dtors)
 *(.metal.dtors .metal.dtors.*)

.rodata         0x0000000020010368      0xd04
 *(.rdata)
 *(.rodata .rodata.*)
 .rodata        0x0000000020010368       0x2f C:\Users\nandg\AppData\Local\Temp\ccao3F3U.o
 *fill*         0x0000000020010397        0x1 
 .rodata.__sf_fake_stderr
                0x0000000020010398       0x20 c:/freedomstudio/sifive/riscv64-unknown-elf-toolchain-10.2.0-2020.12.8/bin/../lib/gcc/riscv64-unknown-elf/10.2.0/../../../../riscv64-unknown-elf/lib/rv32imac/ilp32\libc_nano.a(lib_a-findfp.o)
                0x0000000020010398                __sf_fake_stderr
 .rodata.__sf_fake_stdin
                0x00000000200103b8       0x20 c:/freedomstudio/sifive/riscv64-unknown-elf-toolchain-10.2.0-2020.12.8/bin/../lib/gcc/riscv64-unknown-elf/10.2.0/../../../../riscv64-unknown-elf/lib/rv32imac/ilp32\libc_nano.a(lib_a-findfp.o)
                0x00000000200103b8                __sf_fake_stdin
 .rodata.__sf_fake_stdout
                0x00000000200103d8       0x20 c:/freedomstudio/sifive/riscv64-unknown-elf-toolchain-10.2.0-2020.12.8/bin/../lib/gcc/riscv64-unknown-elf/10.2.0/../../../../riscv64-unknown-elf/lib/rv32imac/ilp32\libc_nano.a(lib_a-findfp.o)
                0x00000000200103d8                __sf_fake_stdout
 .rodata.__metal_driver_vtable_riscv_clint0
                0x00000000200103f8       0x64 C:/Users/nandg/Desktop/FE310-G003/sifive_hifive1_revb_sifive_welcome/bsp/install/lib/debug/\libmetal.a(riscv_clint0.o)
                0x00000000200103f8                __metal_driver_vtable_riscv_clint0
 .rodata.__metal_local_interrupt_enable
                0x000000002001045c       0x80 C:/Users/nandg/Desktop/FE310-G003/sifive_hifive1_revb_sifive_welcome/bsp/install/lib/debug/\libmetal.a(riscv_cpu.o)
 .rodata.__metal_driver_vtable_riscv_cpu_intc
                0x00000000200104dc       0x64 C:/Users/nandg/Desktop/FE310-G003/sifive_hifive1_revb_sifive_welcome/bsp/install/lib/debug/\libmetal.a(riscv_cpu.o)
                0x00000000200104dc                __metal_driver_vtable_riscv_cpu_intc
 .rodata.__metal_driver_vtable_cpu
                0x0000000020010540       0x44 C:/Users/nandg/Desktop/FE310-G003/sifive_hifive1_revb_sifive_welcome/bsp/install/lib/debug/\libmetal.a(riscv_cpu.o)
                0x0000000020010540                __metal_driver_vtable_cpu
 .rodata.__metal_driver_vtable_riscv_plic0
                0x0000000020010584       0x64 C:/Users/nandg/Desktop/FE310-G003/sifive_hifive1_revb_sifive_welcome/bsp/install/lib/debug/\libmetal.a(riscv_plic0.o)
                0x0000000020010584                __metal_driver_vtable_riscv_plic0
 .rodata.pll_configs
                0x00000000200105e8      0x880 C:/Users/nandg/Desktop/FE310-G003/sifive_hifive1_revb_sifive_welcome/bsp/install/lib/debug/\libmetal.a(sifive_fe310-g000_pll.o)
 .rodata.__metal_driver_vtable_sifive_fe310_g000_pll
                0x0000000020010e68        0xc C:/Users/nandg/Desktop/FE310-G003/sifive_hifive1_revb_sifive_welcome/bsp/install/lib/debug/\libmetal.a(sifive_fe310-g000_pll.o)
                0x0000000020010e68                __metal_driver_vtable_sifive_fe310_g000_pll
 .rodata.__metal_driver_sifive_gpio0_config_int
                0x0000000020010e74       0x20 C:/Users/nandg/Desktop/FE310-G003/sifive_hifive1_revb_sifive_welcome/bsp/install/lib/debug/\libmetal.a(sifive_gpio0.o)
 .rodata.__metal_driver_sifive_gpio0_clear_int
                0x0000000020010e94       0x20 C:/Users/nandg/Desktop/FE310-G003/sifive_hifive1_revb_sifive_welcome/bsp/install/lib/debug/\libmetal.a(sifive_gpio0.o)
 .rodata.__metal_driver_vtable_sifive_gpio0
                0x0000000020010eb4       0x3c C:/Users/nandg/Desktop/FE310-G003/sifive_hifive1_revb_sifive_welcome/bsp/install/lib/debug/\libmetal.a(sifive_gpio0.o)
                0x0000000020010eb4                __metal_driver_vtable_sifive_gpio0
 .rodata.__metal_driver_vtable_sifive_uart0
                0x0000000020010ef0       0x40 C:/Users/nandg/Desktop/FE310-G003/sifive_hifive1_revb_sifive_welcome/bsp/install/lib/debug/\libmetal.a(sifive_uart0.o)
                0x0000000020010ef0                __metal_driver_vtable_sifive_uart0
 .rodata.libgloss.start
                0x0000000020010f30       0x11 C:/Users/nandg/Desktop/FE310-G003/sifive_hifive1_revb_sifive_welcome/bsp/install/lib/debug/\libmetal-gloss.a(crt0.o)
 *fill*         0x0000000020010f41        0x3 
 .rodata        0x0000000020010f44      0x100 c:/freedomstudio/sifive/riscv64-unknown-elf-toolchain-10.2.0-2020.12.8/bin/../lib/gcc/riscv64-unknown-elf/10.2.0/rv32imac/ilp32\libgcc.a(_clz.o)
                0x0000000020010f44                __clz_tab
 *(.gnu.linkonce.r.*)
                0x0000000020011048                . = ALIGN (0x8)
 *fill*         0x0000000020011044        0x4 
 *(.srodata.cst16)
 *(.srodata.cst8)
 *(.srodata.cst4)
 *(.srodata.cst2)
 *(.srodata .srodata.*)
 .srodata._global_impure_ptr
                0x0000000020011048        0x4 c:/freedomstudio/sifive/riscv64-unknown-elf-toolchain-10.2.0-2020.12.8/bin/../lib/gcc/riscv64-unknown-elf/10.2.0/../../../../riscv64-unknown-elf/lib/rv32imac/ilp32\libc_nano.a(lib_a-impure.o)
                0x0000000020011048                _global_impure_ptr
 .srodata.__metal_driver_vtable_sifive_fe310_g000_hfrosc
                0x000000002001104c        0x8 C:/Users/nandg/Desktop/FE310-G003/sifive_hifive1_revb_sifive_welcome/bsp/install/lib/debug/\libmetal.a(sifive_fe310-g000_hfrosc.o)
                0x000000002001104c                __metal_driver_vtable_sifive_fe310_g000_hfrosc
 .srodata.__metal_driver_vtable_sifive_fe310_g000_hfxosc
                0x0000000020011054        0x8 C:/Users/nandg/Desktop/FE310-G003/sifive_hifive1_revb_sifive_welcome/bsp/install/lib/debug/\libmetal.a(sifive_fe310-g000_hfxosc.o)
                0x0000000020011054                __metal_driver_vtable_sifive_fe310_g000_hfxosc
 .srodata.__metal_driver_vtable_sifive_fe310_g000_prci
                0x000000002001105c        0x8 C:/Users/nandg/Desktop/FE310-G003/sifive_hifive1_revb_sifive_welcome/bsp/install/lib/debug/\libmetal.a(sifive_fe310-g000_prci.o)
                0x000000002001105c                __metal_driver_vtable_sifive_fe310_g000_prci
 .srodata.__metal_driver_vtable_fixed_clock
                0x0000000020011064        0x8 C:/Users/nandg/Desktop/FE310-G003/sifive_hifive1_revb_sifive_welcome/bsp/install/lib/debug/\libmetal.a(fixed-clock.o)
                0x0000000020011064                __metal_driver_vtable_fixed_clock

.itim           0x0000000008000000        0x0 load address 0x0000000020011070
 *(.itim .itim.*)
                0x0000000020011070                PROVIDE (metal_segment_itim_source_start = LOADADDR (.itim))
                0x0000000008000000                PROVIDE (metal_segment_itim_target_start = ADDR (.itim))
                0x0000000008000000                PROVIDE (metal_segment_itim_target_end = (ADDR (.itim) + SIZEOF (.itim)))

.lim            0x0000000080000000        0x0 load address 0x0000000020011070
 *(.lim .lim.*)
                0x0000000020011070                PROVIDE (metal_segment_lim_source_start = LOADADDR (.lim))
                0x0000000080000000                PROVIDE (metal_segment_lim_target_start = ADDR (.lim))
                0x0000000080000000                PROVIDE (metal_segment_lim_target_end = (ADDR (.lim) + SIZEOF (.lim)))

.text           0x0000000020011080     0x64d4
 *(.text.unlikely .text.unlikely.*)
 *(.text.startup .text.startup.*)
 *(.text .text.*)
 .text.delay_us
                0x0000000020011080       0x42 C:\Users\nandg\AppData\Local\Temp\ccao3F3U.o
                0x0000000020011080                delay_us
 .text.main     0x00000000200110c2       0xba C:\Users\nandg\AppData\Local\Temp\ccao3F3U.o
                0x00000000200110c2                main
 .text.clock    0x000000002001117c       0x2a c:/freedomstudio/sifive/riscv64-unknown-elf-toolchain-10.2.0-2020.12.8/bin/../lib/gcc/riscv64-unknown-elf/10.2.0/../../../../riscv64-unknown-elf/lib/rv32imac/ilp32\libc_nano.a(lib_a-clock.o)
                0x000000002001117c                clock
 .text._puts_r  0x00000000200111a6       0xda c:/freedomstudio/sifive/riscv64-unknown-elf-toolchain-10.2.0-2020.12.8/bin/../lib/gcc/riscv64-unknown-elf/10.2.0/../../../../riscv64-unknown-elf/lib/rv32imac/ilp32\libc_nano.a(lib_a-puts.o)
                0x00000000200111a6                _puts_r
 .text.puts     0x0000000020011280        0xc c:/freedomstudio/sifive/riscv64-unknown-elf-toolchain-10.2.0-2020.12.8/bin/../lib/gcc/riscv64-unknown-elf/10.2.0/../../../../riscv64-unknown-elf/lib/rv32imac/ilp32\libc_nano.a(lib_a-puts.o)
                0x0000000020011280                puts
 .text._times_r
                0x000000002001128c        0x6 c:/freedomstudio/sifive/riscv64-unknown-elf-toolchain-10.2.0-2020.12.8/bin/../lib/gcc/riscv64-unknown-elf/10.2.0/../../../../riscv64-unknown-elf/lib/rv32imac/ilp32\libc_nano.a(lib_a-timesr.o)
                0x000000002001128c                _times_r
 .text.__swbuf_r
                0x0000000020011292       0xc0 c:/freedomstudio/sifive/riscv64-unknown-elf-toolchain-10.2.0-2020.12.8/bin/../lib/gcc/riscv64-unknown-elf/10.2.0/../../../../riscv64-unknown-elf/lib/rv32imac/ilp32\libc_nano.a(lib_a-wbuf.o)
                0x0000000020011292                __swbuf_r
 .text.__swsetup_r
                0x0000000020011352      0x10a c:/freedomstudio/sifive/riscv64-unknown-elf-toolchain-10.2.0-2020.12.8/bin/../lib/gcc/riscv64-unknown-elf/10.2.0/../../../../riscv64-unknown-elf/lib/rv32imac/ilp32\libc_nano.a(lib_a-wsetup.o)
                0x0000000020011352                __swsetup_r
 .text.__sflush_r
                0x000000002001145c      0x146 c:/freedomstudio/sifive/riscv64-unknown-elf-toolchain-10.2.0-2020.12.8/bin/../lib/gcc/riscv64-unknown-elf/10.2.0/../../../../riscv64-unknown-elf/lib/rv32imac/ilp32\libc_nano.a(lib_a-fflush.o)
                0x000000002001145c                __sflush_r
 .text._fflush_r
                0x00000000200115a2       0x64 c:/freedomstudio/sifive/riscv64-unknown-elf-toolchain-10.2.0-2020.12.8/bin/../lib/gcc/riscv64-unknown-elf/10.2.0/../../../../riscv64-unknown-elf/lib/rv32imac/ilp32\libc_nano.a(lib_a-fflush.o)
                0x00000000200115a2                _fflush_r
 .text.std      0x0000000020011606       0x68 c:/freedomstudio/sifive/riscv64-unknown-elf-toolchain-10.2.0-2020.12.8/bin/../lib/gcc/riscv64-unknown-elf/10.2.0/../../../../riscv64-unknown-elf/lib/rv32imac/ilp32\libc_nano.a(lib_a-findfp.o)
 .text._cleanup_r
                0x000000002001166e        0xa c:/freedomstudio/sifive/riscv64-unknown-elf-toolchain-10.2.0-2020.12.8/bin/../lib/gcc/riscv64-unknown-elf/10.2.0/../../../../riscv64-unknown-elf/lib/rv32imac/ilp32\libc_nano.a(lib_a-findfp.o)
                0x000000002001166e                _cleanup_r
 .text.__sfmoreglue
                0x0000000020011678       0x44 c:/freedomstudio/sifive/riscv64-unknown-elf-toolchain-10.2.0-2020.12.8/bin/../lib/gcc/riscv64-unknown-elf/10.2.0/../../../../riscv64-unknown-elf/lib/rv32imac/ilp32\libc_nano.a(lib_a-findfp.o)
                0x0000000020011678                __sfmoreglue
 .text.__sinit  0x00000000200116bc       0x6a c:/freedomstudio/sifive/riscv64-unknown-elf-toolchain-10.2.0-2020.12.8/bin/../lib/gcc/riscv64-unknown-elf/10.2.0/../../../../riscv64-unknown-elf/lib/rv32imac/ilp32\libc_nano.a(lib_a-findfp.o)
                0x00000000200116bc                __sinit
 .text.__sfp    0x0000000020011726       0x9c c:/freedomstudio/sifive/riscv64-unknown-elf-toolchain-10.2.0-2020.12.8/bin/../lib/gcc/riscv64-unknown-elf/10.2.0/../../../../riscv64-unknown-elf/lib/rv32imac/ilp32\libc_nano.a(lib_a-findfp.o)
                0x0000000020011726                __sfp
 .text._fwalk_reent
                0x00000000200117c2       0x6a c:/freedomstudio/sifive/riscv64-unknown-elf-toolchain-10.2.0-2020.12.8/bin/../lib/gcc/riscv64-unknown-elf/10.2.0/../../../../riscv64-unknown-elf/lib/rv32imac/ilp32\libc_nano.a(lib_a-fwalk.o)
                0x00000000200117c2                _fwalk_reent
 .text.__swhatbuf_r
                0x000000002001182c       0x5a c:/freedomstudio/sifive/riscv64-unknown-elf-toolchain-10.2.0-2020.12.8/bin/../lib/gcc/riscv64-unknown-elf/10.2.0/../../../../riscv64-unknown-elf/lib/rv32imac/ilp32\libc_nano.a(lib_a-makebuf.o)
                0x000000002001182c                __swhatbuf_r
 .text.__smakebuf_r
                0x0000000020011886       0x9c c:/freedomstudio/sifive/riscv64-unknown-elf-toolchain-10.2.0-2020.12.8/bin/../lib/gcc/riscv64-unknown-elf/10.2.0/../../../../riscv64-unknown-elf/lib/rv32imac/ilp32\libc_nano.a(lib_a-makebuf.o)
                0x0000000020011886                __smakebuf_r
 .text          0x0000000020011922       0xa8 c:/freedomstudio/sifive/riscv64-unknown-elf-toolchain-10.2.0-2020.12.8/bin/../lib/gcc/riscv64-unknown-elf/10.2.0/../../../../riscv64-unknown-elf/lib/rv32imac/ilp32\libc_nano.a(lib_a-memset.o)
                0x0000000020011922                memset
 .text._free_r  0x00000000200119ca       0xa2 c:/freedomstudio/sifive/riscv64-unknown-elf-toolchain-10.2.0-2020.12.8/bin/../lib/gcc/riscv64-unknown-elf/10.2.0/../../../../riscv64-unknown-elf/lib/rv32imac/ilp32\libc_nano.a(lib_a-nano-freer.o)
                0x00000000200119ca                _free_r
 .text._malloc_r
                0x0000000020011a6c       0xd8 c:/freedomstudio/sifive/riscv64-unknown-elf-toolchain-10.2.0-2020.12.8/bin/../lib/gcc/riscv64-unknown-elf/10.2.0/../../../../riscv64-unknown-elf/lib/rv32imac/ilp32\libc_nano.a(lib_a-nano-mallocr.o)
                0x0000000020011a6c                _malloc_r
 .text._sbrk_r  0x0000000020011b44       0x30 c:/freedomstudio/sifive/riscv64-unknown-elf-toolchain-10.2.0-2020.12.8/bin/../lib/gcc/riscv64-unknown-elf/10.2.0/../../../../riscv64-unknown-elf/lib/rv32imac/ilp32\libc_nano.a(lib_a-sbrkr.o)
                0x0000000020011b44                _sbrk_r
 .text.__sread  0x0000000020011b74       0x30 c:/freedomstudio/sifive/riscv64-unknown-elf-toolchain-10.2.0-2020.12.8/bin/../lib/gcc/riscv64-unknown-elf/10.2.0/../../../../riscv64-unknown-elf/lib/rv32imac/ilp32\libc_nano.a(lib_a-stdio.o)
                0x0000000020011b74                __sread
 .text.__swrite
                0x0000000020011ba4       0x4e c:/freedomstudio/sifive/riscv64-unknown-elf-toolchain-10.2.0-2020.12.8/bin/../lib/gcc/riscv64-unknown-elf/10.2.0/../../../../riscv64-unknown-elf/lib/rv32imac/ilp32\libc_nano.a(lib_a-stdio.o)
                0x0000000020011ba4                __swrite
 .text.__sseek  0x0000000020011bf2       0x36 c:/freedomstudio/sifive/riscv64-unknown-elf-toolchain-10.2.0-2020.12.8/bin/../lib/gcc/riscv64-unknown-elf/10.2.0/../../../../riscv64-unknown-elf/lib/rv32imac/ilp32\libc_nano.a(lib_a-stdio.o)
                0x0000000020011bf2                __sseek
 .text.__sclose
                0x0000000020011c28        0x6 c:/freedomstudio/sifive/riscv64-unknown-elf-toolchain-10.2.0-2020.12.8/bin/../lib/gcc/riscv64-unknown-elf/10.2.0/../../../../riscv64-unknown-elf/lib/rv32imac/ilp32\libc_nano.a(lib_a-stdio.o)
                0x0000000020011c28                __sclose
 .text._write_r
                0x0000000020011c2e       0x34 c:/freedomstudio/sifive/riscv64-unknown-elf-toolchain-10.2.0-2020.12.8/bin/../lib/gcc/riscv64-unknown-elf/10.2.0/../../../../riscv64-unknown-elf/lib/rv32imac/ilp32\libc_nano.a(lib_a-writer.o)
                0x0000000020011c2e                _write_r
 .text._close_r
                0x0000000020011c62       0x30 c:/freedomstudio/sifive/riscv64-unknown-elf-toolchain-10.2.0-2020.12.8/bin/../lib/gcc/riscv64-unknown-elf/10.2.0/../../../../riscv64-unknown-elf/lib/rv32imac/ilp32\libc_nano.a(lib_a-closer.o)
                0x0000000020011c62                _close_r
 .text._fstat_r
                0x0000000020011c92       0x32 c:/freedomstudio/sifive/riscv64-unknown-elf-toolchain-10.2.0-2020.12.8/bin/../lib/gcc/riscv64-unknown-elf/10.2.0/../../../../riscv64-unknown-elf/lib/rv32imac/ilp32\libc_nano.a(lib_a-fstatr.o)
                0x0000000020011c92                _fstat_r
 .text._isatty_r
                0x0000000020011cc4       0x30 c:/freedomstudio/sifive/riscv64-unknown-elf-toolchain-10.2.0-2020.12.8/bin/../lib/gcc/riscv64-unknown-elf/10.2.0/../../../../riscv64-unknown-elf/lib/rv32imac/ilp32\libc_nano.a(lib_a-isattyr.o)
                0x0000000020011cc4                _isatty_r
 .text._lseek_r
                0x0000000020011cf4       0x34 c:/freedomstudio/sifive/riscv64-unknown-elf-toolchain-10.2.0-2020.12.8/bin/../lib/gcc/riscv64-unknown-elf/10.2.0/../../../../riscv64-unknown-elf/lib/rv32imac/ilp32\libc_nano.a(lib_a-lseekr.o)
                0x0000000020011cf4                _lseek_r
 .text.__malloc_lock
                0x0000000020011d28        0x2 c:/freedomstudio/sifive/riscv64-unknown-elf-toolchain-10.2.0-2020.12.8/bin/../lib/gcc/riscv64-unknown-elf/10.2.0/../../../../riscv64-unknown-elf/lib/rv32imac/ilp32\libc_nano.a(lib_a-mlock.o)
                0x0000000020011d28                __malloc_lock
 .text.__malloc_unlock
                0x0000000020011d2a        0x2 c:/freedomstudio/sifive/riscv64-unknown-elf-toolchain-10.2.0-2020.12.8/bin/../lib/gcc/riscv64-unknown-elf/10.2.0/../../../../riscv64-unknown-elf/lib/rv32imac/ilp32\libc_nano.a(lib_a-mlock.o)
                0x0000000020011d2a                __malloc_unlock
 .text._read_r  0x0000000020011d2c       0x34 c:/freedomstudio/sifive/riscv64-unknown-elf-toolchain-10.2.0-2020.12.8/bin/../lib/gcc/riscv64-unknown-elf/10.2.0/../../../../riscv64-unknown-elf/lib/rv32imac/ilp32\libc_nano.a(lib_a-readr.o)
                0x0000000020011d2c                _read_r
 .text.metal_gpio_enable_output
                0x0000000020011d60       0x40 C:/Users/nandg/Desktop/FE310-G003/sifive_hifive1_revb_sifive_welcome/bsp/install/lib/debug/\libmetal.a(gpio.o)
                0x0000000020011d60                metal_gpio_enable_output
 .text.metal_gpio_set_pin
                0x0000000020011da0       0x68 C:/Users/nandg/Desktop/FE310-G003/sifive_hifive1_revb_sifive_welcome/bsp/install/lib/debug/\libmetal.a(gpio.o)
                0x0000000020011da0                metal_gpio_set_pin
 .text.metal_gpio_disable_pinmux
                0x0000000020011e08       0x40 C:/Users/nandg/Desktop/FE310-G003/sifive_hifive1_revb_sifive_welcome/bsp/install/lib/debug/\libmetal.a(gpio.o)
                0x0000000020011e08                metal_gpio_disable_pinmux
 .text.metal_gpio_get_device
                0x0000000020011e48       0x32 C:/Users/nandg/Desktop/FE310-G003/sifive_hifive1_revb_sifive_welcome/bsp/install/lib/debug/\libmetal.a(gpio.o)
                0x0000000020011e48                metal_gpio_get_device
 .text.__metal_driver_sifive_clint0_control_base
                0x0000000020011e7a       0x2a C:/Users/nandg/Desktop/FE310-G003/sifive_hifive1_revb_sifive_welcome/bsp/install/lib/debug/\libmetal.a(riscv_clint0.o)
 .text.__metal_driver_sifive_clint0_num_interrupts
                0x0000000020011ea4       0x28 C:/Users/nandg/Desktop/FE310-G003/sifive_hifive1_revb_sifive_welcome/bsp/install/lib/debug/\libmetal.a(riscv_clint0.o)
 .text.__metal_driver_sifive_clint0_interrupt_parents
                0x0000000020011ecc       0x3c C:/Users/nandg/Desktop/FE310-G003/sifive_hifive1_revb_sifive_welcome/bsp/install/lib/debug/\libmetal.a(riscv_clint0.o)
 .text.__metal_driver_sifive_clint0_interrupt_lines
                0x0000000020011f08       0x30 C:/Users/nandg/Desktop/FE310-G003/sifive_hifive1_revb_sifive_welcome/bsp/install/lib/debug/\libmetal.a(riscv_clint0.o)
 .text.__metal_clint0_mtime_get
                0x0000000020011f38       0x9a C:/Users/nandg/Desktop/FE310-G003/sifive_hifive1_revb_sifive_welcome/bsp/install/lib/debug/\libmetal.a(riscv_clint0.o)
                0x0000000020011f38                __metal_clint0_mtime_get
 .text.__metal_driver_riscv_clint0_mtimecmp_set
                0x0000000020011fd2       0x96 C:/Users/nandg/Desktop/FE310-G003/sifive_hifive1_revb_sifive_welcome/bsp/install/lib/debug/\libmetal.a(riscv_clint0.o)
                0x0000000020011fd2                __metal_driver_riscv_clint0_mtimecmp_set
 .text._get_cpu_intc
                0x0000000020012068       0x36 C:/Users/nandg/Desktop/FE310-G003/sifive_hifive1_revb_sifive_welcome/bsp/install/lib/debug/\libmetal.a(riscv_clint0.o)
 .text.__metal_driver_riscv_clint0_init
                0x000000002001209e       0x88 C:/Users/nandg/Desktop/FE310-G003/sifive_hifive1_revb_sifive_welcome/bsp/install/lib/debug/\libmetal.a(riscv_clint0.o)
                0x000000002001209e                __metal_driver_riscv_clint0_init
 .text.__metal_driver_riscv_clint0_register
                0x0000000020012126       0xda C:/Users/nandg/Desktop/FE310-G003/sifive_hifive1_revb_sifive_welcome/bsp/install/lib/debug/\libmetal.a(riscv_clint0.o)
                0x0000000020012126                __metal_driver_riscv_clint0_register
 .text.__metal_driver_riscv_clint0_vector_register
                0x0000000020012200       0x28 C:/Users/nandg/Desktop/FE310-G003/sifive_hifive1_revb_sifive_welcome/bsp/install/lib/debug/\libmetal.a(riscv_clint0.o)
                0x0000000020012200                __metal_driver_riscv_clint0_vector_register
 .text.__metal_driver_riscv_clint0_get_vector_mode
                0x0000000020012228       0x1c C:/Users/nandg/Desktop/FE310-G003/sifive_hifive1_revb_sifive_welcome/bsp/install/lib/debug/\libmetal.a(riscv_clint0.o)
                0x0000000020012228                __metal_driver_riscv_clint0_get_vector_mode
 .text.__metal_driver_riscv_clint0_set_vector_mode
                0x0000000020012244       0x58 C:/Users/nandg/Desktop/FE310-G003/sifive_hifive1_revb_sifive_welcome/bsp/install/lib/debug/\libmetal.a(riscv_clint0.o)
                0x0000000020012244                __metal_driver_riscv_clint0_set_vector_mode
 .text.__metal_driver_riscv_clint0_enable
                0x000000002001229c       0xb2 C:/Users/nandg/Desktop/FE310-G003/sifive_hifive1_revb_sifive_welcome/bsp/install/lib/debug/\libmetal.a(riscv_clint0.o)
                0x000000002001229c                __metal_driver_riscv_clint0_enable
 .text.__metal_driver_riscv_clint0_disable
                0x000000002001234e       0xb2 C:/Users/nandg/Desktop/FE310-G003/sifive_hifive1_revb_sifive_welcome/bsp/install/lib/debug/\libmetal.a(riscv_clint0.o)
                0x000000002001234e                __metal_driver_riscv_clint0_disable
 .text.__metal_driver_riscv_clint0_command_request
                0x0000000020012400      0x13e C:/Users/nandg/Desktop/FE310-G003/sifive_hifive1_revb_sifive_welcome/bsp/install/lib/debug/\libmetal.a(riscv_clint0.o)
                0x0000000020012400                __metal_driver_riscv_clint0_command_request
 .text.__metal_driver_riscv_clint0_clear_interrupt
                0x000000002001253e       0x34 C:/Users/nandg/Desktop/FE310-G003/sifive_hifive1_revb_sifive_welcome/bsp/install/lib/debug/\libmetal.a(riscv_clint0.o)
                0x000000002001253e                __metal_driver_riscv_clint0_clear_interrupt
 .text.__metal_driver_riscv_clint0_set_interrupt
                0x0000000020012572       0x34 C:/Users/nandg/Desktop/FE310-G003/sifive_hifive1_revb_sifive_welcome/bsp/install/lib/debug/\libmetal.a(riscv_clint0.o)
                0x0000000020012572                __metal_driver_riscv_clint0_set_interrupt
 .text.__metal_driver_cpu_hartid
                0x00000000200125a6       0x24 C:/Users/nandg/Desktop/FE310-G003/sifive_hifive1_revb_sifive_welcome/bsp/install/lib/debug/\libmetal.a(riscv_cpu.o)
 .text.__metal_driver_cpu_timebase
                0x00000000200125ca       0x2a C:/Users/nandg/Desktop/FE310-G003/sifive_hifive1_revb_sifive_welcome/bsp/install/lib/debug/\libmetal.a(riscv_cpu.o)
 .text.__metal_driver_cpu_interrupt_controller
                0x00000000200125f4       0x2a C:/Users/nandg/Desktop/FE310-G003/sifive_hifive1_revb_sifive_welcome/bsp/install/lib/debug/\libmetal.a(riscv_cpu.o)
 .text.__metal_driver_cpu_buserror
                0x000000002001261e       0x24 C:/Users/nandg/Desktop/FE310-G003/sifive_hifive1_revb_sifive_welcome/bsp/install/lib/debug/\libmetal.a(riscv_cpu.o)
 .text.__metal_driver_cpu_get
                0x0000000020012642       0x30 C:/Users/nandg/Desktop/FE310-G003/sifive_hifive1_revb_sifive_welcome/bsp/install/lib/debug/\libmetal.a(riscv_cpu.o)
                0x0000000020012642                __metal_driver_cpu_get
 .text.__metal_myhart_id
                0x0000000020012672       0x1a C:/Users/nandg/Desktop/FE310-G003/sifive_hifive1_revb_sifive_welcome/bsp/install/lib/debug/\libmetal.a(riscv_cpu.o)
                0x0000000020012672                __metal_myhart_id
 .text.__metal_interrupt_global_enable
                0x000000002001268c       0x18 C:/Users/nandg/Desktop/FE310-G003/sifive_hifive1_revb_sifive_welcome/bsp/install/lib/debug/\libmetal.a(riscv_cpu.o)
                0x000000002001268c                __metal_interrupt_global_enable
 .text.__metal_interrupt_global_disable
                0x00000000200126a4       0x18 C:/Users/nandg/Desktop/FE310-G003/sifive_hifive1_revb_sifive_welcome/bsp/install/lib/debug/\libmetal.a(riscv_cpu.o)
                0x00000000200126a4                __metal_interrupt_global_disable
 .text.__metal_interrupt_software_enable
                0x00000000200126bc       0x18 C:/Users/nandg/Desktop/FE310-G003/sifive_hifive1_revb_sifive_welcome/bsp/install/lib/debug/\libmetal.a(riscv_cpu.o)
                0x00000000200126bc                __metal_interrupt_software_enable
 .text.__metal_interrupt_software_disable
                0x00000000200126d4       0x18 C:/Users/nandg/Desktop/FE310-G003/sifive_hifive1_revb_sifive_welcome/bsp/install/lib/debug/\libmetal.a(riscv_cpu.o)
                0x00000000200126d4                __metal_interrupt_software_disable
 .text.__metal_interrupt_timer_enable
                0x00000000200126ec       0x1a C:/Users/nandg/Desktop/FE310-G003/sifive_hifive1_revb_sifive_welcome/bsp/install/lib/debug/\libmetal.a(riscv_cpu.o)
                0x00000000200126ec                __metal_interrupt_timer_enable
 .text.__metal_interrupt_timer_disable
                0x0000000020012706       0x1a C:/Users/nandg/Desktop/FE310-G003/sifive_hifive1_revb_sifive_welcome/bsp/install/lib/debug/\libmetal.a(riscv_cpu.o)
                0x0000000020012706                __metal_interrupt_timer_disable
 .text.__metal_interrupt_external_enable
                0x0000000020012720       0x1c C:/Users/nandg/Desktop/FE310-G003/sifive_hifive1_revb_sifive_welcome/bsp/install/lib/debug/\libmetal.a(riscv_cpu.o)
                0x0000000020012720                __metal_interrupt_external_enable
 .text.__metal_interrupt_external_disable
                0x000000002001273c       0x1c C:/Users/nandg/Desktop/FE310-G003/sifive_hifive1_revb_sifive_welcome/bsp/install/lib/debug/\libmetal.a(riscv_cpu.o)
                0x000000002001273c                __metal_interrupt_external_disable
 .text.__metal_interrupt_local_enable
                0x0000000020012758       0x2c C:/Users/nandg/Desktop/FE310-G003/sifive_hifive1_revb_sifive_welcome/bsp/install/lib/debug/\libmetal.a(riscv_cpu.o)
                0x0000000020012758                __metal_interrupt_local_enable
 .text.__metal_interrupt_local_disable
                0x0000000020012784       0x2c C:/Users/nandg/Desktop/FE310-G003/sifive_hifive1_revb_sifive_welcome/bsp/install/lib/debug/\libmetal.a(riscv_cpu.o)
                0x0000000020012784                __metal_interrupt_local_disable
 .text.__metal_default_exception_handler
                0x00000000200127b0       0x18 C:/Users/nandg/Desktop/FE310-G003/sifive_hifive1_revb_sifive_welcome/bsp/install/lib/debug/\libmetal.a(riscv_cpu.o)
                0x00000000200127b0                __metal_default_exception_handler
 .text.__metal_default_interrupt_handler
                0x00000000200127c8       0x18 C:/Users/nandg/Desktop/FE310-G003/sifive_hifive1_revb_sifive_welcome/bsp/install/lib/debug/\libmetal.a(riscv_cpu.o)
                0x00000000200127c8                __metal_default_interrupt_handler
 .text.metal_interrupt_vector_handler
                0x00000000200127e0       0x2e C:/Users/nandg/Desktop/FE310-G003/sifive_hifive1_revb_sifive_welcome/bsp/install/lib/debug/\libmetal.a(riscv_cpu.o)
                0x00000000200127e0                metal_interrupt_vector_handler
 .text.metal_software_interrupt_vector_handler
                0x000000002001280e       0x92 C:/Users/nandg/Desktop/FE310-G003/sifive_hifive1_revb_sifive_welcome/bsp/install/lib/debug/\libmetal.a(riscv_cpu.o)
                0x000000002001280e                metal_software_interrupt_vector_handler
 .text.__metal_default_sw_handler
                0x00000000200128a0       0x68 C:/Users/nandg/Desktop/FE310-G003/sifive_hifive1_revb_sifive_welcome/bsp/install/lib/debug/\libmetal.a(riscv_cpu.o)
                0x00000000200128a0                __metal_default_sw_handler
 .text.metal_timer_interrupt_vector_handler
                0x0000000020012908       0x92 C:/Users/nandg/Desktop/FE310-G003/sifive_hifive1_revb_sifive_welcome/bsp/install/lib/debug/\libmetal.a(riscv_cpu.o)
                0x0000000020012908                metal_timer_interrupt_vector_handler
 .text.__metal_default_beu_handler
                0x000000002001299a       0x16 C:/Users/nandg/Desktop/FE310-G003/sifive_hifive1_revb_sifive_welcome/bsp/install/lib/debug/\libmetal.a(riscv_cpu.o)
                0x000000002001299a                __metal_default_beu_handler
 .text.__metal_default_timer_handler
                0x00000000200129b0       0x66 C:/Users/nandg/Desktop/FE310-G003/sifive_hifive1_revb_sifive_welcome/bsp/install/lib/debug/\libmetal.a(riscv_cpu.o)
                0x00000000200129b0                __metal_default_timer_handler
 *fill*         0x0000000020012a16       0x6a 
 .text.__metal_exception_handler
                0x0000000020012a80      0x1f8 C:/Users/nandg/Desktop/FE310-G003/sifive_hifive1_revb_sifive_welcome/bsp/install/lib/debug/\libmetal.a(riscv_cpu.o)
                0x0000000020012a80                __metal_exception_handler
 .text.metal_lc0_interrupt_vector_handler
                0x0000000020012c78       0x96 C:/Users/nandg/Desktop/FE310-G003/sifive_hifive1_revb_sifive_welcome/bsp/install/lib/debug/\libmetal.a(riscv_cpu.o)
                0x0000000020012c78                metal_lc0_interrupt_vector_handler
 .text.metal_lc1_interrupt_vector_handler
                0x0000000020012d0e       0x96 C:/Users/nandg/Desktop/FE310-G003/sifive_hifive1_revb_sifive_welcome/bsp/install/lib/debug/\libmetal.a(riscv_cpu.o)
                0x0000000020012d0e                metal_lc1_interrupt_vector_handler
 .text.metal_lc2_interrupt_vector_handler
                0x0000000020012da4       0x96 C:/Users/nandg/Desktop/FE310-G003/sifive_hifive1_revb_sifive_welcome/bsp/install/lib/debug/\libmetal.a(riscv_cpu.o)
                0x0000000020012da4                metal_lc2_interrupt_vector_handler
 .text.metal_lc3_interrupt_vector_handler
                0x0000000020012e3a       0x96 C:/Users/nandg/Desktop/FE310-G003/sifive_hifive1_revb_sifive_welcome/bsp/install/lib/debug/\libmetal.a(riscv_cpu.o)
                0x0000000020012e3a                metal_lc3_interrupt_vector_handler
 .text.metal_lc4_interrupt_vector_handler
                0x0000000020012ed0       0x96 C:/Users/nandg/Desktop/FE310-G003/sifive_hifive1_revb_sifive_welcome/bsp/install/lib/debug/\libmetal.a(riscv_cpu.o)
                0x0000000020012ed0                metal_lc4_interrupt_vector_handler
 .text.metal_lc5_interrupt_vector_handler
                0x0000000020012f66       0x96 C:/Users/nandg/Desktop/FE310-G003/sifive_hifive1_revb_sifive_welcome/bsp/install/lib/debug/\libmetal.a(riscv_cpu.o)
                0x0000000020012f66                metal_lc5_interrupt_vector_handler
 .text.metal_lc6_interrupt_vector_handler
                0x0000000020012ffc       0x96 C:/Users/nandg/Desktop/FE310-G003/sifive_hifive1_revb_sifive_welcome/bsp/install/lib/debug/\libmetal.a(riscv_cpu.o)
                0x0000000020012ffc                metal_lc6_interrupt_vector_handler
 .text.metal_lc7_interrupt_vector_handler
                0x0000000020013092       0x96 C:/Users/nandg/Desktop/FE310-G003/sifive_hifive1_revb_sifive_welcome/bsp/install/lib/debug/\libmetal.a(riscv_cpu.o)
                0x0000000020013092                metal_lc7_interrupt_vector_handler
 .text.metal_lc8_interrupt_vector_handler
                0x0000000020013128       0x96 C:/Users/nandg/Desktop/FE310-G003/sifive_hifive1_revb_sifive_welcome/bsp/install/lib/debug/\libmetal.a(riscv_cpu.o)
                0x0000000020013128                metal_lc8_interrupt_vector_handler
 .text.metal_lc9_interrupt_vector_handler
                0x00000000200131be       0x96 C:/Users/nandg/Desktop/FE310-G003/sifive_hifive1_revb_sifive_welcome/bsp/install/lib/debug/\libmetal.a(riscv_cpu.o)
                0x00000000200131be                metal_lc9_interrupt_vector_handler
 .text.metal_lc10_interrupt_vector_handler
                0x0000000020013254       0x96 C:/Users/nandg/Desktop/FE310-G003/sifive_hifive1_revb_sifive_welcome/bsp/install/lib/debug/\libmetal.a(riscv_cpu.o)
                0x0000000020013254                metal_lc10_interrupt_vector_handler
 .text.metal_lc11_interrupt_vector_handler
                0x00000000200132ea       0x96 C:/Users/nandg/Desktop/FE310-G003/sifive_hifive1_revb_sifive_welcome/bsp/install/lib/debug/\libmetal.a(riscv_cpu.o)
                0x00000000200132ea                metal_lc11_interrupt_vector_handler
 .text.metal_lc12_interrupt_vector_handler
                0x0000000020013380       0x96 C:/Users/nandg/Desktop/FE310-G003/sifive_hifive1_revb_sifive_welcome/bsp/install/lib/debug/\libmetal.a(riscv_cpu.o)
                0x0000000020013380                metal_lc12_interrupt_vector_handler
 .text.metal_lc13_interrupt_vector_handler
                0x0000000020013416       0x96 C:/Users/nandg/Desktop/FE310-G003/sifive_hifive1_revb_sifive_welcome/bsp/install/lib/debug/\libmetal.a(riscv_cpu.o)
                0x0000000020013416                metal_lc13_interrupt_vector_handler
 .text.metal_lc14_interrupt_vector_handler
                0x00000000200134ac       0x96 C:/Users/nandg/Desktop/FE310-G003/sifive_hifive1_revb_sifive_welcome/bsp/install/lib/debug/\libmetal.a(riscv_cpu.o)
                0x00000000200134ac                metal_lc14_interrupt_vector_handler
 .text.metal_lc15_interrupt_vector_handler
                0x0000000020013542       0x96 C:/Users/nandg/Desktop/FE310-G003/sifive_hifive1_revb_sifive_welcome/bsp/install/lib/debug/\libmetal.a(riscv_cpu.o)
                0x0000000020013542                metal_lc15_interrupt_vector_handler
 .text.__metal_controller_interrupt_vector_mode
                0x00000000200135d8       0x58 C:/Users/nandg/Desktop/FE310-G003/sifive_hifive1_revb_sifive_welcome/bsp/install/lib/debug/\libmetal.a(riscv_cpu.o)
                0x00000000200135d8                __metal_controller_interrupt_vector_mode
 .text.__metal_controller_interrupt_vector
                0x0000000020013630       0xb2 C:/Users/nandg/Desktop/FE310-G003/sifive_hifive1_revb_sifive_welcome/bsp/install/lib/debug/\libmetal.a(riscv_cpu.o)
                0x0000000020013630                __metal_controller_interrupt_vector
 .text.__metal_valid_interrupt_id
                0x00000000200136e2       0x58 C:/Users/nandg/Desktop/FE310-G003/sifive_hifive1_revb_sifive_welcome/bsp/install/lib/debug/\libmetal.a(riscv_cpu.o)
                0x00000000200136e2                __metal_valid_interrupt_id
 .text.__metal_local_interrupt_enable
                0x000000002001373a       0xbc C:/Users/nandg/Desktop/FE310-G003/sifive_hifive1_revb_sifive_welcome/bsp/install/lib/debug/\libmetal.a(riscv_cpu.o)
                0x000000002001373a                __metal_local_interrupt_enable
 .text.__metal_exception_register
                0x00000000200137f6       0x4e C:/Users/nandg/Desktop/FE310-G003/sifive_hifive1_revb_sifive_welcome/bsp/install/lib/debug/\libmetal.a(riscv_cpu.o)
                0x00000000200137f6                __metal_exception_register
 .text.__metal_driver_riscv_cpu_controller_interrupt_init
                0x0000000020013844       0xe2 C:/Users/nandg/Desktop/FE310-G003/sifive_hifive1_revb_sifive_welcome/bsp/install/lib/debug/\libmetal.a(riscv_cpu.o)
                0x0000000020013844                __metal_driver_riscv_cpu_controller_interrupt_init
 .text.__metal_driver_riscv_cpu_controller_interrupt_register
                0x0000000020013926      0x1e0 C:/Users/nandg/Desktop/FE310-G003/sifive_hifive1_revb_sifive_welcome/bsp/install/lib/debug/\libmetal.a(riscv_cpu.o)
                0x0000000020013926                __metal_driver_riscv_cpu_controller_interrupt_register
 .text.__metal_driver_riscv_cpu_controller_interrupt_enable
                0x0000000020013b06       0x2a C:/Users/nandg/Desktop/FE310-G003/sifive_hifive1_revb_sifive_welcome/bsp/install/lib/debug/\libmetal.a(riscv_cpu.o)
                0x0000000020013b06                __metal_driver_riscv_cpu_controller_interrupt_enable
 .text.__metal_driver_riscv_cpu_controller_interrupt_disable
                0x0000000020013b30       0x2a C:/Users/nandg/Desktop/FE310-G003/sifive_hifive1_revb_sifive_welcome/bsp/install/lib/debug/\libmetal.a(riscv_cpu.o)
                0x0000000020013b30                __metal_driver_riscv_cpu_controller_interrupt_disable
 .text.__metal_driver_riscv_cpu_controller_get_vector_mode
                0x0000000020013b5a       0x1c C:/Users/nandg/Desktop/FE310-G003/sifive_hifive1_revb_sifive_welcome/bsp/install/lib/debug/\libmetal.a(riscv_cpu.o)
                0x0000000020013b5a                __metal_driver_riscv_cpu_controller_get_vector_mode
 .text.__metal_driver_riscv_cpu_controller_set_vector_mode
                0x0000000020013b76       0x54 C:/Users/nandg/Desktop/FE310-G003/sifive_hifive1_revb_sifive_welcome/bsp/install/lib/debug/\libmetal.a(riscv_cpu.o)
                0x0000000020013b76                __metal_driver_riscv_cpu_controller_set_vector_mode
 .text.__metal_driver_riscv_cpu_controller_command_request
                0x0000000020013bca       0x1c C:/Users/nandg/Desktop/FE310-G003/sifive_hifive1_revb_sifive_welcome/bsp/install/lib/debug/\libmetal.a(riscv_cpu.o)
                0x0000000020013bca                __metal_driver_riscv_cpu_controller_command_request
 .text.__metal_driver_cpu_mcycle_get
                0x0000000020013be6       0x70 C:/Users/nandg/Desktop/FE310-G003/sifive_hifive1_revb_sifive_welcome/bsp/install/lib/debug/\libmetal.a(riscv_cpu.o)
                0x0000000020013be6                __metal_driver_cpu_mcycle_get
 .text.__metal_driver_cpu_timebase_get
                0x0000000020013c56       0x46 C:/Users/nandg/Desktop/FE310-G003/sifive_hifive1_revb_sifive_welcome/bsp/install/lib/debug/\libmetal.a(riscv_cpu.o)
                0x0000000020013c56                __metal_driver_cpu_timebase_get
 .text.__metal_driver_cpu_mtime_get
                0x0000000020013c9c       0x66 C:/Users/nandg/Desktop/FE310-G003/sifive_hifive1_revb_sifive_welcome/bsp/install/lib/debug/\libmetal.a(riscv_cpu.o)
                0x0000000020013c9c                __metal_driver_cpu_mtime_get
 .text.__metal_driver_cpu_mtimecmp_set
                0x0000000020013d02       0x76 C:/Users/nandg/Desktop/FE310-G003/sifive_hifive1_revb_sifive_welcome/bsp/install/lib/debug/\libmetal.a(riscv_cpu.o)
                0x0000000020013d02                __metal_driver_cpu_mtimecmp_set
 .text.__metal_driver_cpu_timer_controller_interrupt
                0x0000000020013d78       0x1a C:/Users/nandg/Desktop/FE310-G003/sifive_hifive1_revb_sifive_welcome/bsp/install/lib/debug/\libmetal.a(riscv_cpu.o)
                0x0000000020013d78                __metal_driver_cpu_timer_controller_interrupt
 .text.__metal_driver_cpu_get_timer_interrupt_id
                0x0000000020013d92       0x14 C:/Users/nandg/Desktop/FE310-G003/sifive_hifive1_revb_sifive_welcome/bsp/install/lib/debug/\libmetal.a(riscv_cpu.o)
                0x0000000020013d92                __metal_driver_cpu_get_timer_interrupt_id
 .text.__metal_driver_cpu_sw_controller_interrupt
                0x0000000020013da6       0x1a C:/Users/nandg/Desktop/FE310-G003/sifive_hifive1_revb_sifive_welcome/bsp/install/lib/debug/\libmetal.a(riscv_cpu.o)
                0x0000000020013da6                __metal_driver_cpu_sw_controller_interrupt
 .text.__metal_driver_cpu_get_sw_interrupt_id
                0x0000000020013dc0       0x14 C:/Users/nandg/Desktop/FE310-G003/sifive_hifive1_revb_sifive_welcome/bsp/install/lib/debug/\libmetal.a(riscv_cpu.o)
                0x0000000020013dc0                __metal_driver_cpu_get_sw_interrupt_id
 .text.__metal_driver_cpu_set_sw_ipi
                0x0000000020013dd4       0x62 C:/Users/nandg/Desktop/FE310-G003/sifive_hifive1_revb_sifive_welcome/bsp/install/lib/debug/\libmetal.a(riscv_cpu.o)
                0x0000000020013dd4                __metal_driver_cpu_set_sw_ipi
 .text.__metal_driver_cpu_clear_sw_ipi
                0x0000000020013e36       0x62 C:/Users/nandg/Desktop/FE310-G003/sifive_hifive1_revb_sifive_welcome/bsp/install/lib/debug/\libmetal.a(riscv_cpu.o)
                0x0000000020013e36                __metal_driver_cpu_clear_sw_ipi
 .text.__metal_driver_cpu_get_msip
                0x0000000020013e98       0x60 C:/Users/nandg/Desktop/FE310-G003/sifive_hifive1_revb_sifive_welcome/bsp/install/lib/debug/\libmetal.a(riscv_cpu.o)
                0x0000000020013e98                __metal_driver_cpu_get_msip
 .text.__metal_driver_cpu_controller_interrupt
                0x0000000020013ef8       0x20 C:/Users/nandg/Desktop/FE310-G003/sifive_hifive1_revb_sifive_welcome/bsp/install/lib/debug/\libmetal.a(riscv_cpu.o)
                0x0000000020013ef8                __metal_driver_cpu_controller_interrupt
 .text.__metal_driver_cpu_exception_register
                0x0000000020013f18       0x46 C:/Users/nandg/Desktop/FE310-G003/sifive_hifive1_revb_sifive_welcome/bsp/install/lib/debug/\libmetal.a(riscv_cpu.o)
                0x0000000020013f18                __metal_driver_cpu_exception_register
 .text.__metal_driver_cpu_get_instruction_length
                0x0000000020013f5e       0x2e C:/Users/nandg/Desktop/FE310-G003/sifive_hifive1_revb_sifive_welcome/bsp/install/lib/debug/\libmetal.a(riscv_cpu.o)
                0x0000000020013f5e                __metal_driver_cpu_get_instruction_length
 .text.__metal_driver_cpu_get_exception_pc
                0x0000000020013f8c       0x1e C:/Users/nandg/Desktop/FE310-G003/sifive_hifive1_revb_sifive_welcome/bsp/install/lib/debug/\libmetal.a(riscv_cpu.o)
                0x0000000020013f8c                __metal_driver_cpu_get_exception_pc
 .text.__metal_driver_cpu_set_exception_pc
                0x0000000020013faa       0x20 C:/Users/nandg/Desktop/FE310-G003/sifive_hifive1_revb_sifive_welcome/bsp/install/lib/debug/\libmetal.a(riscv_cpu.o)
                0x0000000020013faa                __metal_driver_cpu_set_exception_pc
 .text.__metal_driver_cpu_get_buserror
                0x0000000020013fca       0x20 C:/Users/nandg/Desktop/FE310-G003/sifive_hifive1_revb_sifive_welcome/bsp/install/lib/debug/\libmetal.a(riscv_cpu.o)
                0x0000000020013fca                __metal_driver_cpu_get_buserror
 .text.__metal_driver_sifive_plic0_control_base
                0x0000000020013fea       0x2a C:/Users/nandg/Desktop/FE310-G003/sifive_hifive1_revb_sifive_welcome/bsp/install/lib/debug/\libmetal.a(riscv_plic0.o)
 .text.__metal_driver_sifive_plic0_num_interrupts
                0x0000000020014014       0x2a C:/Users/nandg/Desktop/FE310-G003/sifive_hifive1_revb_sifive_welcome/bsp/install/lib/debug/\libmetal.a(riscv_plic0.o)
 .text.__metal_driver_sifive_plic0_max_priority
                0x000000002001403e       0x28 C:/Users/nandg/Desktop/FE310-G003/sifive_hifive1_revb_sifive_welcome/bsp/install/lib/debug/\libmetal.a(riscv_plic0.o)
 .text.__metal_driver_sifive_plic0_interrupt_parents
                0x0000000020014066       0x28 C:/Users/nandg/Desktop/FE310-G003/sifive_hifive1_revb_sifive_welcome/bsp/install/lib/debug/\libmetal.a(riscv_plic0.o)
 .text.__metal_driver_sifive_plic0_interrupt_lines
                0x000000002001408e       0x22 C:/Users/nandg/Desktop/FE310-G003/sifive_hifive1_revb_sifive_welcome/bsp/install/lib/debug/\libmetal.a(riscv_plic0.o)
 .text.__metal_driver_sifive_plic0_context_ids
                0x00000000200140b0       0x1e C:/Users/nandg/Desktop/FE310-G003/sifive_hifive1_revb_sifive_welcome/bsp/install/lib/debug/\libmetal.a(riscv_plic0.o)
 .text.__metal_plic0_claim_interrupt
                0x00000000200140ce       0x3c C:/Users/nandg/Desktop/FE310-G003/sifive_hifive1_revb_sifive_welcome/bsp/install/lib/debug/\libmetal.a(riscv_plic0.o)
                0x00000000200140ce                __metal_plic0_claim_interrupt
 .text.__metal_plic0_complete_interrupt
                0x000000002001410a       0x46 C:/Users/nandg/Desktop/FE310-G003/sifive_hifive1_revb_sifive_welcome/bsp/install/lib/debug/\libmetal.a(riscv_plic0.o)
                0x000000002001410a                __metal_plic0_complete_interrupt
 .text.__metal_plic0_set_threshold
                0x0000000020014150       0x46 C:/Users/nandg/Desktop/FE310-G003/sifive_hifive1_revb_sifive_welcome/bsp/install/lib/debug/\libmetal.a(riscv_plic0.o)
                0x0000000020014150                __metal_plic0_set_threshold
 .text.__metal_plic0_get_threshold
                0x0000000020014196       0x3a C:/Users/nandg/Desktop/FE310-G003/sifive_hifive1_revb_sifive_welcome/bsp/install/lib/debug/\libmetal.a(riscv_plic0.o)
                0x0000000020014196                __metal_plic0_get_threshold
 .text.__metal_driver_riscv_plic0_set_priority
                0x00000000200141d0       0x62 C:/Users/nandg/Desktop/FE310-G003/sifive_hifive1_revb_sifive_welcome/bsp/install/lib/debug/\libmetal.a(riscv_plic0.o)
                0x00000000200141d0                __metal_driver_riscv_plic0_set_priority
 .text.__metal_driver_riscv_plic0_get_priority
                0x0000000020014232       0x34 C:/Users/nandg/Desktop/FE310-G003/sifive_hifive1_revb_sifive_welcome/bsp/install/lib/debug/\libmetal.a(riscv_plic0.o)
                0x0000000020014232                __metal_driver_riscv_plic0_get_priority
 .text.__metal_plic0_enable
                0x0000000020014266       0xa2 C:/Users/nandg/Desktop/FE310-G003/sifive_hifive1_revb_sifive_welcome/bsp/install/lib/debug/\libmetal.a(riscv_plic0.o)
                0x0000000020014266                __metal_plic0_enable
 .text.__metal_plic0_default_handler
                0x0000000020014308       0x18 C:/Users/nandg/Desktop/FE310-G003/sifive_hifive1_revb_sifive_welcome/bsp/install/lib/debug/\libmetal.a(riscv_plic0.o)
                0x0000000020014308                __metal_plic0_default_handler
 .text.__metal_plic0_handler
                0x0000000020014320       0xa4 C:/Users/nandg/Desktop/FE310-G003/sifive_hifive1_revb_sifive_welcome/bsp/install/lib/debug/\libmetal.a(riscv_plic0.o)
                0x0000000020014320                __metal_plic0_handler
 .text.__metal_driver_riscv_plic0_init
                0x00000000200143c4      0x152 C:/Users/nandg/Desktop/FE310-G003/sifive_hifive1_revb_sifive_welcome/bsp/install/lib/debug/\libmetal.a(riscv_plic0.o)
                0x00000000200143c4                __metal_driver_riscv_plic0_init
 .text.__metal_driver_riscv_plic0_register
                0x0000000020014516       0xc2 C:/Users/nandg/Desktop/FE310-G003/sifive_hifive1_revb_sifive_welcome/bsp/install/lib/debug/\libmetal.a(riscv_plic0.o)
                0x0000000020014516                __metal_driver_riscv_plic0_register
 .text.__metal_driver_riscv_plic0_enable
                0x00000000200145d8       0x50 C:/Users/nandg/Desktop/FE310-G003/sifive_hifive1_revb_sifive_welcome/bsp/install/lib/debug/\libmetal.a(riscv_plic0.o)
                0x00000000200145d8                __metal_driver_riscv_plic0_enable
 .text.__metal_driver_riscv_plic0_disable
                0x0000000020014628       0x50 C:/Users/nandg/Desktop/FE310-G003/sifive_hifive1_revb_sifive_welcome/bsp/install/lib/debug/\libmetal.a(riscv_plic0.o)
                0x0000000020014628                __metal_driver_riscv_plic0_disable
 .text.__metal_driver_riscv_plic0_set_threshold
                0x0000000020014678       0x30 C:/Users/nandg/Desktop/FE310-G003/sifive_hifive1_revb_sifive_welcome/bsp/install/lib/debug/\libmetal.a(riscv_plic0.o)
                0x0000000020014678                __metal_driver_riscv_plic0_set_threshold
 .text.__metal_driver_riscv_plic0_get_threshold
                0x00000000200146a8       0x28 C:/Users/nandg/Desktop/FE310-G003/sifive_hifive1_revb_sifive_welcome/bsp/install/lib/debug/\libmetal.a(riscv_plic0.o)
                0x00000000200146a8                __metal_driver_riscv_plic0_get_threshold
 .text.__metal_driver_riscv_plic0_affinity_enable
                0x00000000200146d0       0x9c C:/Users/nandg/Desktop/FE310-G003/sifive_hifive1_revb_sifive_welcome/bsp/install/lib/debug/\libmetal.a(riscv_plic0.o)
                0x00000000200146d0                __metal_driver_riscv_plic0_affinity_enable
 .text.__metal_driver_riscv_plic0_affinity_disable
                0x000000002001476c       0x9c C:/Users/nandg/Desktop/FE310-G003/sifive_hifive1_revb_sifive_welcome/bsp/install/lib/debug/\libmetal.a(riscv_plic0.o)
                0x000000002001476c                __metal_driver_riscv_plic0_affinity_disable
 .text.__metal_driver_riscv_plic0_affinity_set_threshold
                0x0000000020014808       0x74 C:/Users/nandg/Desktop/FE310-G003/sifive_hifive1_revb_sifive_welcome/bsp/install/lib/debug/\libmetal.a(riscv_plic0.o)
                0x0000000020014808                __metal_driver_riscv_plic0_affinity_set_threshold
 .text.__metal_driver_riscv_plic0_affinity_get_threshold
                0x000000002001487c       0x28 C:/Users/nandg/Desktop/FE310-G003/sifive_hifive1_revb_sifive_welcome/bsp/install/lib/debug/\libmetal.a(riscv_plic0.o)
                0x000000002001487c                __metal_driver_riscv_plic0_affinity_get_threshold
 .text.__metal_driver_sifive_fe310_g000_hfrosc_ref
                0x00000000200148a4       0x1a C:/Users/nandg/Desktop/FE310-G003/sifive_hifive1_revb_sifive_welcome/bsp/install/lib/debug/\libmetal.a(sifive_fe310-g000_hfrosc.o)
 .text.__metal_driver_sifive_fe310_g000_hfrosc_config_base
                0x00000000200148be       0x16 C:/Users/nandg/Desktop/FE310-G003/sifive_hifive1_revb_sifive_welcome/bsp/install/lib/debug/\libmetal.a(sifive_fe310-g000_hfrosc.o)
 .text.__metal_driver_sifive_fe310_g000_hfrosc_config_offset
                0x00000000200148d4       0x14 C:/Users/nandg/Desktop/FE310-G003/sifive_hifive1_revb_sifive_welcome/bsp/install/lib/debug/\libmetal.a(sifive_fe310-g000_hfrosc.o)
 .text.__metal_driver_sifive_fe310_g000_prci_vtable
                0x00000000200148e8       0x16 C:/Users/nandg/Desktop/FE310-G003/sifive_hifive1_revb_sifive_welcome/bsp/install/lib/debug/\libmetal.a(sifive_fe310-g000_hfrosc.o)
 .text.__metal_driver_sifive_fe310_g000_hfrosc_get_rate_hz
                0x00000000200148fe       0x84 C:/Users/nandg/Desktop/FE310-G003/sifive_hifive1_revb_sifive_welcome/bsp/install/lib/debug/\libmetal.a(sifive_fe310-g000_hfrosc.o)
                0x00000000200148fe                __metal_driver_sifive_fe310_g000_hfrosc_get_rate_hz
 .text.__metal_driver_sifive_fe310_g000_hfrosc_set_rate_hz
                0x0000000020014982       0x22 C:/Users/nandg/Desktop/FE310-G003/sifive_hifive1_revb_sifive_welcome/bsp/install/lib/debug/\libmetal.a(sifive_fe310-g000_hfrosc.o)
                0x0000000020014982                __metal_driver_sifive_fe310_g000_hfrosc_set_rate_hz
 .text.__metal_driver_sifive_fe310_g000_hfxosc_ref
                0x00000000200149a4       0x1a C:/Users/nandg/Desktop/FE310-G003/sifive_hifive1_revb_sifive_welcome/bsp/install/lib/debug/\libmetal.a(sifive_fe310-g000_hfxosc.o)
 .text.__metal_driver_sifive_fe310_g000_hfxosc_config_base
                0x00000000200149be       0x16 C:/Users/nandg/Desktop/FE310-G003/sifive_hifive1_revb_sifive_welcome/bsp/install/lib/debug/\libmetal.a(sifive_fe310-g000_hfxosc.o)
 .text.__metal_driver_sifive_fe310_g000_hfxosc_config_offset
                0x00000000200149d4       0x14 C:/Users/nandg/Desktop/FE310-G003/sifive_hifive1_revb_sifive_welcome/bsp/install/lib/debug/\libmetal.a(sifive_fe310-g000_hfxosc.o)
 .text.__metal_driver_sifive_fe310_g000_prci_vtable
                0x00000000200149e8       0x16 C:/Users/nandg/Desktop/FE310-G003/sifive_hifive1_revb_sifive_welcome/bsp/install/lib/debug/\libmetal.a(sifive_fe310-g000_hfxosc.o)
 .text.__metal_driver_sifive_fe310_g000_hfxosc_get_rate_hz
                0x00000000200149fe       0x74 C:/Users/nandg/Desktop/FE310-G003/sifive_hifive1_revb_sifive_welcome/bsp/install/lib/debug/\libmetal.a(sifive_fe310-g000_hfxosc.o)
                0x00000000200149fe                __metal_driver_sifive_fe310_g000_hfxosc_get_rate_hz
 .text.__metal_driver_sifive_fe310_g000_hfxosc_set_rate_hz
                0x0000000020014a72       0x22 C:/Users/nandg/Desktop/FE310-G003/sifive_hifive1_revb_sifive_welcome/bsp/install/lib/debug/\libmetal.a(sifive_fe310-g000_hfxosc.o)
                0x0000000020014a72                __metal_driver_sifive_fe310_g000_hfxosc_set_rate_hz
 .text.__metal_driver_sifive_fe310_g000_pll_pllsel0
                0x0000000020014a94       0x1a C:/Users/nandg/Desktop/FE310-G003/sifive_hifive1_revb_sifive_welcome/bsp/install/lib/debug/\libmetal.a(sifive_fe310-g000_pll.o)
 .text.__metal_driver_sifive_fe310_g000_pll_pllref
                0x0000000020014aae       0x1a C:/Users/nandg/Desktop/FE310-G003/sifive_hifive1_revb_sifive_welcome/bsp/install/lib/debug/\libmetal.a(sifive_fe310-g000_pll.o)
 .text.__metal_driver_sifive_fe310_g000_pll_divider_base
                0x0000000020014ac8       0x16 C:/Users/nandg/Desktop/FE310-G003/sifive_hifive1_revb_sifive_welcome/bsp/install/lib/debug/\libmetal.a(sifive_fe310-g000_pll.o)
 .text.__metal_driver_sifive_fe310_g000_pll_divider_offset
                0x0000000020014ade       0x14 C:/Users/nandg/Desktop/FE310-G003/sifive_hifive1_revb_sifive_welcome/bsp/install/lib/debug/\libmetal.a(sifive_fe310-g000_pll.o)
 .text.__metal_driver_sifive_fe310_g000_pll_config_base
                0x0000000020014af2       0x12 C:/Users/nandg/Desktop/FE310-G003/sifive_hifive1_revb_sifive_welcome/bsp/install/lib/debug/\libmetal.a(sifive_fe310-g000_pll.o)
 .text.__metal_driver_sifive_fe310_g000_pll_config_offset
                0x0000000020014b04       0x10 C:/Users/nandg/Desktop/FE310-G003/sifive_hifive1_revb_sifive_welcome/bsp/install/lib/debug/\libmetal.a(sifive_fe310-g000_pll.o)
 .text.__metal_driver_sifive_fe310_g000_pll_init_rate
                0x0000000020014b14       0x16 C:/Users/nandg/Desktop/FE310-G003/sifive_hifive1_revb_sifive_welcome/bsp/install/lib/debug/\libmetal.a(sifive_fe310-g000_pll.o)
 .text.__metal_driver_sifive_fe310_g000_prci_base
                0x0000000020014b2a       0x12 C:/Users/nandg/Desktop/FE310-G003/sifive_hifive1_revb_sifive_welcome/bsp/install/lib/debug/\libmetal.a(sifive_fe310-g000_pll.o)
 .text.__metal_driver_sifive_fe310_g000_prci_vtable
                0x0000000020014b3c       0x16 C:/Users/nandg/Desktop/FE310-G003/sifive_hifive1_revb_sifive_welcome/bsp/install/lib/debug/\libmetal.a(sifive_fe310-g000_pll.o)
 .text.get_pll_config_freq
                0x0000000020014b52       0x4e C:/Users/nandg/Desktop/FE310-G003/sifive_hifive1_revb_sifive_welcome/bsp/install/lib/debug/\libmetal.a(sifive_fe310-g000_pll.o)
 .text.__metal_driver_sifive_fe310_g000_pll_init
                0x0000000020014ba0       0xa4 C:/Users/nandg/Desktop/FE310-G003/sifive_hifive1_revb_sifive_welcome/bsp/install/lib/debug/\libmetal.a(sifive_fe310-g000_pll.o)
                0x0000000020014ba0                __metal_driver_sifive_fe310_g000_pll_init
 .text.__metal_driver_sifive_fe310_g000_pll_get_rate_hz
                0x0000000020014c44      0x170 C:/Users/nandg/Desktop/FE310-G003/sifive_hifive1_revb_sifive_welcome/bsp/install/lib/debug/\libmetal.a(sifive_fe310-g000_pll.o)
                0x0000000020014c44                __metal_driver_sifive_fe310_g000_pll_get_rate_hz
 .text.find_closest_config
                0x0000000020014db4       0xac C:/Users/nandg/Desktop/FE310-G003/sifive_hifive1_revb_sifive_welcome/bsp/install/lib/debug/\libmetal.a(sifive_fe310-g000_pll.o)
 .text.configure_pll
                0x0000000020014e60      0x1b0 C:/Users/nandg/Desktop/FE310-G003/sifive_hifive1_revb_sifive_welcome/bsp/install/lib/debug/\libmetal.a(sifive_fe310-g000_pll.o)
 .text.__metal_driver_sifive_fe310_g000_pll_set_rate_hz
                0x0000000020015010      0x166 C:/Users/nandg/Desktop/FE310-G003/sifive_hifive1_revb_sifive_welcome/bsp/install/lib/debug/\libmetal.a(sifive_fe310-g000_pll.o)
                0x0000000020015010                __metal_driver_sifive_fe310_g000_pll_set_rate_hz
 .text.__metal_driver_sifive_fe310_g000_prci_base
                0x0000000020015176       0x12 C:/Users/nandg/Desktop/FE310-G003/sifive_hifive1_revb_sifive_welcome/bsp/install/lib/debug/\libmetal.a(sifive_fe310-g000_prci.o)
 .text.__metal_driver_sifive_fe310_g000_prci_get_reg
                0x0000000020015188       0x2e C:/Users/nandg/Desktop/FE310-G003/sifive_hifive1_revb_sifive_welcome/bsp/install/lib/debug/\libmetal.a(sifive_fe310-g000_prci.o)
                0x0000000020015188                __metal_driver_sifive_fe310_g000_prci_get_reg
 .text.__metal_driver_sifive_fe310_g000_prci_set_reg
                0x00000000200151b6       0x38 C:/Users/nandg/Desktop/FE310-G003/sifive_hifive1_revb_sifive_welcome/bsp/install/lib/debug/\libmetal.a(sifive_fe310-g000_prci.o)
                0x00000000200151b6                __metal_driver_sifive_fe310_g000_prci_set_reg
 .text.__metal_driver_sifive_gpio0_base
                0x00000000200151ee       0x26 C:/Users/nandg/Desktop/FE310-G003/sifive_hifive1_revb_sifive_welcome/bsp/install/lib/debug/\libmetal.a(sifive_gpio0.o)
 .text.__metal_driver_sifive_gpio0_interrupt_parent
                0x0000000020015214       0x2a C:/Users/nandg/Desktop/FE310-G003/sifive_hifive1_revb_sifive_welcome/bsp/install/lib/debug/\libmetal.a(sifive_gpio0.o)
 .text.__metal_driver_sifive_gpio0_interrupt_lines
                0x000000002001523e      0x35e C:/Users/nandg/Desktop/FE310-G003/sifive_hifive1_revb_sifive_welcome/bsp/install/lib/debug/\libmetal.a(sifive_gpio0.o)
 .text.__metal_driver_sifive_gpio0_enable_input
                0x000000002001559c       0x40 C:/Users/nandg/Desktop/FE310-G003/sifive_hifive1_revb_sifive_welcome/bsp/install/lib/debug/\libmetal.a(sifive_gpio0.o)
                0x000000002001559c                __metal_driver_sifive_gpio0_enable_input
 .text.__metal_driver_sifive_gpio0_disable_input
                0x00000000200155dc       0x46 C:/Users/nandg/Desktop/FE310-G003/sifive_hifive1_revb_sifive_welcome/bsp/install/lib/debug/\libmetal.a(sifive_gpio0.o)
                0x00000000200155dc                __metal_driver_sifive_gpio0_disable_input
 .text.__metal_driver_sifive_gpio0_input
                0x0000000020015622       0x2a C:/Users/nandg/Desktop/FE310-G003/sifive_hifive1_revb_sifive_welcome/bsp/install/lib/debug/\libmetal.a(sifive_gpio0.o)
                0x0000000020015622                __metal_driver_sifive_gpio0_input
 .text.__metal_driver_sifive_gpio0_output
                0x000000002001564c       0x2c C:/Users/nandg/Desktop/FE310-G003/sifive_hifive1_revb_sifive_welcome/bsp/install/lib/debug/\libmetal.a(sifive_gpio0.o)
                0x000000002001564c                __metal_driver_sifive_gpio0_output
 .text.__metal_driver_sifive_gpio0_disable_output
                0x0000000020015678       0x46 C:/Users/nandg/Desktop/FE310-G003/sifive_hifive1_revb_sifive_welcome/bsp/install/lib/debug/\libmetal.a(sifive_gpio0.o)
                0x0000000020015678                __metal_driver_sifive_gpio0_disable_output
 .text.__metal_driver_sifive_gpio0_enable_output
                0x00000000200156be       0x40 C:/Users/nandg/Desktop/FE310-G003/sifive_hifive1_revb_sifive_welcome/bsp/install/lib/debug/\libmetal.a(sifive_gpio0.o)
                0x00000000200156be                __metal_driver_sifive_gpio0_enable_output
 .text.__metal_driver_sifive_gpio0_output_set
                0x00000000200156fe       0x40 C:/Users/nandg/Desktop/FE310-G003/sifive_hifive1_revb_sifive_welcome/bsp/install/lib/debug/\libmetal.a(sifive_gpio0.o)
                0x00000000200156fe                __metal_driver_sifive_gpio0_output_set
 .text.__metal_driver_sifive_gpio0_output_clear
                0x000000002001573e       0x46 C:/Users/nandg/Desktop/FE310-G003/sifive_hifive1_revb_sifive_welcome/bsp/install/lib/debug/\libmetal.a(sifive_gpio0.o)
                0x000000002001573e                __metal_driver_sifive_gpio0_output_clear
 .text.__metal_driver_sifive_gpio0_output_toggle
                0x0000000020015784       0x40 C:/Users/nandg/Desktop/FE310-G003/sifive_hifive1_revb_sifive_welcome/bsp/install/lib/debug/\libmetal.a(sifive_gpio0.o)
                0x0000000020015784                __metal_driver_sifive_gpio0_output_toggle
 .text.__metal_driver_sifive_gpio0_enable_io
                0x00000000200157c4       0x62 C:/Users/nandg/Desktop/FE310-G003/sifive_hifive1_revb_sifive_welcome/bsp/install/lib/debug/\libmetal.a(sifive_gpio0.o)
                0x00000000200157c4                __metal_driver_sifive_gpio0_enable_io
 .text.__metal_driver_sifive_gpio0_disable_io
                0x0000000020015826       0x4a C:/Users/nandg/Desktop/FE310-G003/sifive_hifive1_revb_sifive_welcome/bsp/install/lib/debug/\libmetal.a(sifive_gpio0.o)
                0x0000000020015826                __metal_driver_sifive_gpio0_disable_io
 .text.__metal_driver_sifive_gpio0_config_int
                0x0000000020015870      0x206 C:/Users/nandg/Desktop/FE310-G003/sifive_hifive1_revb_sifive_welcome/bsp/install/lib/debug/\libmetal.a(sifive_gpio0.o)
                0x0000000020015870                __metal_driver_sifive_gpio0_config_int
 .text.__metal_driver_sifive_gpio0_clear_int
                0x0000000020015a76      0x188 C:/Users/nandg/Desktop/FE310-G003/sifive_hifive1_revb_sifive_welcome/bsp/install/lib/debug/\libmetal.a(sifive_gpio0.o)
                0x0000000020015a76                __metal_driver_sifive_gpio0_clear_int
 .text.__metal_driver_gpio_interrupt_controller
                0x0000000020015bfe       0x20 C:/Users/nandg/Desktop/FE310-G003/sifive_hifive1_revb_sifive_welcome/bsp/install/lib/debug/\libmetal.a(sifive_gpio0.o)
                0x0000000020015bfe                __metal_driver_gpio_interrupt_controller
 .text.__metal_driver_gpio_get_interrupt_id
                0x0000000020015c1e       0x2e C:/Users/nandg/Desktop/FE310-G003/sifive_hifive1_revb_sifive_welcome/bsp/install/lib/debug/\libmetal.a(sifive_gpio0.o)
                0x0000000020015c1e                __metal_driver_gpio_get_interrupt_id
 .text.__metal_driver_sifive_uart0_control_base
                0x0000000020015c4c       0x40 C:/Users/nandg/Desktop/FE310-G003/sifive_hifive1_revb_sifive_welcome/bsp/install/lib/debug/\libmetal.a(sifive_uart0.o)
 .text.__metal_driver_sifive_uart0_interrupt_parent
                0x0000000020015c8c       0x48 C:/Users/nandg/Desktop/FE310-G003/sifive_hifive1_revb_sifive_welcome/bsp/install/lib/debug/\libmetal.a(sifive_uart0.o)
 .text.__metal_driver_sifive_uart0_interrupt_line
                0x0000000020015cd4       0x3c C:/Users/nandg/Desktop/FE310-G003/sifive_hifive1_revb_sifive_welcome/bsp/install/lib/debug/\libmetal.a(sifive_uart0.o)
 .text.__metal_driver_sifive_uart0_clock
                0x0000000020015d10       0x48 C:/Users/nandg/Desktop/FE310-G003/sifive_hifive1_revb_sifive_welcome/bsp/install/lib/debug/\libmetal.a(sifive_uart0.o)
 .text.__metal_driver_sifive_uart0_pinmux
                0x0000000020015d58       0x40 C:/Users/nandg/Desktop/FE310-G003/sifive_hifive1_revb_sifive_welcome/bsp/install/lib/debug/\libmetal.a(sifive_uart0.o)
 .text.__metal_driver_sifive_uart0_pinmux_output_selector
                0x0000000020015d98       0x3c C:/Users/nandg/Desktop/FE310-G003/sifive_hifive1_revb_sifive_welcome/bsp/install/lib/debug/\libmetal.a(sifive_uart0.o)
 .text.__metal_driver_sifive_uart0_pinmux_source_selector
                0x0000000020015dd4       0x40 C:/Users/nandg/Desktop/FE310-G003/sifive_hifive1_revb_sifive_welcome/bsp/install/lib/debug/\libmetal.a(sifive_uart0.o)
 .text.__metal_driver_sifive_uart0_interrupt_controller
                0x0000000020015e14       0x20 C:/Users/nandg/Desktop/FE310-G003/sifive_hifive1_revb_sifive_welcome/bsp/install/lib/debug/\libmetal.a(sifive_uart0.o)
                0x0000000020015e14                __metal_driver_sifive_uart0_interrupt_controller
 .text.__metal_driver_sifive_uart0_get_interrupt_id
                0x0000000020015e34       0x1e C:/Users/nandg/Desktop/FE310-G003/sifive_hifive1_revb_sifive_welcome/bsp/install/lib/debug/\libmetal.a(sifive_uart0.o)
                0x0000000020015e34                __metal_driver_sifive_uart0_get_interrupt_id
 .text.__metal_driver_sifive_uart0_tx_interrupt_enable
                0x0000000020015e52       0x3a C:/Users/nandg/Desktop/FE310-G003/sifive_hifive1_revb_sifive_welcome/bsp/install/lib/debug/\libmetal.a(sifive_uart0.o)
                0x0000000020015e52                __metal_driver_sifive_uart0_tx_interrupt_enable
 .text.__metal_driver_sifive_uart0_tx_interrupt_disable
                0x0000000020015e8c       0x38 C:/Users/nandg/Desktop/FE310-G003/sifive_hifive1_revb_sifive_welcome/bsp/install/lib/debug/\libmetal.a(sifive_uart0.o)
                0x0000000020015e8c                __metal_driver_sifive_uart0_tx_interrupt_disable
 .text.__metal_driver_sifive_uart0_rx_interrupt_enable
                0x0000000020015ec4       0x3a C:/Users/nandg/Desktop/FE310-G003/sifive_hifive1_revb_sifive_welcome/bsp/install/lib/debug/\libmetal.a(sifive_uart0.o)
                0x0000000020015ec4                __metal_driver_sifive_uart0_rx_interrupt_enable
 .text.__metal_driver_sifive_uart0_rx_interrupt_disable
                0x0000000020015efe       0x38 C:/Users/nandg/Desktop/FE310-G003/sifive_hifive1_revb_sifive_welcome/bsp/install/lib/debug/\libmetal.a(sifive_uart0.o)
                0x0000000020015efe                __metal_driver_sifive_uart0_rx_interrupt_disable
 .text.__metal_driver_sifive_uart0_txready
                0x0000000020015f36       0x30 C:/Users/nandg/Desktop/FE310-G003/sifive_hifive1_revb_sifive_welcome/bsp/install/lib/debug/\libmetal.a(sifive_uart0.o)
                0x0000000020015f36                __metal_driver_sifive_uart0_txready
 .text.__metal_driver_sifive_uart0_set_tx_watermark
                0x0000000020015f66       0x4a C:/Users/nandg/Desktop/FE310-G003/sifive_hifive1_revb_sifive_welcome/bsp/install/lib/debug/\libmetal.a(sifive_uart0.o)
                0x0000000020015f66                __metal_driver_sifive_uart0_set_tx_watermark
 .text.__metal_driver_sifive_uart0_get_tx_watermark
                0x0000000020015fb0       0x30 C:/Users/nandg/Desktop/FE310-G003/sifive_hifive1_revb_sifive_welcome/bsp/install/lib/debug/\libmetal.a(sifive_uart0.o)
                0x0000000020015fb0                __metal_driver_sifive_uart0_get_tx_watermark
 .text.__metal_driver_sifive_uart0_set_rx_watermark
                0x0000000020015fe0       0x4a C:/Users/nandg/Desktop/FE310-G003/sifive_hifive1_revb_sifive_welcome/bsp/install/lib/debug/\libmetal.a(sifive_uart0.o)
                0x0000000020015fe0                __metal_driver_sifive_uart0_set_rx_watermark
 .text.__metal_driver_sifive_uart0_get_rx_watermark
                0x000000002001602a       0x30 C:/Users/nandg/Desktop/FE310-G003/sifive_hifive1_revb_sifive_welcome/bsp/install/lib/debug/\libmetal.a(sifive_uart0.o)
                0x000000002001602a                __metal_driver_sifive_uart0_get_rx_watermark
 .text.__metal_driver_sifive_uart0_putc
                0x000000002001605a       0x40 C:/Users/nandg/Desktop/FE310-G003/sifive_hifive1_revb_sifive_welcome/bsp/install/lib/debug/\libmetal.a(sifive_uart0.o)
                0x000000002001605a                __metal_driver_sifive_uart0_putc
 .text.__metal_driver_sifive_uart0_getc
                0x000000002001609a       0x56 C:/Users/nandg/Desktop/FE310-G003/sifive_hifive1_revb_sifive_welcome/bsp/install/lib/debug/\libmetal.a(sifive_uart0.o)
                0x000000002001609a                __metal_driver_sifive_uart0_getc
 .text.__metal_driver_sifive_uart0_get_baud_rate
                0x00000000200160f0       0x20 C:/Users/nandg/Desktop/FE310-G003/sifive_hifive1_revb_sifive_welcome/bsp/install/lib/debug/\libmetal.a(sifive_uart0.o)
                0x00000000200160f0                __metal_driver_sifive_uart0_get_baud_rate
 .text.__metal_driver_sifive_uart0_set_baud_rate
                0x0000000020016110       0xa0 C:/Users/nandg/Desktop/FE310-G003/sifive_hifive1_revb_sifive_welcome/bsp/install/lib/debug/\libmetal.a(sifive_uart0.o)
                0x0000000020016110                __metal_driver_sifive_uart0_set_baud_rate
 .text.pre_rate_change_callback_func
                0x00000000200161b0       0xda C:/Users/nandg/Desktop/FE310-G003/sifive_hifive1_revb_sifive_welcome/bsp/install/lib/debug/\libmetal.a(sifive_uart0.o)
 .text.post_rate_change_callback_func
                0x000000002001628a       0x2e C:/Users/nandg/Desktop/FE310-G003/sifive_hifive1_revb_sifive_welcome/bsp/install/lib/debug/\libmetal.a(sifive_uart0.o)
 .text.__metal_driver_sifive_uart0_init
                0x00000000200162b8       0xd0 C:/Users/nandg/Desktop/FE310-G003/sifive_hifive1_revb_sifive_welcome/bsp/install/lib/debug/\libmetal.a(sifive_uart0.o)
                0x00000000200162b8                __metal_driver_sifive_uart0_init
 .text._metal_clock_call_all_callbacks
                0x0000000020016388       0x42 C:/Users/nandg/Desktop/FE310-G003/sifive_hifive1_revb_sifive_welcome/bsp/install/lib/debug/\libmetal.a(clock.o)
                0x0000000020016388                _metal_clock_call_all_callbacks
 .text._metal_clock_append_to_callbacks
                0x00000000200163ca       0x54 C:/Users/nandg/Desktop/FE310-G003/sifive_hifive1_revb_sifive_welcome/bsp/install/lib/debug/\libmetal.a(clock.o)
                0x00000000200163ca                _metal_clock_append_to_callbacks
 .text.metal_clock_get_rate_hz
                0x000000002001641e       0x26 C:/Users/nandg/Desktop/FE310-G003/sifive_hifive1_revb_sifive_welcome/bsp/install/lib/debug/\libmetal.a(clock.o)
                0x000000002001641e                metal_clock_get_rate_hz
 .text.metal_clock_set_rate_hz
                0x0000000020016444       0x48 C:/Users/nandg/Desktop/FE310-G003/sifive_hifive1_revb_sifive_welcome/bsp/install/lib/debug/\libmetal.a(clock.o)
                0x0000000020016444                metal_clock_set_rate_hz
 .text.metal_clock_register_pre_rate_change_callback
                0x000000002001648c       0x30 C:/Users/nandg/Desktop/FE310-G003/sifive_hifive1_revb_sifive_welcome/bsp/install/lib/debug/\libmetal.a(clock.o)
                0x000000002001648c                metal_clock_register_pre_rate_change_callback
 .text.metal_clock_register_post_rate_change_callback
                0x00000000200164bc       0x32 C:/Users/nandg/Desktop/FE310-G003/sifive_hifive1_revb_sifive_welcome/bsp/install/lib/debug/\libmetal.a(clock.o)
                0x00000000200164bc                metal_clock_register_post_rate_change_callback
 .text.metal_cpu_get_timer
                0x00000000200164ee       0x2a C:/Users/nandg/Desktop/FE310-G003/sifive_hifive1_revb_sifive_welcome/bsp/install/lib/debug/\libmetal.a(cpu.o)
                0x00000000200164ee                metal_cpu_get_timer
 .text.metal_cpu_get_timebase
                0x0000000020016518       0x2a C:/Users/nandg/Desktop/FE310-G003/sifive_hifive1_revb_sifive_welcome/bsp/install/lib/debug/\libmetal.a(cpu.o)
                0x0000000020016518                metal_cpu_get_timebase
 .text.metal_cpu_interrupt_controller
                0x0000000020016542       0x26 C:/Users/nandg/Desktop/FE310-G003/sifive_hifive1_revb_sifive_welcome/bsp/install/lib/debug/\libmetal.a(cpu.o)
                0x0000000020016542                metal_cpu_interrupt_controller
 .text.metal_cpu_get
                0x0000000020016568       0x2e C:/Users/nandg/Desktop/FE310-G003/sifive_hifive1_revb_sifive_welcome/bsp/install/lib/debug/\libmetal.a(cpu.o)
                0x0000000020016568                metal_cpu_get
 .text.metal_cpu_get_current_hartid
                0x0000000020016596       0x1a C:/Users/nandg/Desktop/FE310-G003/sifive_hifive1_revb_sifive_welcome/bsp/install/lib/debug/\libmetal.a(cpu.o)
                0x0000000020016596                metal_cpu_get_current_hartid
 .text.metal_shutdown
                0x00000000200165b0        0xe C:/Users/nandg/Desktop/FE310-G003/sifive_hifive1_revb_sifive_welcome/bsp/install/lib/debug/\libmetal.a(shutdown.o)
                0x00000000200165b0                metal_shutdown
 .text.metal_uart_init
                0x00000000200165be       0x2c C:/Users/nandg/Desktop/FE310-G003/sifive_hifive1_revb_sifive_welcome/bsp/install/lib/debug/\libmetal.a(uart.o)
                0x00000000200165be                metal_uart_init
 .text.metal_uart_putc
                0x00000000200165ea       0x2e C:/Users/nandg/Desktop/FE310-G003/sifive_hifive1_revb_sifive_welcome/bsp/install/lib/debug/\libmetal.a(uart.o)
                0x00000000200165ea                metal_uart_putc
 .text.metal_uart_set_baud_rate
                0x0000000020016618       0x2e C:/Users/nandg/Desktop/FE310-G003/sifive_hifive1_revb_sifive_welcome/bsp/install/lib/debug/\libmetal.a(uart.o)
                0x0000000020016618                metal_uart_set_baud_rate
 *fill*         0x0000000020016646       0x3a 
 .text          0x0000000020016680       0x80 C:/Users/nandg/Desktop/FE310-G003/sifive_hifive1_revb_sifive_welcome/bsp/install/lib/debug/\libmetal.a(vector.o)
                0x0000000020016680                __metal_vector_table
 .text.__metal_driver_fixed_clock_rate
                0x0000000020016700       0x70 C:/Users/nandg/Desktop/FE310-G003/sifive_hifive1_revb_sifive_welcome/bsp/install/lib/debug/\libmetal.a(fixed-clock.o)
 .text.__metal_driver_fixed_clock_get_rate_hz
                0x0000000020016770       0x1e C:/Users/nandg/Desktop/FE310-G003/sifive_hifive1_revb_sifive_welcome/bsp/install/lib/debug/\libmetal.a(fixed-clock.o)
                0x0000000020016770                __metal_driver_fixed_clock_get_rate_hz
 .text.__metal_driver_fixed_clock_set_rate_hz
                0x000000002001678e       0x22 C:/Users/nandg/Desktop/FE310-G003/sifive_hifive1_revb_sifive_welcome/bsp/install/lib/debug/\libmetal.a(fixed-clock.o)
                0x000000002001678e                __metal_driver_fixed_clock_set_rate_hz
 .text.metal_timer_get_cyclecount
                0x00000000200167b0       0x48 C:/Users/nandg/Desktop/FE310-G003/sifive_hifive1_revb_sifive_welcome/bsp/install/lib/debug/\libmetal.a(timer.o)
                0x00000000200167b0                metal_timer_get_cyclecount
 .text.metal_timer_get_timebase_frequency
                0x00000000200167f8       0x48 C:/Users/nandg/Desktop/FE310-G003/sifive_hifive1_revb_sifive_welcome/bsp/install/lib/debug/\libmetal.a(timer.o)
                0x00000000200167f8                metal_timer_get_timebase_frequency
 .text._close   0x0000000020016840       0x22 C:/Users/nandg/Desktop/FE310-G003/sifive_hifive1_revb_sifive_welcome/bsp/install/lib/debug/\libmetal-gloss.a(sys_close.o)
                0x0000000020016840                _close
 .text._fstat   0x0000000020016862       0x26 C:/Users/nandg/Desktop/FE310-G003/sifive_hifive1_revb_sifive_welcome/bsp/install/lib/debug/\libmetal-gloss.a(sys_fstat.o)
                0x0000000020016862                _fstat
 .text._isatty  0x0000000020016888       0x20 C:/Users/nandg/Desktop/FE310-G003/sifive_hifive1_revb_sifive_welcome/bsp/install/lib/debug/\libmetal-gloss.a(sys_isatty.o)
                0x0000000020016888                _isatty
 .text._lseek   0x00000000200168a8       0x2a C:/Users/nandg/Desktop/FE310-G003/sifive_hifive1_revb_sifive_welcome/bsp/install/lib/debug/\libmetal-gloss.a(sys_lseek.o)
                0x00000000200168a8                _lseek
 .text._read    0x00000000200168d2       0x2a C:/Users/nandg/Desktop/FE310-G003/sifive_hifive1_revb_sifive_welcome/bsp/install/lib/debug/\libmetal-gloss.a(sys_read.o)
                0x00000000200168d2                _read
 .text._sbrk    0x00000000200168fc       0x6a C:/Users/nandg/Desktop/FE310-G003/sifive_hifive1_revb_sifive_welcome/bsp/install/lib/debug/\libmetal-gloss.a(sys_sbrk.o)
                0x00000000200168fc                _sbrk
 .text.muldiv   0x0000000020016966       0xe0 C:/Users/nandg/Desktop/FE310-G003/sifive_hifive1_revb_sifive_welcome/bsp/install/lib/debug/\libmetal-gloss.a(sys_times.o)
 .text._times   0x0000000020016a46       0x90 C:/Users/nandg/Desktop/FE310-G003/sifive_hifive1_revb_sifive_welcome/bsp/install/lib/debug/\libmetal-gloss.a(sys_times.o)
                0x0000000020016a46                _times
                0x0000000020016a46                times
 .text._write   0x0000000020016ad6       0x70 C:/Users/nandg/Desktop/FE310-G003/sifive_hifive1_revb_sifive_welcome/bsp/install/lib/debug/\libmetal-gloss.a(sys_write.o)
                0x0000000020016ad6                _write
                0x0000000020016ad6                write
 .text.atexit   0x0000000020016b46        0xa c:/freedomstudio/sifive/riscv64-unknown-elf-toolchain-10.2.0-2020.12.8/bin/../lib/gcc/riscv64-unknown-elf/10.2.0/../../../../riscv64-unknown-elf/lib/rv32imac/ilp32\libc_nano.a(lib_a-atexit.o)
                0x0000000020016b46                atexit
 .text.__errno  0x0000000020016b50        0xa c:/freedomstudio/sifive/riscv64-unknown-elf-toolchain-10.2.0-2020.12.8/bin/../lib/gcc/riscv64-unknown-elf/10.2.0/../../../../riscv64-unknown-elf/lib/rv32imac/ilp32\libc_nano.a(lib_a-errno.o)
                0x0000000020016b50                __errno
 .text.exit     0x0000000020016b5a       0x2a c:/freedomstudio/sifive/riscv64-unknown-elf-toolchain-10.2.0-2020.12.8/bin/../lib/gcc/riscv64-unknown-elf/10.2.0/../../../../riscv64-unknown-elf/lib/rv32imac/ilp32\libc_nano.a(lib_a-exit.o)
                0x0000000020016b5a                exit
 .text.__libc_fini_array
                0x0000000020016b84       0x36 c:/freedomstudio/sifive/riscv64-unknown-elf-toolchain-10.2.0-2020.12.8/bin/../lib/gcc/riscv64-unknown-elf/10.2.0/../../../../riscv64-unknown-elf/lib/rv32imac/ilp32\libc_nano.a(lib_a-fini.o)
                0x0000000020016b84                __libc_fini_array
 .text.__libc_init_array
                0x0000000020016bba       0x5e c:/freedomstudio/sifive/riscv64-unknown-elf-toolchain-10.2.0-2020.12.8/bin/../lib/gcc/riscv64-unknown-elf/10.2.0/../../../../riscv64-unknown-elf/lib/rv32imac/ilp32\libc_nano.a(lib_a-init.o)
                0x0000000020016bba                __libc_init_array
 .text.__register_exitproc
                0x0000000020016c18       0x7c c:/freedomstudio/sifive/riscv64-unknown-elf-toolchain-10.2.0-2020.12.8/bin/../lib/gcc/riscv64-unknown-elf/10.2.0/../../../../riscv64-unknown-elf/lib/rv32imac/ilp32\libc_nano.a(lib_a-__atexit.o)
                0x0000000020016c18                __register_exitproc
 .text.__call_exitprocs
                0x0000000020016c94       0xc8 c:/freedomstudio/sifive/riscv64-unknown-elf-toolchain-10.2.0-2020.12.8/bin/../lib/gcc/riscv64-unknown-elf/10.2.0/../../../../riscv64-unknown-elf/lib/rv32imac/ilp32\libc_nano.a(lib_a-__call_atexit.o)
                0x0000000020016c94                __call_exitprocs
 .text          0x0000000020016d5c      0x360 c:/freedomstudio/sifive/riscv64-unknown-elf-toolchain-10.2.0-2020.12.8/bin/../lib/gcc/riscv64-unknown-elf/10.2.0/rv32imac/ilp32\libgcc.a(_udivdi3.o)
                0x0000000020016d5c                __udivdi3
 .text          0x00000000200170bc      0x340 c:/freedomstudio/sifive/riscv64-unknown-elf-toolchain-10.2.0-2020.12.8/bin/../lib/gcc/riscv64-unknown-elf/10.2.0/rv32imac/ilp32\libgcc.a(_umoddi3.o)
                0x00000000200170bc                __umoddi3
 .text.metal_init
                0x00000000200173fc       0x78 C:/Users/nandg/Desktop/FE310-G003/sifive_hifive1_revb_sifive_welcome/bsp/install/lib/debug/\libmetal.a(init.o)
                0x00000000200173fc                metal_init
 .text.metal_fini
                0x0000000020017474       0x78 C:/Users/nandg/Desktop/FE310-G003/sifive_hifive1_revb_sifive_welcome/bsp/install/lib/debug/\libmetal.a(init.o)
                0x0000000020017474                metal_fini
 .text.metal_init_run
                0x00000000200174ec       0x16 C:/Users/nandg/Desktop/FE310-G003/sifive_hifive1_revb_sifive_welcome/bsp/install/lib/debug/\libmetal.a(init.o)
                0x00000000200174ec                metal_init_run
 .text.metal_fini_run
                0x0000000020017502       0x16 C:/Users/nandg/Desktop/FE310-G003/sifive_hifive1_revb_sifive_welcome/bsp/install/lib/debug/\libmetal.a(init.o)
                0x0000000020017502                metal_fini_run
 .text.metal_tty_putc
                0x0000000020017518       0x28 C:/Users/nandg/Desktop/FE310-G003/sifive_hifive1_revb_sifive_welcome/bsp/install/lib/debug/\libmetal.a(tty.o)
                0x0000000020017518                metal_tty_putc
 .text._exit    0x0000000020017540       0x14 C:/Users/nandg/Desktop/FE310-G003/sifive_hifive1_revb_sifive_welcome/bsp/install/lib/debug/\libmetal-gloss.a(sys_exit.o)
                0x0000000020017540                _exit
 *(.gnu.linkonce.t.*)

.rela.dyn       0x0000000020017554        0x0
 .rela.text.metal.init.enter
                0x0000000020017554        0x0 C:\Users\nandg\AppData\Local\Temp\ccao3F3U.o
 .rela.text.metal.init.scrub
                0x0000000020017554        0x0 C:\Users\nandg\AppData\Local\Temp\ccao3F3U.o
 .rela.text.metal_gpio_get_device
                0x0000000020017554        0x0 C:\Users\nandg\AppData\Local\Temp\ccao3F3U.o
 .rela.text.__metal_driver_cpu_get
                0x0000000020017554        0x0 C:\Users\nandg\AppData\Local\Temp\ccao3F3U.o
 .rela.text.metal_software_interrupt_vector_handler
                0x0000000020017554        0x0 C:\Users\nandg\AppData\Local\Temp\ccao3F3U.o
 .rela.text.__metal_default_sw_handler
                0x0000000020017554        0x0 C:\Users\nandg\AppData\Local\Temp\ccao3F3U.o
 .rela.text.metal_timer_interrupt_vector_handler
                0x0000000020017554        0x0 C:\Users\nandg\AppData\Local\Temp\ccao3F3U.o
 .rela.text.__metal_exception_handler
                0x0000000020017554        0x0 C:\Users\nandg\AppData\Local\Temp\ccao3F3U.o
 .rela.text.metal_lc0_interrupt_vector_handler
                0x0000000020017554        0x0 C:\Users\nandg\AppData\Local\Temp\ccao3F3U.o
 .rela.text.metal_lc1_interrupt_vector_handler
                0x0000000020017554        0x0 C:\Users\nandg\AppData\Local\Temp\ccao3F3U.o
 .rela.text.metal_lc2_interrupt_vector_handler
                0x0000000020017554        0x0 C:\Users\nandg\AppData\Local\Temp\ccao3F3U.o
 .rela.text.metal_lc3_interrupt_vector_handler
                0x0000000020017554        0x0 C:\Users\nandg\AppData\Local\Temp\ccao3F3U.o
 .rela.text.metal_lc4_interrupt_vector_handler
                0x0000000020017554        0x0 C:\Users\nandg\AppData\Local\Temp\ccao3F3U.o
 .rela.text.metal_lc5_interrupt_vector_handler
                0x0000000020017554        0x0 C:\Users\nandg\AppData\Local\Temp\ccao3F3U.o
 .rela.text.metal_lc6_interrupt_vector_handler
                0x0000000020017554        0x0 C:\Users\nandg\AppData\Local\Temp\ccao3F3U.o
 .rela.text.metal_lc7_interrupt_vector_handler
                0x0000000020017554        0x0 C:\Users\nandg\AppData\Local\Temp\ccao3F3U.o
 .rela.text.metal_lc8_interrupt_vector_handler
                0x0000000020017554        0x0 C:\Users\nandg\AppData\Local\Temp\ccao3F3U.o
 .rela.text.metal_lc9_interrupt_vector_handler
                0x0000000020017554        0x0 C:\Users\nandg\AppData\Local\Temp\ccao3F3U.o
 .rela.text.metal_lc10_interrupt_vector_handler
                0x0000000020017554        0x0 C:\Users\nandg\AppData\Local\Temp\ccao3F3U.o
 .rela.text.metal_lc11_interrupt_vector_handler
                0x0000000020017554        0x0 C:\Users\nandg\AppData\Local\Temp\ccao3F3U.o
 .rela.text.metal_lc12_interrupt_vector_handler
                0x0000000020017554        0x0 C:\Users\nandg\AppData\Local\Temp\ccao3F3U.o
 .rela.text.metal_lc13_interrupt_vector_handler
                0x0000000020017554        0x0 C:\Users\nandg\AppData\Local\Temp\ccao3F3U.o
 .rela.text.metal_lc14_interrupt_vector_handler
                0x0000000020017554        0x0 C:\Users\nandg\AppData\Local\Temp\ccao3F3U.o
 .rela.text.metal_lc15_interrupt_vector_handler
                0x0000000020017554        0x0 C:\Users\nandg\AppData\Local\Temp\ccao3F3U.o
 .rela.text.metal_cpu_get
                0x0000000020017554        0x0 C:\Users\nandg\AppData\Local\Temp\ccao3F3U.o
 .rela.text     0x0000000020017554        0x0 C:\Users\nandg\AppData\Local\Temp\ccao3F3U.o
 .rela.text.libgloss.start
                0x0000000020017554        0x0 C:\Users\nandg\AppData\Local\Temp\ccao3F3U.o
 .rela.sdata.__brk
                0x0000000020017554        0x0 C:\Users\nandg\AppData\Local\Temp\ccao3F3U.o
 .rela.text._sbrk
                0x0000000020017554        0x0 C:\Users\nandg\AppData\Local\Temp\ccao3F3U.o
 .rela.text.__libc_fini_array
                0x0000000020017554        0x0 C:\Users\nandg\AppData\Local\Temp\ccao3F3U.o
 .rela.text.__libc_init_array
                0x0000000020017554        0x0 C:\Users\nandg\AppData\Local\Temp\ccao3F3U.o
 .rela.text.__register_exitproc
                0x0000000020017554        0x0 C:\Users\nandg\AppData\Local\Temp\ccao3F3U.o
 .rela.text.metal_init
                0x0000000020017554        0x0 C:\Users\nandg\AppData\Local\Temp\ccao3F3U.o
 .rela.text.metal_fini
                0x0000000020017554        0x0 C:\Users\nandg\AppData\Local\Temp\ccao3F3U.o

.data           0x0000000080000000      0xac8 load address 0x0000000020017558
 *(.data .data.*)
 .data.impure_data
                0x0000000080000000       0x60 c:/freedomstudio/sifive/riscv64-unknown-elf-toolchain-10.2.0-2020.12.8/bin/../lib/gcc/riscv64-unknown-elf/10.2.0/../../../../riscv64-unknown-elf/lib/rv32imac/ilp32\libc_nano.a(lib_a-impure.o)
 .data.__metal_dt_clock_0
                0x0000000080000060        0xc C:/Users/nandg/Desktop/FE310-G003/sifive_hifive1_revb_sifive_welcome/bsp/install/lib/debug/\libmetal.a(inline.o)
                0x0000000080000060                __metal_dt_clock_0
 .data.__metal_dt_clock_2
                0x000000008000006c        0xc C:/Users/nandg/Desktop/FE310-G003/sifive_hifive1_revb_sifive_welcome/bsp/install/lib/debug/\libmetal.a(inline.o)
                0x000000008000006c                __metal_dt_clock_2
 .data.__metal_dt_clock_5
                0x0000000080000078        0xc C:/Users/nandg/Desktop/FE310-G003/sifive_hifive1_revb_sifive_welcome/bsp/install/lib/debug/\libmetal.a(inline.o)
                0x0000000080000078                __metal_dt_clock_5
 .data.__metal_dt_clock_6
                0x0000000080000084        0xc C:/Users/nandg/Desktop/FE310-G003/sifive_hifive1_revb_sifive_welcome/bsp/install/lib/debug/\libmetal.a(inline.o)
                0x0000000080000084                __metal_dt_clock_6
 .data.__metal_dt_cpu_0_interrupt_controller
                0x0000000080000090      0x3d0 C:/Users/nandg/Desktop/FE310-G003/sifive_hifive1_revb_sifive_welcome/bsp/install/lib/debug/\libmetal.a(inline.o)
                0x0000000080000090                __metal_dt_cpu_0_interrupt_controller
 .data.__metal_dt_interrupt_controller_c000000