Archive member included to satisfy reference by file (symbol)

c:/freedomstudio/sifive/riscv64-unknown-elf-toolchain-10.2.0-2020.12.8/bin/../lib/gcc/riscv64-unknown-elf/10.2.0/../../../../riscv64-unknown-elf/lib/rv32imac/ilp32\libc_nano.a(lib_a-putchar.o)
                              C:\Users\nandg\AppData\Local\Temp\ccA8Z3nQ.o (putchar)
c:/freedomstudio/sifive/riscv64-unknown-elf-toolchain-10.2.0-2020.12.8/bin/../lib/gcc/riscv64-unknown-elf/10.2.0/../../../../riscv64-unknown-elf/lib/rv32imac/ilp32\libc_nano.a(lib_a-putc.o)
                              c:/freedomstudio/sifive/riscv64-unknown-elf-toolchain-10.2.0-2020.12.8/bin/../lib/gcc/riscv64-unknown-elf/10.2.0/../../../../riscv64-unknown-elf/lib/rv32imac/ilp32\libc_nano.a(lib_a-putchar.o) (_putc_r)
c:/freedomstudio/sifive/riscv64-unknown-elf-toolchain-10.2.0-2020.12.8/bin/../lib/gcc/riscv64-unknown-elf/10.2.0/../../../../riscv64-unknown-elf/lib/rv32imac/ilp32\libc_nano.a(lib_a-puts.o)
                              C:\Users\nandg\AppData\Local\Temp\ccA8Z3nQ.o (puts)
c:/freedomstudio/sifive/riscv64-unknown-elf-toolchain-10.2.0-2020.12.8/bin/../lib/gcc/riscv64-unknown-elf/10.2.0/../../../../riscv64-unknown-elf/lib/rv32imac/ilp32\libc_nano.a(lib_a-wbuf.o)
                              c:/freedomstudio/sifive/riscv64-unknown-elf-toolchain-10.2.0-2020.12.8/bin/../lib/gcc/riscv64-unknown-elf/10.2.0/../../../../riscv64-unknown-elf/lib/rv32imac/ilp32\libc_nano.a(lib_a-putc.o) (__swbuf_r)
c:/freedomstudio/sifive/riscv64-unknown-elf-toolchain-10.2.0-2020.12.8/bin/../lib/gcc/riscv64-unknown-elf/10.2.0/../../../../riscv64-unknown-elf/lib/rv32imac/ilp32\libc_nano.a(lib_a-wsetup.o)
                              c:/freedomstudio/sifive/riscv64-unknown-elf-toolchain-10.2.0-2020.12.8/bin/../lib/gcc/riscv64-unknown-elf/10.2.0/../../../../riscv64-unknown-elf/lib/rv32imac/ilp32\libc_nano.a(lib_a-puts.o) (__swsetup_r)
c:/freedomstudio/sifive/riscv64-unknown-elf-toolchain-10.2.0-2020.12.8/bin/../lib/gcc/riscv64-unknown-elf/10.2.0/../../../../riscv64-unknown-elf/lib/rv32imac/ilp32\libc_nano.a(lib_a-fflush.o)
                              c:/freedomstudio/sifive/riscv64-unknown-elf-toolchain-10.2.0-2020.12.8/bin/../lib/gcc/riscv64-unknown-elf/10.2.0/../../../../riscv64-unknown-elf/lib/rv32imac/ilp32\libc_nano.a(lib_a-wbuf.o) (_fflush_r)
c:/freedomstudio/sifive/riscv64-unknown-elf-toolchain-10.2.0-2020.12.8/bin/../lib/gcc/riscv64-unknown-elf/10.2.0/../../../../riscv64-unknown-elf/lib/rv32imac/ilp32\libc_nano.a(lib_a-findfp.o)
                              c:/freedomstudio/sifive/riscv64-unknown-elf-toolchain-10.2.0-2020.12.8/bin/../lib/gcc/riscv64-unknown-elf/10.2.0/../../../../riscv64-unknown-elf/lib/rv32imac/ilp32\libc_nano.a(lib_a-putchar.o) (__sinit)
c:/freedomstudio/sifive/riscv64-unknown-elf-toolchain-10.2.0-2020.12.8/bin/../lib/gcc/riscv64-unknown-elf/10.2.0/../../../../riscv64-unknown-elf/lib/rv32imac/ilp32\libc_nano.a(lib_a-fwalk.o)
                              c:/freedomstudio/sifive/riscv64-unknown-elf-toolchain-10.2.0-2020.12.8/bin/../lib/gcc/riscv64-unknown-elf/10.2.0/../../../../riscv64-unknown-elf/lib/rv32imac/ilp32\libc_nano.a(lib_a-findfp.o) (_fwalk)
c:/freedomstudio/sifive/riscv64-unknown-elf-toolchain-10.2.0-2020.12.8/bin/../lib/gcc/riscv64-unknown-elf/10.2.0/../../../../riscv64-unknown-elf/lib/rv32imac/ilp32\libc_nano.a(lib_a-impure.o)
                              c:/freedomstudio/sifive/riscv64-unknown-elf-toolchain-10.2.0-2020.12.8/bin/../lib/gcc/riscv64-unknown-elf/10.2.0/../../../../riscv64-unknown-elf/lib/rv32imac/ilp32\libc_nano.a(lib_a-fflush.o) (_global_impure_ptr)
c:/freedomstudio/sifive/riscv64-unknown-elf-toolchain-10.2.0-2020.12.8/bin/../lib/gcc/riscv64-unknown-elf/10.2.0/../../../../riscv64-unknown-elf/lib/rv32imac/ilp32\libc_nano.a(lib_a-makebuf.o)
                              c:/freedomstudio/sifive/riscv64-unknown-elf-toolchain-10.2.0-2020.12.8/bin/../lib/gcc/riscv64-unknown-elf/10.2.0/../../../../riscv64-unknown-elf/lib/rv32imac/ilp32\libc_nano.a(lib_a-wsetup.o) (__smakebuf_r)
c:/freedomstudio/sifive/riscv64-unknown-elf-toolchain-10.2.0-2020.12.8/bin/../lib/gcc/riscv64-unknown-elf/10.2.0/../../../../riscv64-unknown-elf/lib/rv32imac/ilp32\libc_nano.a(lib_a-memset.o)
                              c:/freedomstudio/sifive/riscv64-unknown-elf-toolchain-10.2.0-2020.12.8/bin/../lib/gcc/riscv64-unknown-elf/10.2.0/../../../../riscv64-unknown-elf/lib/rv32imac/ilp32\libc_nano.a(lib_a-findfp.o) (memset)
c:/freedomstudio/sifive/riscv64-unknown-elf-toolchain-10.2.0-2020.12.8/bin/../lib/gcc/riscv64-unknown-elf/10.2.0/../../../../riscv64-unknown-elf/lib/rv32imac/ilp32\libc_nano.a(lib_a-nano-freer.o)
                              c:/freedomstudio/sifive/riscv64-unknown-elf-toolchain-10.2.0-2020.12.8/bin/../lib/gcc/riscv64-unknown-elf/10.2.0/../../../../riscv64-unknown-elf/lib/rv32imac/ilp32\libc_nano.a(lib_a-wsetup.o) (_free_r)
[...]
Memory Configuration

Name             Origin             Length             Attributes
itim             0x0000000008000000 0x0000000000002000 axrwl
ram              0x0000000080000000 0x0000000000004000 arw !xl
rom              0x0000000020010000 0x000000000006a120 xrl !aw
*default*        0x0000000000000000 0xffffffffffffffff

Linker script and memory map

LOAD C:\Users\nandg\AppData\Local\Temp\ccA8Z3nQ.o
START GROUP
LOAD c:/freedomstudio/sifive/riscv64-unknown-elf-toolchain-10.2.0-2020.12.8/bin/../lib/gcc/riscv64-unknown-elf/10.2.0/../../../../riscv64-unknown-elf/lib/rv32imac/ilp32\libc_nano.a
LOAD c:/freedomstudio/sifive/riscv64-unknown-elf-toolchain-10.2.0-2020.12.8/bin/../lib/gcc/riscv64-unknown-elf/10.2.0/rv32imac/ilp32\libgcc.a
LOAD c:/freedomstudio/sifive/riscv64-unknown-elf-toolchain-10.2.0-2020.12.8/bin/../lib/gcc/riscv64-unknown-elf/10.2.0/../../../../riscv64-unknown-elf/lib/rv32imac/ilp32\libm_nano.a
LOAD C:/Users/nandg/Desktop/Athena_Welcome_Demo/sifive_hifive1_revb_sifive_welcome/bsp/install/lib/debug/\libmetal.a
LOAD C:/Users/nandg/Desktop/Athena_Welcome_Demo/sifive_hifive1_revb_sifive_welcome/bsp/install/lib/debug/\libmetal-gloss.a
END GROUP
                0x0000000000000400                __stack_size = DEFINED (__stack_size)?__stack_size:0x400
                [!provide]                        PROVIDE (__stack_size = __stack_size)
                0x0000000000000800                __heap_size = DEFINED (__heap_size)?__heap_size:0x800
                0x0000000000000000                PROVIDE (__metal_boot_hart = 0x0)
                0x0000000000000001                PROVIDE (__metal_chicken_bit = 0x1)
                0x0000000000000000                PROVIDE (__metal_eccscrub_bit = 0x0)
                [!provide]                        PROVIDE (metal_dtim_0_memory_start = 0x80000000)
                [!provide]                        PROVIDE (metal_dtim_0_memory_end = 0x80004000)
                [!provide]                        PROVIDE (metal_itim_0_memory_start = 0x8000000)
                [!provide]                        PROVIDE (metal_itim_0_memory_end = 0x8002000)

.init           0x0000000020010000      0x2dc
 *(.text.metal.init.enter)
 .text.metal.init.enter
                0x0000000020010000       0x88 C:/Users/nandg/Desktop/Athena_Welcome_Demo/sifive_hifive1_revb_sifive_welcome/bsp/install/lib/debug/\libmetal.a(entry.o)
                0x0000000020010000                _enter
 *(.text.metal.init.*)
 .text.metal.init.__register_frame_info
                0x0000000020010088        0x2 C:/Users/nandg/Desktop/Athena_Welcome_Demo/sifive_hifive1_revb_sifive_welcome/bsp/install/lib/debug/\libmetal.a(entry.o)
                0x0000000020010088                __register_frame_info
 .text.metal.init.scrub
                0x000000002001008a       0xa8 C:/Users/nandg/Desktop/Athena_Welcome_Demo/sifive_hifive1_revb_sifive_welcome/bsp/install/lib/debug/\libmetal.a(scrub.o)
                0x000000002001008a                metal_mem_scrub
                0x00000000200100cc                __metal_before_start
 *fill*         0x0000000020010132        0x2 
 .text.metal.init.trapvec
                0x0000000020010134        0xe C:/Users/nandg/Desktop/Athena_Welcome_Demo/sifive_hifive1_revb_sifive_welcome/bsp/install/lib/debug/\libmetal.a(trap.o)
                0x0000000020010134                early_trap_vector
 *(SORT_NONE(.init))
 .init          0x0000000020010142        0xe C:/Users/nandg/Desktop/Athena_Welcome_Demo/sifive_hifive1_revb_sifive_welcome/bsp/install/lib/debug/\libmetal.a(synchronize_harts.o)
                0x0000000020010142                __metal_synchronize_harts
 *(.text.libgloss.start)
 .text.libgloss.start
                0x0000000020010150      0x18c C:/Users/nandg/Desktop/Athena_Welcome_Demo/sifive_hifive1_revb_sifive_welcome/bsp/install/lib/debug/\libmetal-gloss.a(crt0.o)
                0x0000000020010150                _start
                0x00000000200102ba                _fini
                0x00000000200102ba                _init
                0x00000000200102bc                secondary_main

.fini
 *(SORT_NONE(.fini))

.preinit_array  0x00000000200102e0        0x0
                0x00000000200102e0                PROVIDE (__preinit_array_start = .)
 *(.preinit_array)
                0x00000000200102e0                PROVIDE (__preinit_array_end = .)

.init_array     0x00000000200102e0        0xc
                0x00000000200102e0                PROVIDE (__init_array_start = .)
 *(SORT_BY_INIT_PRIORITY(.init_array.*) SORT_BY_INIT_PRIORITY(.ctors.*))
 *(.init_array EXCLUDE_FILE(*crtend?.o *crtend.o *crtbegin?.o *crtbegin.o) .ctors)
                0x00000000200102e0                PROVIDE (__init_array_end = .)
                0x00000000200102e0                PROVIDE (metal_constructors_start = .)
 *(SORT_BY_INIT_PRIORITY(.metal.init_array.*))
 .metal.init_array.5000
                0x00000000200102e0        0x8 C:/Users/nandg/Desktop/Athena_Welcome_Demo/sifive_hifive1_revb_sifive_welcome/bsp/install/lib/debug/\libmetal.a(sifive_fe310-g000_pll.o)
                0x00000000200102e0                _metal_sifive_fe310_g000_pll_init_ptr
                0x00000000200102e4                _use_hfxosc_ptr
 .metal.init_array.5000
                0x00000000200102e8        0x4 C:/Users/nandg/Desktop/Athena_Welcome_Demo/sifive_hifive1_revb_sifive_welcome/bsp/install/lib/debug/\libmetal.a(tty.o)
                0x00000000200102e8                _metal_tty_init_ptr
 *(.metal.init_array)
                0x00000000200102ec                PROVIDE (metal_constructors_end = .)

.fini_array     0x00000000200102f0        0x0
                0x00000000200102f0                PROVIDE (__fini_array_start = .)
 *(SORT_BY_INIT_PRIORITY(.fini_array.*) SORT_BY_INIT_PRIORITY(.dtors.*))
 *(.fini_array EXCLUDE_FILE(*crtend?.o *crtend.o *crtbegin?.o *crtbegin.o) .dtors)
                0x00000000200102f0                PROVIDE (__fini_array_end = .)
                0x00000000200102f0                PROVIDE (metal_destructors_start = .)
 *(SORT_BY_INIT_PRIORITY(.metal.fini_array.*))
 *(.metal.fini_array)
                0x00000000200102f0                PROVIDE (metal_destructors_end = .)

.ctors          0x00000000200102ec       0x7a
 *crtbegin.o(.ctors)
 *crtbegin?.o(.ctors)
 *(EXCLUDE_FILE(*crtend?.o *crtend.o) .ctors)
 *(SORT_BY_NAME(.ctors.*))
 *(.ctors)
 *(.metal.ctors .metal.ctors.*)
 .metal.ctors   0x00000000200102ec       0x56 C:/Users/nandg/Desktop/Athena_Welcome_Demo/sifive_hifive1_revb_sifive_welcome/bsp/install/lib/debug/\libmetal.a(sifive_fe310-g000_pll.o)
                0x00000000200102ec                metal_sifive_fe310_g000_pll_init
                0x0000000020010318                use_hfxosc
 .metal.ctors   0x0000000020010342       0x24 C:/Users/nandg/Desktop/Athena_Welcome_Demo/sifive_hifive1_revb_sifive_welcome/bsp/install/lib/debug/\libmetal.a(tty.o)
                0x0000000020010342                metal_tty_init

.dtors
 *crtbegin.o(.dtors)
 *crtbegin?.o(.dtors)
 *(EXCLUDE_FILE(*crtend?.o *crtend.o) .dtors)
 *(SORT_BY_NAME(.dtors.*))
 *(.dtors)
 *(.metal.dtors .metal.dtors.*)

.rodata         0x0000000020010368     0x106c
 *(.rdata)
 *(.rodata .rodata.*)
 .rodata        0x0000000020010368      0x468 C:\Users\nandg\AppData\Local\Temp\ccA8Z3nQ.o
 .rodata.__sf_fake_stderr
                0x00000000200107d0       0x20 c:/freedomstudio/sifive/riscv64-unknown-elf-toolchain-10.2.0-2020.12.8/bin/../lib/gcc/riscv64-unknown-elf/10.2.0/../../../../riscv64-unknown-elf/lib/rv32imac/ilp32\libc_nano.a(lib_a-findfp.o)
                0x00000000200107d0                __sf_fake_stderr
 .rodata.__sf_fake_stdin
                0x00000000200107f0       0x20 c:/freedomstudio/sifive/riscv64-unknown-elf-toolchain-10.2.0-2020.12.8/bin/../lib/gcc/riscv64-unknown-elf/10.2.0/../../../../riscv64-unknown-elf/lib/rv32imac/ilp32\libc_nano.a(lib_a-findfp.o)
                0x00000000200107f0                __sf_fake_stdin
 .rodata.__sf_fake_stdout
                0x0000000020010810       0x20 c:/freedomstudio/sifive/riscv64-unknown-elf-toolchain-10.2.0-2020.12.8/bin/../lib/gcc/riscv64-unknown-elf/10.2.0/../../../../riscv64-unknown-elf/lib/rv32imac/ilp32\libc_nano.a(lib_a-findfp.o)
                0x0000000020010810                __sf_fake_stdout
 .rodata.__metal_driver_vtable_riscv_clint0
                0x0000000020010830       0x64 C:/Users/nandg/Desktop/Athena_Welcome_Demo/sifive_hifive1_revb_sifive_welcome/bsp/install/lib/debug/\libmetal.a(riscv_clint0.o)
                0x0000000020010830                __metal_driver_vtable_riscv_clint0
 .rodata.__metal_local_interrupt_enable
                0x0000000020010894       0x80 C:/Users/nandg/Desktop/Athena_Welcome_Demo/sifive_hifive1_revb_sifive_welcome/bsp/install/lib/debug/\libmetal.a(riscv_cpu.o)
 .rodata.__metal_driver_vtable_riscv_cpu_intc
                0x0000000020010914       0x64 C:/Users/nandg/Desktop/Athena_Welcome_Demo/sifive_hifive1_revb_sifive_welcome/bsp/install/lib/debug/\libmetal.a(riscv_cpu.o)
                0x0000000020010914                __metal_driver_vtable_riscv_cpu_intc
 .rodata.__metal_driver_vtable_cpu
                0x0000000020010978       0x44 C:/Users/nandg/Desktop/Athena_Welcome_Demo/sifive_hifive1_revb_sifive_welcome/bsp/install/lib/debug/\libmetal.a(riscv_cpu.o)
                0x0000000020010978                __metal_driver_vtable_cpu
 .rodata.__metal_driver_vtable_riscv_plic0
                0x00000000200109bc       0x64 C:/Users/nandg/Desktop/Athena_Welcome_Demo/sifive_hifive1_revb_sifive_welcome/bsp/install/lib/debug/\libmetal.a(riscv_plic0.o)
                0x00000000200109bc                __metal_driver_vtable_riscv_plic0
 .rodata.pll_configs
                0x0000000020010a20      0x880 C:/Users/nandg/Desktop/Athena_Welcome_Demo/sifive_hifive1_revb_sifive_welcome/bsp/install/lib/debug/\libmetal.a(sifive_fe310-g000_pll.o)
 .rodata.__metal_driver_vtable_sifive_fe310_g000_pll
                0x00000000200112a0        0xc C:/Users/nandg/Desktop/Athena_Welcome_Demo/sifive_hifive1_revb_sifive_welcome/bsp/install/lib/debug/\libmetal.a(sifive_fe310-g000_pll.o)
                0x00000000200112a0                __metal_driver_vtable_sifive_fe310_g000_pll
 .rodata        0x00000000200112ac       0x1d C:/Users/nandg/Desktop/Athena_Welcome_Demo/sifive_hifive1_revb_sifive_welcome/bsp/install/lib/debug/\libmetal.a(sifive_gpio-leds.o)
 *fill*         0x00000000200112c9        0x3 
 .rodata.__metal_driver_vtable_sifive_led
                0x00000000200112cc       0x14 C:/Users/nandg/Desktop/Athena_Welcome_Demo/sifive_hifive1_revb_sifive_welcome/bsp/install/lib/debug/\libmetal.a(sifive_gpio-leds.o)
                0x00000000200112cc                __metal_driver_vtable_sifive_led
 .rodata.__metal_driver_sifive_gpio0_config_int
                0x00000000200112e0       0x20 C:/Users/nandg/Desktop/Athena_Welcome_Demo/sifive_hifive1_revb_sifive_welcome/bsp/install/lib/debug/\libmetal.a(sifive_gpio0.o)
 .rodata.__metal_driver_sifive_gpio0_clear_int
                0x0000000020011300       0x20 C:/Users/nandg/Desktop/Athena_Welcome_Demo/sifive_hifive1_revb_sifive_welcome/bsp/install/lib/debug/\libmetal.a(sifive_gpio0.o)
 .rodata.__metal_driver_vtable_sifive_gpio0
                0x0000000020011320       0x3c C:/Users/nandg/Desktop/Athena_Welcome_Demo/sifive_hifive1_revb_sifive_welcome/bsp/install/lib/debug/\libmetal.a(sifive_gpio0.o)
                0x0000000020011320                __metal_driver_vtable_sifive_gpio0
 .rodata.__metal_driver_vtable_sifive_uart0
                0x000000002001135c       0x40 C:/Users/nandg/Desktop/Athena_Welcome_Demo/sifive_hifive1_revb_sifive_welcome/bsp/install/lib/debug/\libmetal.a(sifive_uart0.o)
                0x000000002001135c                __metal_driver_vtable_sifive_uart0
 .rodata.libgloss.start
                0x000000002001139c       0x11 C:/Users/nandg/Desktop/Athena_Welcome_Demo/sifive_hifive1_revb_sifive_welcome/bsp/install/lib/debug/\libmetal-gloss.a(crt0.o)
 *(.gnu.linkonce.r.*)
                0x00000000200113b0                . = ALIGN (0x8)
 *fill*         0x00000000200113ad        0x3 
 *(.srodata.cst16)
 *(.srodata.cst8)
 *(.srodata.cst4)
 *(.srodata.cst2)
 *(.srodata .srodata.*)
 .srodata._global_impure_ptr
                0x00000000200113b0        0x4 c:/freedomstudio/sifive/riscv64-unknown-elf-toolchain-10.2.0-2020.12.8/bin/../lib/gcc/riscv64-unknown-elf/10.2.0/../../../../riscv64-unknown-elf/lib/rv32imac/ilp32\libc_nano.a(lib_a-impure.o)
                0x00000000200113b0                _global_impure_ptr
 .srodata.__metal_driver_vtable_sifive_fe310_g000_hfrosc
                0x00000000200113b4        0x8 C:/Users/nandg/Desktop/Athena_Welcome_Demo/sifive_hifive1_revb_sifive_welcome/bsp/install/lib/debug/\libmetal.a(sifive_fe310-g000_hfrosc.o)
                0x00000000200113b4                __metal_driver_vtable_sifive_fe310_g000_hfrosc
 .srodata.__metal_driver_vtable_sifive_fe310_g000_hfxosc
                0x00000000200113bc        0x8 C:/Users/nandg/Desktop/Athena_Welcome_Demo/sifive_hifive1_revb_sifive_welcome/bsp/install/lib/debug/\libmetal.a(sifive_fe310-g000_hfxosc.o)
                0x00000000200113bc                __metal_driver_vtable_sifive_fe310_g000_hfxosc
 .srodata.__metal_driver_vtable_sifive_fe310_g000_prci
                0x00000000200113c4        0x8 C:/Users/nandg/Desktop/Athena_Welcome_Demo/sifive_hifive1_revb_sifive_welcome/bsp/install/lib/debug/\libmetal.a(sifive_fe310-g000_prci.o)
                0x00000000200113c4                __metal_driver_vtable_sifive_fe310_g000_prci
 .srodata.__metal_driver_vtable_fixed_clock
                0x00000000200113cc        0x8 C:/Users/nandg/Desktop/Athena_Welcome_Demo/sifive_hifive1_revb_sifive_welcome/bsp/install/lib/debug/\libmetal.a(fixed-clock.o)
                0x00000000200113cc                __metal_driver_vtable_fixed_clock

.itim           0x0000000008000000        0x0 load address 0x00000000200113d8
 *(.itim .itim.*)
                0x00000000200113d8                PROVIDE (metal_segment_itim_source_start = LOADADDR (.itim))
                0x0000000008000000                PROVIDE (metal_segment_itim_target_start = ADDR (.itim))
                0x0000000008000000                PROVIDE (metal_segment_itim_target_end = (ADDR (.itim) + SIZEOF (.itim)))

.lim            0x0000000080000000        0x0 load address 0x00000000200113d8
 *(.lim .lim.*)
                0x00000000200113d8                PROVIDE (metal_segment_lim_source_start = LOADADDR (.lim))
                0x0000000080000000                PROVIDE (metal_segment_lim_target_start = ADDR (.lim))
                0x0000000080000000                PROVIDE (metal_segment_lim_target_end = (ADDR (.lim) + SIZEOF (.lim)))

.text           0x0000000020011400     0x6500
 *(.text.unlikely .text.unlikely.*)
 *(.text.startup .text.startup.*)
 *(.text .text.*)
 .text.display_banner
                0x0000000020011400      0x10c C:\Users\nandg\AppData\Local\Temp\ccA8Z3nQ.o
                0x0000000020011400                display_banner
 .text.timer_isr
                0x000000002001150c       0x30 C:\Users\nandg\AppData\Local\Temp\ccA8Z3nQ.o
                0x000000002001150c                timer_isr
 .text.wait_for_timer
                0x000000002001153c       0x7e C:\Users\nandg\AppData\Local\Temp\ccA8Z3nQ.o
                0x000000002001153c                wait_for_timer
 .text.main     0x00000000200115ba      0x1b0 C:\Users\nandg\AppData\Local\Temp\ccA8Z3nQ.o
                0x00000000200115ba                main
 .text.putchar  0x000000002001176a       0x2a c:/freedomstudio/sifive/riscv64-unknown-elf-toolchain-10.2.0-2020.12.8/bin/../lib/gcc/riscv64-unknown-elf/10.2.0/../../../../riscv64-unknown-elf/lib/rv32imac/ilp32\libc_nano.a(lib_a-putchar.o)
                0x000000002001176a                putchar
 .text._putc_r  0x0000000020011794       0x82 c:/freedomstudio/sifive/riscv64-unknown-elf-toolchain-10.2.0-2020.12.8/bin/../lib/gcc/riscv64-unknown-elf/10.2.0/../../../../riscv64-unknown-elf/lib/rv32imac/ilp32\libc_nano.a(lib_a-putc.o)
                0x0000000020011794                _putc_r
 .text._puts_r  0x0000000020011816       0xda c:/freedomstudio/sifive/riscv64-unknown-elf-toolchain-10.2.0-2020.12.8/bin/../lib/gcc/riscv64-unknown-elf/10.2.0/../../../../riscv64-unknown-elf/lib/rv32imac/ilp32\libc_nano.a(lib_a-puts.o)
                0x0000000020011816                _puts_r
 .text.puts     0x00000000200118f0        0xc c:/freedomstudio/sifive/riscv64-unknown-elf-toolchain-10.2.0-2020.12.8/bin/../lib/gcc/riscv64-unknown-elf/10.2.0/../../../../riscv64-unknown-elf/lib/rv32imac/ilp32\libc_nano.a(lib_a-puts.o)
                0x00000000200118f0                puts
 .text.__swbuf_r
                0x00000000200118fc       0xc0 c:/freedomstudio/sifive/riscv64-unknown-elf-toolchain-10.2.0-2020.12.8/bin/../lib/gcc/riscv64-unknown-elf/10.2.0/../../../../riscv64-unknown-elf/lib/rv32imac/ilp32\libc_nano.a(lib_a-wbuf.o)
                0x00000000200118fc                __swbuf_r
 .text.__swsetup_r
                0x00000000200119bc      0x10a c:/freedomstudio/sifive/riscv64-unknown-elf-toolchain-10.2.0-2020.12.8/bin/../lib/gcc/riscv64-unknown-elf/10.2.0/../../../../riscv64-unknown-elf/lib/rv32imac/ilp32\libc_nano.a(lib_a-wsetup.o)
                0x00000000200119bc                __swsetup_r
 .text.__sflush_r
                0x0000000020011ac6      0x146 c:/freedomstudio/sifive/riscv64-unknown-elf-toolchain-10.2.0-2020.12.8/bin/../lib/gcc/riscv64-unknown-elf/10.2.0/../../../../riscv64-unknown-elf/lib/rv32imac/ilp32\libc_nano.a(lib_a-fflush.o)
                0x0000000020011ac6                __sflush_r
 .text._fflush_r
                0x0000000020011c0c       0x64 c:/freedomstudio/sifive/riscv64-unknown-elf-toolchain-10.2.0-2020.12.8/bin/../lib/gcc/riscv64-unknown-elf/10.2.0/../../../../riscv64-unknown-elf/lib/rv32imac/ilp32\libc_nano.a(lib_a-fflush.o)
                0x0000000020011c0c                _fflush_r
 .text.std      0x0000000020011c70       0x68 c:/freedomstudio/sifive/riscv64-unknown-elf-toolchain-10.2.0-2020.12.8/bin/../lib/gcc/riscv64-unknown-elf/10.2.0/../../../../riscv64-unknown-elf/lib/rv32imac/ilp32\libc_nano.a(lib_a-findfp.o)
 .text._cleanup_r
                0x0000000020011cd8        0xa c:/freedomstudio/sifive/riscv64-unknown-elf-toolchain-10.2.0-2020.12.8/bin/../lib/gcc/riscv64-unknown-elf/10.2.0/../../../../riscv64-unknown-elf/lib/rv32imac/ilp32\libc_nano.a(lib_a-findfp.o)
                0x0000000020011cd8                _cleanup_r
 .text.__sfmoreglue
                0x0000000020011ce2       0x44 c:/freedomstudio/sifive/riscv64-unknown-elf-toolchain-10.2.0-2020.12.8/bin/../lib/gcc/riscv64-unknown-elf/10.2.0/../../../../riscv64-unknown-elf/lib/rv32imac/ilp32\libc_nano.a(lib_a-findfp.o)
                0x0000000020011ce2                __sfmoreglue
 .text.__sinit  0x0000000020011d26       0x6a c:/freedomstudio/sifive/riscv64-unknown-elf-toolchain-10.2.0-2020.12.8/bin/../lib/gcc/riscv64-unknown-elf/10.2.0/../../../../riscv64-unknown-elf/lib/rv32imac/ilp32\libc_nano.a(lib_a-findfp.o)
                0x0000000020011d26                __sinit
 .text.__sfp    0x0000000020011d90       0x9c c:/freedomstudio/sifive/riscv64-unknown-elf-toolchain-10.2.0-2020.12.8/bin/../lib/gcc/riscv64-unknown-elf/10.2.0/../../../../riscv64-unknown-elf/lib/rv32imac/ilp32\libc_nano.a(lib_a-findfp.o)
                0x0000000020011d90                __sfp
 .text._fwalk_reent
                0x0000000020011e2c       0x6a c:/freedomstudio/sifive/riscv64-unknown-elf-toolchain-10.2.0-2020.12.8/bin/../lib/gcc/riscv64-unknown-elf/10.2.0/../../../../riscv64-unknown-elf/lib/rv32imac/ilp32\libc_nano.a(lib_a-fwalk.o)
                0x0000000020011e2c                _fwalk_reent
 .text.__swhatbuf_r
                0x0000000020011e96       0x5a c:/freedomstudio/sifive/riscv64-unknown-elf-toolchain-10.2.0-2020.12.8/bin/../lib/gcc/riscv64-unknown-elf/10.2.0/../../../../riscv64-unknown-elf/lib/rv32imac/ilp32\libc_nano.a(lib_a-makebuf.o)
                0x0000000020011e96                __swhatbuf_r
 .text.__smakebuf_r
                0x0000000020011ef0       0x9c c:/freedomstudio/sifive/riscv64-unknown-elf-toolchain-10.2.0-2020.12.8/bin/../lib/gcc/riscv64-unknown-elf/10.2.0/../../../../riscv64-unknown-elf/lib/rv32imac/ilp32\libc_nano.a(lib_a-makebuf.o)
                0x0000000020011ef0                __smakebuf_r
 .text          0x0000000020011f8c       0xa8 c:/freedomstudio/sifive/riscv64-unknown-elf-toolchain-10.2.0-2020.12.8/bin/../lib/gcc/riscv64-unknown-elf/10.2.0/../../../../riscv64-unknown-elf/lib/rv32imac/ilp32\libc_nano.a(lib_a-memset.o)
                0x0000000020011f8c                memset
 .text._free_r  0x0000000020012034       0xa2 c:/freedomstudio/sifive/riscv64-unknown-elf-toolchain-10.2.0-2020.12.8/bin/../lib/gcc/riscv64-unknown-elf/10.2.0/../../../../riscv64-unknown-elf/lib/rv32imac/ilp32\libc_nano.a(lib_a-nano-freer.o)
                0x0000000020012034                _free_r
 .text._malloc_r
                0x00000000200120d6       0xd8 c:/freedomstudio/sifive/riscv64-unknown-elf-toolchain-10.2.0-2020.12.8/bin/../lib/gcc/riscv64-unknown-elf/10.2.0/../../../../riscv64-unknown-elf/lib/rv32imac/ilp32\libc_nano.a(lib_a-nano-mallocr.o)
                0x00000000200120d6                _malloc_r
 .text._sbrk_r  0x00000000200121ae       0x30 c:/freedomstudio/sifive/riscv64-unknown-elf-toolchain-10.2.0-2020.12.8/bin/../lib/gcc/riscv64-unknown-elf/10.2.0/../../../../riscv64-unknown-elf/lib/rv32imac/ilp32\libc_nano.a(lib_a-sbrkr.o)
                0x00000000200121ae                _sbrk_r
 .text.__sread  0x00000000200121de       0x30 c:/freedomstudio/sifive/riscv64-unknown-elf-toolchain-10.2.0-2020.12.8/bin/../lib/gcc/riscv64-unknown-elf/10.2.0/../../../../riscv64-unknown-elf/lib/rv32imac/ilp32\libc_nano.a(lib_a-stdio.o)
                0x00000000200121de                __sread
 .text.__swrite
                0x000000002001220e       0x4e c:/freedomstudio/sifive/riscv64-unknown-elf-toolchain-10.2.0-2020.12.8/bin/../lib/gcc/riscv64-unknown-elf/10.2.0/../../../../riscv64-unknown-elf/lib/rv32imac/ilp32\libc_nano.a(lib_a-stdio.o)
                0x000000002001220e                __swrite
 .text.__sseek  0x000000002001225c       0x36 c:/freedomstudio/sifive/riscv64-unknown-elf-toolchain-10.2.0-2020.12.8/bin/../lib/gcc/riscv64-unknown-elf/10.2.0/../../../../riscv64-unknown-elf/lib/rv32imac/ilp32\libc_nano.a(lib_a-stdio.o)
                0x000000002001225c                __sseek
 .text.__sclose
                0x0000000020012292        0x6 c:/freedomstudio/sifive/riscv64-unknown-elf-toolchain-10.2.0-2020.12.8/bin/../lib/gcc/riscv64-unknown-elf/10.2.0/../../../../riscv64-unknown-elf/lib/rv32imac/ilp32\libc_nano.a(lib_a-stdio.o)
                0x0000000020012292                __sclose
 .text._write_r
                0x0000000020012298       0x34 c:/freedomstudio/sifive/riscv64-unknown-elf-toolchain-10.2.0-2020.12.8/bin/../lib/gcc/riscv64-unknown-elf/10.2.0/../../../../riscv64-unknown-elf/lib/rv32imac/ilp32\libc_nano.a(lib_a-writer.o)
                0x0000000020012298                _write_r
 .text._close_r
                0x00000000200122cc       0x30 c:/freedomstudio/sifive/riscv64-unknown-elf-toolchain-10.2.0-2020.12.8/bin/../lib/gcc/riscv64-unknown-elf/10.2.0/../../../../riscv64-unknown-elf/lib/rv32imac/ilp32\libc_nano.a(lib_a-closer.o)
                0x00000000200122cc                _close_r
 .text._fstat_r
                0x00000000200122fc       0x32 c:/freedomstudio/sifive/riscv64-unknown-elf-toolchain-10.2.0-2020.12.8/bin/../lib/gcc/riscv64-unknown-elf/10.2.0/../../../../riscv64-unknown-elf/lib/rv32imac/ilp32\libc_nano.a(lib_a-fstatr.o)
                0x00000000200122fc                _fstat_r
 .text._isatty_r
                0x000000002001232e       0x30 c:/freedomstudio/sifive/riscv64-unknown-elf-toolchain-10.2.0-2020.12.8/bin/../lib/gcc/riscv64-unknown-elf/10.2.0/../../../../riscv64-unknown-elf/lib/rv32imac/ilp32\libc_nano.a(lib_a-isattyr.o)
                0x000000002001232e                _isatty_r
 .text._lseek_r
                0x000000002001235e       0x34 c:/freedomstudio/sifive/riscv64-unknown-elf-toolchain-10.2.0-2020.12.8/bin/../lib/gcc/riscv64-unknown-elf/10.2.0/../../../../riscv64-unknown-elf/lib/rv32imac/ilp32\libc_nano.a(lib_a-lseekr.o)
                0x000000002001235e                _lseek_r
 .text.__malloc_lock
                0x0000000020012392        0x2 c:/freedomstudio/sifive/riscv64-unknown-elf-toolchain-10.2.0-2020.12.8/bin/../lib/gcc/riscv64-unknown-elf/10.2.0/../../../../riscv64-unknown-elf/lib/rv32imac/ilp32\libc_nano.a(lib_a-mlock.o)
                0x0000000020012392                __malloc_lock
 .text.__malloc_unlock
                0x0000000020012394        0x2 c:/freedomstudio/sifive/riscv64-unknown-elf-toolchain-10.2.0-2020.12.8/bin/../lib/gcc/riscv64-unknown-elf/10.2.0/../../../../riscv64-unknown-elf/lib/rv32imac/ilp32\libc_nano.a(lib_a-mlock.o)
                0x0000000020012394                __malloc_unlock
 .text._read_r  0x0000000020012396       0x34 c:/freedomstudio/sifive/riscv64-unknown-elf-toolchain-10.2.0-2020.12.8/bin/../lib/gcc/riscv64-unknown-elf/10.2.0/../../../../riscv64-unknown-elf/lib/rv32imac/ilp32\libc_nano.a(lib_a-readr.o)
                0x0000000020012396                _read_r
 .text.metal_cpu_get_mtime
                0x00000000200123ca       0x2a C:/Users/nandg/Desktop/Athena_Welcome_Demo/sifive_hifive1_revb_sifive_welcome/bsp/install/lib/debug/\libmetal.a(cpu.o)
                0x00000000200123ca                metal_cpu_get_mtime
 .text.metal_cpu_set_mtimecmp
                0x00000000200123f4       0x36 C:/Users/nandg/Desktop/Athena_Welcome_Demo/sifive_hifive1_revb_sifive_welcome/bsp/install/lib/debug/\libmetal.a(cpu.o)
                0x00000000200123f4                metal_cpu_set_mtimecmp
 .text.metal_cpu_timer_interrupt_controller
                0x000000002001242a       0x26 C:/Users/nandg/Desktop/Athena_Welcome_Demo/sifive_hifive1_revb_sifive_welcome/bsp/install/lib/debug/\libmetal.a(cpu.o)
                0x000000002001242a                metal_cpu_timer_interrupt_controller
 .text.metal_cpu_timer_get_interrupt_id
                0x0000000020012450       0x26 C:/Users/nandg/Desktop/Athena_Welcome_Demo/sifive_hifive1_revb_sifive_welcome/bsp/install/lib/debug/\libmetal.a(cpu.o)
                0x0000000020012450                metal_cpu_timer_get_interrupt_id
 .text.metal_cpu_interrupt_controller
                0x0000000020012476       0x26 C:/Users/nandg/Desktop/Athena_Welcome_Demo/sifive_hifive1_revb_sifive_welcome/bsp/install/lib/debug/\libmetal.a(cpu.o)
                0x0000000020012476                metal_cpu_interrupt_controller
 .text.metal_cpu_get
                0x000000002001249c       0x2e C:/Users/nandg/Desktop/Athena_Welcome_Demo/sifive_hifive1_revb_sifive_welcome/bsp/install/lib/debug/\libmetal.a(cpu.o)
                0x000000002001249c                metal_cpu_get
 .text.metal_cpu_get_current_hartid
                0x00000000200124ca       0x1a C:/Users/nandg/Desktop/Athena_Welcome_Demo/sifive_hifive1_revb_sifive_welcome/bsp/install/lib/debug/\libmetal.a(cpu.o)
                0x00000000200124ca                metal_cpu_get_current_hartid
 .text.metal_interrupt_init
                0x00000000200124e4       0x24 C:/Users/nandg/Desktop/Athena_Welcome_Demo/sifive_hifive1_revb_sifive_welcome/bsp/install/lib/debug/\libmetal.a(interrupt.o)
                0x00000000200124e4                metal_interrupt_init
 .text.metal_interrupt_register_handler
                0x0000000020012508       0x3e C:/Users/nandg/Desktop/Athena_Welcome_Demo/sifive_hifive1_revb_sifive_welcome/bsp/install/lib/debug/\libmetal.a(interrupt.o)
                0x0000000020012508                metal_interrupt_register_handler
 .text.metal_interrupt_enable
                0x0000000020012546       0x2e C:/Users/nandg/Desktop/Athena_Welcome_Demo/sifive_hifive1_revb_sifive_welcome/bsp/install/lib/debug/\libmetal.a(interrupt.o)
                0x0000000020012546                metal_interrupt_enable
 .text.metal_interrupt_disable
                0x0000000020012574       0x2e C:/Users/nandg/Desktop/Athena_Welcome_Demo/sifive_hifive1_revb_sifive_welcome/bsp/install/lib/debug/\libmetal.a(interrupt.o)
                0x0000000020012574                metal_interrupt_disable
 .text.metal_led_enable
                0x00000000200125a2       0x24 C:/Users/nandg/Desktop/Athena_Welcome_Demo/sifive_hifive1_revb_sifive_welcome/bsp/install/lib/debug/\libmetal.a(led.o)
                0x00000000200125a2                metal_led_enable
 .text.metal_led_on
                0x00000000200125c6       0x24 C:/Users/nandg/Desktop/Athena_Welcome_Demo/sifive_hifive1_revb_sifive_welcome/bsp/install/lib/debug/\libmetal.a(led.o)
                0x00000000200125c6                metal_led_on
 .text.metal_led_off
                0x00000000200125ea       0x24 C:/Users/nandg/Desktop/Athena_Welcome_Demo/sifive_hifive1_revb_sifive_welcome/bsp/install/lib/debug/\libmetal.a(led.o)
                0x00000000200125ea                metal_led_off
 .text.metal_led_get_rgb
                0x000000002001260e       0x96 C:/Users/nandg/Desktop/Athena_Welcome_Demo/sifive_hifive1_revb_sifive_welcome/bsp/install/lib/debug/\libmetal.a(led.o)
                0x000000002001260e                metal_led_get_rgb
 .text.__metal_driver_sifive_clint0_control_base
                0x00000000200126a4       0x2a C:/Users/nandg/Desktop/Athena_Welcome_Demo/sifive_hifive1_revb_sifive_welcome/bsp/install/lib/debug/\libmetal.a(riscv_clint0.o)
 .text.__metal_driver_sifive_clint0_num_interrupts
                0x00000000200126ce       0x28 C:/Users/nandg/Desktop/Athena_Welcome_Demo/sifive_hifive1_revb_sifive_welcome/bsp/install/lib/debug/\libmetal.a(riscv_clint0.o)
 .text.__metal_driver_sifive_clint0_interrupt_parents
                0x00000000200126f6       0x3c C:/Users/nandg/Desktop/Athena_Welcome_Demo/sifive_hifive1_revb_sifive_welcome/bsp/install/lib/debug/\libmetal.a(riscv_clint0.o)
 .text.__metal_driver_sifive_clint0_interrupt_lines
                0x0000000020012732       0x30 C:/Users/nandg/Desktop/Athena_Welcome_Demo/sifive_hifive1_revb_sifive_welcome/bsp/install/lib/debug/\libmetal.a(riscv_clint0.o)
 .text.__metal_clint0_mtime_get
                0x0000000020012762       0x9a C:/Users/nandg/Desktop/Athena_Welcome_Demo/sifive_hifive1_revb_sifive_welcome/bsp/install/lib/debug/\libmetal.a(riscv_clint0.o)
                0x0000000020012762                __metal_clint0_mtime_get
 .text.__metal_driver_riscv_clint0_mtimecmp_set
                0x00000000200127fc       0x96 C:/Users/nandg/Desktop/Athena_Welcome_Demo/sifive_hifive1_revb_sifive_welcome/bsp/install/lib/debug/\libmetal.a(riscv_clint0.o)
                0x00000000200127fc                __metal_driver_riscv_clint0_mtimecmp_set
 .text._get_cpu_intc
                0x0000000020012892       0x32 C:/Users/nandg/Desktop/Athena_Welcome_Demo/sifive_hifive1_revb_sifive_welcome/bsp/install/lib/debug/\libmetal.a(riscv_clint0.o)
 .text.__metal_driver_riscv_clint0_init
                0x00000000200128c4       0x88 C:/Users/nandg/Desktop/Athena_Welcome_Demo/sifive_hifive1_revb_sifive_welcome/bsp/install/lib/debug/\libmetal.a(riscv_clint0.o)
                0x00000000200128c4                __metal_driver_riscv_clint0_init
 .text.__metal_driver_riscv_clint0_register
                0x000000002001294c       0xda C:/Users/nandg/Desktop/Athena_Welcome_Demo/sifive_hifive1_revb_sifive_welcome/bsp/install/lib/debug/\libmetal.a(riscv_clint0.o)
                0x000000002001294c                __metal_driver_riscv_clint0_register
 .text.__metal_driver_riscv_clint0_vector_register
                0x0000000020012a26       0x28 C:/Users/nandg/Desktop/Athena_Welcome_Demo/sifive_hifive1_revb_sifive_welcome/bsp/install/lib/debug/\libmetal.a(riscv_clint0.o)
                0x0000000020012a26                __metal_driver_riscv_clint0_vector_register
 .text.__metal_driver_riscv_clint0_get_vector_mode
                0x0000000020012a4e       0x1c C:/Users/nandg/Desktop/Athena_Welcome_Demo/sifive_hifive1_revb_sifive_welcome/bsp/install/lib/debug/\libmetal.a(riscv_clint0.o)
                0x0000000020012a4e                __metal_driver_riscv_clint0_get_vector_mode
 .text.__metal_driver_riscv_clint0_set_vector_mode
                0x0000000020012a6a       0x58 C:/Users/nandg/Desktop/Athena_Welcome_Demo/sifive_hifive1_revb_sifive_welcome/bsp/install/lib/debug/\libmetal.a(riscv_clint0.o)
                0x0000000020012a6a                __metal_driver_riscv_clint0_set_vector_mode
 .text.__metal_driver_riscv_clint0_enable
                0x0000000020012ac2       0xb2 C:/Users/nandg/Desktop/Athena_Welcome_Demo/sifive_hifive1_revb_sifive_welcome/bsp/install/lib/debug/\libmetal.a(riscv_clint0.o)
                0x0000000020012ac2                __metal_driver_riscv_clint0_enable
 .text.__metal_driver_riscv_clint0_disable
                0x0000000020012b74       0xb8 C:/Users/nandg/Desktop/Athena_Welcome_Demo/sifive_hifive1_revb_sifive_welcome/bsp/install/lib/debug/\libmetal.a(riscv_clint0.o)
                0x0000000020012b74                __metal_driver_riscv_clint0_disable
 .text.__metal_driver_riscv_clint0_command_request
                0x0000000020012c2c      0x140 C:/Users/nandg/Desktop/Athena_Welcome_Demo/sifive_hifive1_revb_sifive_welcome/bsp/install/lib/debug/\libmetal.a(riscv_clint0.o)
                0x0000000020012c2c                __metal_driver_riscv_clint0_command_request
 .text.__metal_driver_riscv_clint0_clear_interrupt
                0x0000000020012d6c       0x34 C:/Users/nandg/Desktop/Athena_Welcome_Demo/sifive_hifive1_revb_sifive_welcome/bsp/install/lib/debug/\libmetal.a(riscv_clint0.o)
                0x0000000020012d6c                __metal_driver_riscv_clint0_clear_interrupt
 .text.__metal_driver_riscv_clint0_set_interrupt
                0x0000000020012da0       0x34 C:/Users/nandg/Desktop/Athena_Welcome_Demo/sifive_hifive1_revb_sifive_welcome/bsp/install/lib/debug/\libmetal.a(riscv_clint0.o)
                0x0000000020012da0                __metal_driver_riscv_clint0_set_interrupt
 .text.__metal_driver_cpu_hartid
                0x0000000020012dd4       0x24 C:/Users/nandg/Desktop/Athena_Welcome_Demo/sifive_hifive1_revb_sifive_welcome/bsp/install/lib/debug/\libmetal.a(riscv_cpu.o)
 .text.__metal_driver_cpu_timebase
                0x0000000020012df8       0x2a C:/Users/nandg/Desktop/Athena_Welcome_Demo/sifive_hifive1_revb_sifive_welcome/bsp/install/lib/debug/\libmetal.a(riscv_cpu.o)
 .text.__metal_driver_cpu_interrupt_controller
                0x0000000020012e22       0x2a C:/Users/nandg/Desktop/Athena_Welcome_Demo/sifive_hifive1_revb_sifive_welcome/bsp/install/lib/debug/\libmetal.a(riscv_cpu.o)
 .text.__metal_driver_cpu_buserror
                0x0000000020012e4c       0x24 C:/Users/nandg/Desktop/Athena_Welcome_Demo/sifive_hifive1_revb_sifive_welcome/bsp/install/lib/debug/\libmetal.a(riscv_cpu.o)
 .text.__metal_driver_cpu_get
                0x0000000020012e70       0x30 C:/Users/nandg/Desktop/Athena_Welcome_Demo/sifive_hifive1_revb_sifive_welcome/bsp/install/lib/debug/\libmetal.a(riscv_cpu.o)
                0x0000000020012e70                __metal_driver_cpu_get
 .text.__metal_myhart_id
                0x0000000020012ea0       0x1a C:/Users/nandg/Desktop/Athena_Welcome_Demo/sifive_hifive1_revb_sifive_welcome/bsp/install/lib/debug/\libmetal.a(riscv_cpu.o)
                0x0000000020012ea0                __metal_myhart_id
 .text.__metal_interrupt_global_enable
                0x0000000020012eba       0x18 C:/Users/nandg/Desktop/Athena_Welcome_Demo/sifive_hifive1_revb_sifive_welcome/bsp/install/lib/debug/\libmetal.a(riscv_cpu.o)
                0x0000000020012eba                __metal_interrupt_global_enable
 .text.__metal_interrupt_global_disable
                0x0000000020012ed2       0x18 C:/Users/nandg/Desktop/Athena_Welcome_Demo/sifive_hifive1_revb_sifive_welcome/bsp/install/lib/debug/\libmetal.a(riscv_cpu.o)
                0x0000000020012ed2                __metal_interrupt_global_disable
 .text.__metal_interrupt_software_enable
                0x0000000020012eea       0x18 C:/Users/nandg/Desktop/Athena_Welcome_Demo/sifive_hifive1_revb_sifive_welcome/bsp/install/lib/debug/\libmetal.a(riscv_cpu.o)
                0x0000000020012eea                __metal_interrupt_software_enable
 .text.__metal_interrupt_software_disable
                0x0000000020012f02       0x18 C:/Users/nandg/Desktop/Athena_Welcome_Demo/sifive_hifive1_revb_sifive_welcome/bsp/install/lib/debug/\libmetal.a(riscv_cpu.o)
                0x0000000020012f02                __metal_interrupt_software_disable
 .text.__metal_interrupt_timer_enable
                0x0000000020012f1a       0x1a C:/Users/nandg/Desktop/Athena_Welcome_Demo/sifive_hifive1_revb_sifive_welcome/bsp/install/lib/debug/\libmetal.a(riscv_cpu.o)
                0x0000000020012f1a                __metal_interrupt_timer_enable
 .text.__metal_interrupt_timer_disable
                0x0000000020012f34       0x1a C:/Users/nandg/Desktop/Athena_Welcome_Demo/sifive_hifive1_revb_sifive_welcome/bsp/install/lib/debug/\libmetal.a(riscv_cpu.o)
                0x0000000020012f34                __metal_interrupt_timer_disable
 .text.__metal_interrupt_external_enable
                0x0000000020012f4e       0x1c C:/Users/nandg/Desktop/Athena_Welcome_Demo/sifive_hifive1_revb_sifive_welcome/bsp/install/lib/debug/\libmetal.a(riscv_cpu.o)
                0x0000000020012f4e                __metal_interrupt_external_enable
 .text.__metal_interrupt_external_disable
                0x0000000020012f6a       0x1c C:/Users/nandg/Desktop/Athena_Welcome_Demo/sifive_hifive1_revb_sifive_welcome/bsp/install/lib/debug/\libmetal.a(riscv_cpu.o)
                0x0000000020012f6a                __metal_interrupt_external_disable
 .text.__metal_interrupt_local_enable
                0x0000000020012f86       0x2c C:/Users/nandg/Desktop/Athena_Welcome_Demo/sifive_hifive1_revb_sifive_welcome/bsp/install/lib/debug/\libmetal.a(riscv_cpu.o)
                0x0000000020012f86                __metal_interrupt_local_enable
 .text.__metal_interrupt_local_disable
                0x0000000020012fb2       0x2c C:/Users/nandg/Desktop/Athena_Welcome_Demo/sifive_hifive1_revb_sifive_welcome/bsp/install/lib/debug/\libmetal.a(riscv_cpu.o)
                0x0000000020012fb2                __metal_interrupt_local_disable
 .text.__metal_default_exception_handler
                0x0000000020012fde       0x18 C:/Users/nandg/Desktop/Athena_Welcome_Demo/sifive_hifive1_revb_sifive_welcome/bsp/install/lib/debug/\libmetal.a(riscv_cpu.o)
                0x0000000020012fde                __metal_default_exception_handler
 .text.__metal_default_interrupt_handler
                0x0000000020012ff6       0x18 C:/Users/nandg/Desktop/Athena_Welcome_Demo/sifive_hifive1_revb_sifive_welcome/bsp/install/lib/debug/\libmetal.a(riscv_cpu.o)
                0x0000000020012ff6                __metal_default_interrupt_handler
 .text.metal_interrupt_vector_handler
                0x000000002001300e       0x2e C:/Users/nandg/Desktop/Athena_Welcome_Demo/sifive_hifive1_revb_sifive_welcome/bsp/install/lib/debug/\libmetal.a(riscv_cpu.o)
                0x000000002001300e                metal_interrupt_vector_handler
 .text.metal_software_interrupt_vector_handler
                0x000000002001303c       0x92 C:/Users/nandg/Desktop/Athena_Welcome_Demo/sifive_hifive1_revb_sifive_welcome/bsp/install/lib/debug/\libmetal.a(riscv_cpu.o)
                0x000000002001303c                metal_software_interrupt_vector_handler
 .text.__metal_default_sw_handler
                0x00000000200130ce       0x68 C:/Users/nandg/Desktop/Athena_Welcome_Demo/sifive_hifive1_revb_sifive_welcome/bsp/install/lib/debug/\libmetal.a(riscv_cpu.o)
                0x00000000200130ce                __metal_default_sw_handler
 .text.metal_timer_interrupt_vector_handler
                0x0000000020013136       0x92 C:/Users/nandg/Desktop/Athena_Welcome_Demo/sifive_hifive1_revb_sifive_welcome/bsp/install/lib/debug/\libmetal.a(riscv_cpu.o)
                0x0000000020013136                metal_timer_interrupt_vector_handler
 .text.__metal_default_beu_handler
                0x00000000200131c8       0x16 C:/Users/nandg/Desktop/Athena_Welcome_Demo/sifive_hifive1_revb_sifive_welcome/bsp/install/lib/debug/\libmetal.a(riscv_cpu.o)
                0x00000000200131c8                __metal_default_beu_handler
 .text.__metal_default_timer_handler
                0x00000000200131de       0x66 C:/Users/nandg/Desktop/Athena_Welcome_Demo/sifive_hifive1_revb_sifive_welcome/bsp/install/lib/debug/\libmetal.a(riscv_cpu.o)
                0x00000000200131de                __metal_default_timer_handler
 *fill*         0x0000000020013244       0x3c 
 .text.__metal_exception_handler
                0x0000000020013280      0x1fa C:/Users/nandg/Desktop/Athena_Welcome_Demo/sifive_hifive1_revb_sifive_welcome/bsp/install/lib/debug/\libmetal.a(riscv_cpu.o)
                0x0000000020013280                __metal_exception_handler
 .text.metal_lc0_interrupt_vector_handler
                0x000000002001347a       0x96 C:/Users/nandg/Desktop/Athena_Welcome_Demo/sifive_hifive1_revb_sifive_welcome/bsp/install/lib/debug/\libmetal.a(riscv_cpu.o)
                0x000000002001347a                metal_lc0_interrupt_vector_handler
 .text.metal_lc1_interrupt_vector_handler
                0x0000000020013510       0x96 C:/Users/nandg/Desktop/Athena_Welcome_Demo/sifive_hifive1_revb_sifive_welcome/bsp/install/lib/debug/\libmetal.a(riscv_cpu.o)
                0x0000000020013510                metal_lc1_interrupt_vector_handler
 .text.metal_lc2_interrupt_vector_handler
                0x00000000200135a6       0x96 C:/Users/nandg/Desktop/Athena_Welcome_Demo/sifive_hifive1_revb_sifive_welcome/bsp/install/lib/debug/\libmetal.a(riscv_cpu.o)
                0x00000000200135a6                metal_lc2_interrupt_vector_handler
 .text.metal_lc3_interrupt_vector_handler
                0x000000002001363c       0x96 C:/Users/nandg/Desktop/Athena_Welcome_Demo/sifive_hifive1_revb_sifive_welcome/bsp/install/lib/debug/\libmetal.a(riscv_cpu.o)
                0x000000002001363c                metal_lc3_interrupt_vector_handler
 .text.metal_lc4_interrupt_vector_handler
                0x00000000200136d2       0x96 C:/Users/nandg/Desktop/Athena_Welcome_Demo/sifive_hifive1_revb_sifive_welcome/bsp/install/lib/debug/\libmetal.a(riscv_cpu.o)
                0x00000000200136d2                metal_lc4_interrupt_vector_handler
 .text.metal_lc5_interrupt_vector_handler
                0x0000000020013768       0x96 C:/Users/nandg/Desktop/Athena_Welcome_Demo/sifive_hifive1_revb_sifive_welcome/bsp/install/lib/debug/\libmetal.a(riscv_cpu.o)
                0x0000000020013768                metal_lc5_interrupt_vector_handler
 .text.metal_lc6_interrupt_vector_handler
                0x00000000200137fe       0x96 C:/Users/nandg/Desktop/Athena_Welcome_Demo/sifive_hifive1_revb_sifive_welcome/bsp/install/lib/debug/\libmetal.a(riscv_cpu.o)
                0x00000000200137fe                metal_lc6_interrupt_vector_handler
 .text.metal_lc7_interrupt_vector_handler
                0x0000000020013894       0x96 C:/Users/nandg/Desktop/Athena_Welcome_Demo/sifive_hifive1_revb_sifive_welcome/bsp/install/lib/debug/\libmetal.a(riscv_cpu.o)
                0x0000000020013894                metal_lc7_interrupt_vector_handler
 .text.metal_lc8_interrupt_vector_handler
                0x000000002001392a       0x96 C:/Users/nandg/Desktop/Athena_Welcome_Demo/sifive_hifive1_revb_sifive_welcome/bsp/install/lib/debug/\libmetal.a(riscv_cpu.o)
                0x000000002001392a                metal_lc8_interrupt_vector_handler
 .text.metal_lc9_interrupt_vector_handler
                0x00000000200139c0       0x96 C:/Users/nandg/Desktop/Athena_Welcome_Demo/sifive_hifive1_revb_sifive_welcome/bsp/install/lib/debug/\libmetal.a(riscv_cpu.o)
                0x00000000200139c0                metal_lc9_interrupt_vector_handler
 .text.metal_lc10_interrupt_vector_handler
                0x0000000020013a56       0x96 C:/Users/nandg/Desktop/Athena_Welcome_Demo/sifive_hifive1_revb_sifive_welcome/bsp/install/lib/debug/\libmetal.a(riscv_cpu.o)
                0x0000000020013a56                metal_lc10_interrupt_vector_handler
 .text.metal_lc11_interrupt_vector_handler
                0x0000000020013aec       0x96 C:/Users/nandg/Desktop/Athena_Welcome_Demo/sifive_hifive1_revb_sifive_welcome/bsp/install/lib/debug/\libmetal.a(riscv_cpu.o)
                0x0000000020013aec                metal_lc11_interrupt_vector_handler
 .text.metal_lc12_interrupt_vector_handler
                0x0000000020013b82       0x96 C:/Users/nandg/Desktop/Athena_Welcome_Demo/sifive_hifive1_revb_sifive_welcome/bsp/install/lib/debug/\libmetal.a(riscv_cpu.o)
                0x0000000020013b82                metal_lc12_interrupt_vector_handler
 .text.metal_lc13_interrupt_vector_handler
                0x0000000020013c18       0x96 C:/Users/nandg/Desktop/Athena_Welcome_Demo/sifive_hifive1_revb_sifive_welcome/bsp/install/lib/debug/\libmetal.a(riscv_cpu.o)
                0x0000000020013c18                metal_lc13_interrupt_vector_handler
 .text.metal_lc14_interrupt_vector_handler
                0x0000000020013cae       0x96 C:/Users/nandg/Desktop/Athena_Welcome_Demo/sifive_hifive1_revb_sifive_welcome/bsp/install/lib/debug/\libmetal.a(riscv_cpu.o)
                0x0000000020013cae                metal_lc14_interrupt_vector_handler
 .text.metal_lc15_interrupt_vector_handler
                0x0000000020013d44       0x96 C:/Users/nandg/Desktop/Athena_Welcome_Demo/sifive_hifive1_revb_sifive_welcome/bsp/install/lib/debug/\libmetal.a(riscv_cpu.o)
                0x0000000020013d44                metal_lc15_interrupt_vector_handler
 .text.__metal_controller_interrupt_vector_mode
                0x0000000020013dda       0x58 C:/Users/nandg/Desktop/Athena_Welcome_Demo/sifive_hifive1_revb_sifive_welcome/bsp/install/lib/debug/\libmetal.a(riscv_cpu.o)
                0x0000000020013dda                __metal_controller_interrupt_vector_mode
 .text.__metal_controller_interrupt_vector
                0x0000000020013e32       0xb2 C:/Users/nandg/Desktop/Athena_Welcome_Demo/sifive_hifive1_revb_sifive_welcome/bsp/install/lib/debug/\libmetal.a(riscv_cpu.o)
                0x0000000020013e32                __metal_controller_interrupt_vector
 .text.__metal_valid_interrupt_id
                0x0000000020013ee4       0x58 C:/Users/nandg/Desktop/Athena_Welcome_Demo/sifive_hifive1_revb_sifive_welcome/bsp/install/lib/debug/\libmetal.a(riscv_cpu.o)
                0x0000000020013ee4                __metal_valid_interrupt_id
 .text.__metal_local_interrupt_enable
                0x0000000020013f3c       0xbc C:/Users/nandg/Desktop/Athena_Welcome_Demo/sifive_hifive1_revb_sifive_welcome/bsp/install/lib/debug/\libmetal.a(riscv_cpu.o)
                0x0000000020013f3c                __metal_local_interrupt_enable
 .text.__metal_exception_register
                0x0000000020013ff8       0x4e C:/Users/nandg/Desktop/Athena_Welcome_Demo/sifive_hifive1_revb_sifive_welcome/bsp/install/lib/debug/\libmetal.a(riscv_cpu.o)
                0x0000000020013ff8                __metal_exception_register
 .text.__metal_driver_riscv_cpu_controller_interrupt_init
                0x0000000020014046       0xe4 C:/Users/nandg/Desktop/Athena_Welcome_Demo/sifive_hifive1_revb_sifive_welcome/bsp/install/lib/debug/\libmetal.a(riscv_cpu.o)
                0x0000000020014046                __metal_driver_riscv_cpu_controller_interrupt_init
 .text.__metal_driver_riscv_cpu_controller_interrupt_register
                0x000000002001412a      0x1e2 C:/Users/nandg/Desktop/Athena_Welcome_Demo/sifive_hifive1_revb_sifive_welcome/bsp/install/lib/debug/\libmetal.a(riscv_cpu.o)
                0x000000002001412a                __metal_driver_riscv_cpu_controller_interrupt_register
 .text.__metal_driver_riscv_cpu_controller_interrupt_enable
                0x000000002001430c       0x2c C:/Users/nandg/Desktop/Athena_Welcome_Demo/sifive_hifive1_revb_sifive_welcome/bsp/install/lib/debug/\libmetal.a(riscv_cpu.o)
                0x000000002001430c                __metal_driver_riscv_cpu_controller_interrupt_enable
 .text.__metal_driver_riscv_cpu_controller_interrupt_disable
                0x0000000020014338       0x2c C:/Users/nandg/Desktop/Athena_Welcome_Demo/sifive_hifive1_revb_sifive_welcome/bsp/install/lib/debug/\libmetal.a(riscv_cpu.o)
                0x0000000020014338                __metal_driver_riscv_cpu_controller_interrupt_disable
 .text.__metal_driver_riscv_cpu_controller_get_vector_mode
                0x0000000020014364       0x1c C:/Users/nandg/Desktop/Athena_Welcome_Demo/sifive_hifive1_revb_sifive_welcome/bsp/install/lib/debug/\libmetal.a(riscv_cpu.o)
                0x0000000020014364                __metal_driver_riscv_cpu_controller_get_vector_mode
 .text.__metal_driver_riscv_cpu_controller_set_vector_mode
                0x0000000020014380       0x54 C:/Users/nandg/Desktop/Athena_Welcome_Demo/sifive_hifive1_revb_sifive_welcome/bsp/install/lib/debug/\libmetal.a(riscv_cpu.o)
                0x0000000020014380                __metal_driver_riscv_cpu_controller_set_vector_mode
 .text.__metal_driver_riscv_cpu_controller_command_request
                0x00000000200143d4       0x1c C:/Users/nandg/Desktop/Athena_Welcome_Demo/sifive_hifive1_revb_sifive_welcome/bsp/install/lib/debug/\libmetal.a(riscv_cpu.o)
                0x00000000200143d4                __metal_driver_riscv_cpu_controller_command_request
 .text.__metal_driver_cpu_mcycle_get
                0x00000000200143f0       0x70 C:/Users/nandg/Desktop/Athena_Welcome_Demo/sifive_hifive1_revb_sifive_welcome/bsp/install/lib/debug/\libmetal.a(riscv_cpu.o)
                0x00000000200143f0                __metal_driver_cpu_mcycle_get
 .text.__metal_driver_cpu_timebase_get
                0x0000000020014460       0x46 C:/Users/nandg/Desktop/Athena_Welcome_Demo/sifive_hifive1_revb_sifive_welcome/bsp/install/lib/debug/\libmetal.a(riscv_cpu.o)
                0x0000000020014460                __metal_driver_cpu_timebase_get
 .text.__metal_driver_cpu_mtime_get
                0x00000000200144a6       0x66 C:/Users/nandg/Desktop/Athena_Welcome_Demo/sifive_hifive1_revb_sifive_welcome/bsp/install/lib/debug/\libmetal.a(riscv_cpu.o)
                0x00000000200144a6                __metal_driver_cpu_mtime_get
 .text.__metal_driver_cpu_mtimecmp_set
                0x000000002001450c       0x76 C:/Users/nandg/Desktop/Athena_Welcome_Demo/sifive_hifive1_revb_sifive_welcome/bsp/install/lib/debug/\libmetal.a(riscv_cpu.o)
                0x000000002001450c                __metal_driver_cpu_mtimecmp_set
 .text.__metal_driver_cpu_timer_controller_interrupt
                0x0000000020014582       0x1a C:/Users/nandg/Desktop/Athena_Welcome_Demo/sifive_hifive1_revb_sifive_welcome/bsp/install/lib/debug/\libmetal.a(riscv_cpu.o)
                0x0000000020014582                __metal_driver_cpu_timer_controller_interrupt
 .text.__metal_driver_cpu_get_timer_interrupt_id
                0x000000002001459c       0x14 C:/Users/nandg/Desktop/Athena_Welcome_Demo/sifive_hifive1_revb_sifive_welcome/bsp/install/lib/debug/\libmetal.a(riscv_cpu.o)
                0x000000002001459c                __metal_driver_cpu_get_timer_interrupt_id
 .text.__metal_driver_cpu_sw_controller_interrupt
                0x00000000200145b0       0x1a C:/Users/nandg/Desktop/Athena_Welcome_Demo/sifive_hifive1_revb_sifive_welcome/bsp/install/lib/debug/\libmetal.a(riscv_cpu.o)
                0x00000000200145b0                __metal_driver_cpu_sw_controller_interrupt
 .text.__metal_driver_cpu_get_sw_interrupt_id
                0x00000000200145ca       0x14 C:/Users/nandg/Desktop/Athena_Welcome_Demo/sifive_hifive1_revb_sifive_welcome/bsp/install/lib/debug/\libmetal.a(riscv_cpu.o)
                0x00000000200145ca                __metal_driver_cpu_get_sw_interrupt_id
 .text.__metal_driver_cpu_set_sw_ipi
                0x00000000200145de       0x62 C:/Users/nandg/Desktop/Athena_Welcome_Demo/sifive_hifive1_revb_sifive_welcome/bsp/install/lib/debug/\libmetal.a(riscv_cpu.o)
                0x00000000200145de                __metal_driver_cpu_set_sw_ipi
 .text.__metal_driver_cpu_clear_sw_ipi
                0x0000000020014640       0x62 C:/Users/nandg/Desktop/Athena_Welcome_Demo/sifive_hifive1_revb_sifive_welcome/bsp/install/lib/debug/\libmetal.a(riscv_cpu.o)
                0x0000000020014640                __metal_driver_cpu_clear_sw_ipi
 .text.__metal_driver_cpu_get_msip
                0x00000000200146a2       0x60 C:/Users/nandg/Desktop/Athena_Welcome_Demo/sifive_hifive1_revb_sifive_welcome/bsp/install/lib/debug/\libmetal.a(riscv_cpu.o)
                0x00000000200146a2                __metal_driver_cpu_get_msip
 .text.__metal_driver_cpu_controller_interrupt
                0x0000000020014702       0x20 C:/Users/nandg/Desktop/Athena_Welcome_Demo/sifive_hifive1_revb_sifive_welcome/bsp/install/lib/debug/\libmetal.a(riscv_cpu.o)
                0x0000000020014702                __metal_driver_cpu_controller_interrupt
 .text.__metal_driver_cpu_exception_register
                0x0000000020014722       0x46 C:/Users/nandg/Desktop/Athena_Welcome_Demo/sifive_hifive1_revb_sifive_welcome/bsp/install/lib/debug/\libmetal.a(riscv_cpu.o)
                0x0000000020014722                __metal_driver_cpu_exception_register
 .text.__metal_driver_cpu_get_instruction_length
                0x0000000020014768       0x2e C:/Users/nandg/Desktop/Athena_Welcome_Demo/sifive_hifive1_revb_sifive_welcome/bsp/install/lib/debug/\libmetal.a(riscv_cpu.o)
                0x0000000020014768                __metal_driver_cpu_get_instruction_length
 .text.__metal_driver_cpu_get_exception_pc
                0x0000000020014796       0x1e C:/Users/nandg/Desktop/Athena_Welcome_Demo/sifive_hifive1_revb_sifive_welcome/bsp/install/lib/debug/\libmetal.a(riscv_cpu.o)
                0x0000000020014796                __metal_driver_cpu_get_exception_pc
 .text.__metal_driver_cpu_set_exception_pc
                0x00000000200147b4       0x20 C:/Users/nandg/Desktop/Athena_Welcome_Demo/sifive_hifive1_revb_sifive_welcome/bsp/install/lib/debug/\libmetal.a(riscv_cpu.o)
                0x00000000200147b4                __metal_driver_cpu_set_exception_pc
 .text.__metal_driver_cpu_get_buserror
                0x00000000200147d4       0x20 C:/Users/nandg/Desktop/Athena_Welcome_Demo/sifive_hifive1_revb_sifive_welcome/bsp/install/lib/debug/\libmetal.a(riscv_cpu.o)
                0x00000000200147d4                __metal_driver_cpu_get_buserror
 .text.__metal_driver_sifive_plic0_control_base
                0x00000000200147f4       0x2a C:/Users/nandg/Desktop/Athena_Welcome_Demo/sifive_hifive1_revb_sifive_welcome/bsp/install/lib/debug/\libmetal.a(riscv_plic0.o)
 .text.__metal_driver_sifive_plic0_num_interrupts
                0x000000002001481e       0x2a C:/Users/nandg/Desktop/Athena_Welcome_Demo/sifive_hifive1_revb_sifive_welcome/bsp/install/lib/debug/\libmetal.a(riscv_plic0.o)
 .text.__metal_driver_sifive_plic0_max_priority
                0x0000000020014848       0x28 C:/Users/nandg/Desktop/Athena_Welcome_Demo/sifive_hifive1_revb_sifive_welcome/bsp/install/lib/debug/\libmetal.a(riscv_plic0.o)
 .text.__metal_driver_sifive_plic0_interrupt_parents
                0x0000000020014870       0x28 C:/Users/nandg/Desktop/Athena_Welcome_Demo/sifive_hifive1_revb_sifive_welcome/bsp/install/lib/debug/\libmetal.a(riscv_plic0.o)
 .text.__metal_driver_sifive_plic0_interrupt_lines
                0x0000000020014898       0x22 C:/Users/nandg/Desktop/Athena_Welcome_Demo/sifive_hifive1_revb_sifive_welcome/bsp/install/lib/debug/\libmetal.a(riscv_plic0.o)
 .text.__metal_driver_sifive_plic0_context_ids
                0x00000000200148ba       0x1e C:/Users/nandg/Desktop/Athena_Welcome_Demo/sifive_hifive1_revb_sifive_welcome/bsp/install/lib/debug/\libmetal.a(riscv_plic0.o)
 .text.__metal_plic0_claim_interrupt
                0x00000000200148d8       0x3c C:/Users/nandg/Desktop/Athena_Welcome_Demo/sifive_hifive1_revb_sifive_welcome/bsp/install/lib/debug/\libmetal.a(riscv_plic0.o)
                0x00000000200148d8                __metal_plic0_claim_interrupt
 .text.__metal_plic0_complete_interrupt
                0x0000000020014914       0x46 C:/Users/nandg/Desktop/Athena_Welcome_Demo/sifive_hifive1_revb_sifive_welcome/bsp/install/lib/debug/\libmetal.a(riscv_plic0.o)
                0x0000000020014914                __metal_plic0_complete_interrupt
 .text.__metal_plic0_set_threshold
                0x000000002001495a       0x46 C:/Users/nandg/Desktop/Athena_Welcome_Demo/sifive_hifive1_revb_sifive_welcome/bsp/install/lib/debug/\libmetal.a(riscv_plic0.o)
                0x000000002001495a                __metal_plic0_set_threshold
 .text.__metal_plic0_get_threshold
                0x00000000200149a0       0x3a C:/Users/nandg/Desktop/Athena_Welcome_Demo/sifive_hifive1_revb_sifive_welcome/bsp/install/lib/debug/\libmetal.a(riscv_plic0.o)
                0x00000000200149a0                __metal_plic0_get_threshold
 .text.__metal_driver_riscv_plic0_set_priority
                0x00000000200149da       0x62 C:/Users/nandg/Desktop/Athena_Welcome_Demo/sifive_hifive1_revb_sifive_welcome/bsp/install/lib/debug/\libmetal.a(riscv_plic0.o)
                0x00000000200149da                __metal_driver_riscv_plic0_set_priority
 .text.__metal_driver_riscv_plic0_get_priority
                0x0000000020014a3c       0x34 C:/Users/nandg/Desktop/Athena_Welcome_Demo/sifive_hifive1_revb_sifive_welcome/bsp/install/lib/debug/\libmetal.a(riscv_plic0.o)
                0x0000000020014a3c                __metal_driver_riscv_plic0_get_priority
 .text.__metal_plic0_enable
                0x0000000020014a70       0xa4 C:/Users/nandg/Desktop/Athena_Welcome_Demo/sifive_hifive1_revb_sifive_welcome/bsp/install/lib/debug/\libmetal.a(riscv_plic0.o)
                0x0000000020014a70                __metal_plic0_enable
 .text.__metal_plic0_default_handler
                0x0000000020014b14       0x18 C:/Users/nandg/Desktop/Athena_Welcome_Demo/sifive_hifive1_revb_sifive_welcome/bsp/install/lib/debug/\libmetal.a(riscv_plic0.o)
                0x0000000020014b14                __metal_plic0_default_handler
 .text.__metal_plic0_handler
                0x0000000020014b2c       0xac C:/Users/nandg/Desktop/Athena_Welcome_Demo/sifive_hifive1_revb_sifive_welcome/bsp/install/lib/debug/\libmetal.a(riscv_plic0.o)
                0x0000000020014b2c                __metal_plic0_handler
 .text.__metal_driver_riscv_plic0_init
                0x0000000020014bd8      0x15a C:/Users/nandg/Desktop/Athena_Welcome_Demo/sifive_hifive1_revb_sifive_welcome/bsp/install/lib/debug/\libmetal.a(riscv_plic0.o)
                0x0000000020014bd8                __metal_driver_riscv_plic0_init
 .text.__metal_driver_riscv_plic0_register
                0x0000000020014d32       0xc2 C:/Users/nandg/Desktop/Athena_Welcome_Demo/sifive_hifive1_revb_sifive_welcome/bsp/install/lib/debug/\libmetal.a(riscv_plic0.o)
                0x0000000020014d32                __metal_driver_riscv_plic0_register
 .text.__metal_driver_riscv_plic0_enable
                0x0000000020014df4       0x50 C:/Users/nandg/Desktop/Athena_Welcome_Demo/sifive_hifive1_revb_sifive_welcome/bsp/install/lib/debug/\libmetal.a(riscv_plic0.o)
                0x0000000020014df4                __metal_driver_riscv_plic0_enable
 .text.__metal_driver_riscv_plic0_disable
                0x0000000020014e44       0x50 C:/Users/nandg/Desktop/Athena_Welcome_Demo/sifive_hifive1_revb_sifive_welcome/bsp/install/lib/debug/\libmetal.a(riscv_plic0.o)
                0x0000000020014e44                __metal_driver_riscv_plic0_disable
 .text.__metal_driver_riscv_plic0_set_threshold
                0x0000000020014e94       0x30 C:/Users/nandg/Desktop/Athena_Welcome_Demo/sifive_hifive1_revb_sifive_welcome/bsp/install/lib/debug/\libmetal.a(riscv_plic0.o)
                0x0000000020014e94                __metal_driver_riscv_plic0_set_threshold
 .text.__metal_driver_riscv_plic0_get_threshold
                0x0000000020014ec4       0x28 C:/Users/nandg/Desktop/Athena_Welcome_Demo/sifive_hifive1_revb_sifive_welcome/bsp/install/lib/debug/\libmetal.a(riscv_plic0.o)
                0x0000000020014ec4                __metal_driver_riscv_plic0_get_threshold
 .text.__metal_driver_riscv_plic0_affinity_enable
                0x0000000020014eec       0x9c C:/Users/nandg/Desktop/Athena_Welcome_Demo/sifive_hifive1_revb_sifive_welcome/bsp/install/lib/debug/\libmetal.a(riscv_plic0.o)
                0x0000000020014eec                __metal_driver_riscv_plic0_affinity_enable
 .text.__metal_driver_riscv_plic0_affinity_disable
                0x0000000020014f88       0x9c C:/Users/nandg/Desktop/Athena_Welcome_Demo/sifive_hifive1_revb_sifive_welcome/bsp/install/lib/debug/\libmetal.a(riscv_plic0.o)
                0x0000000020014f88                __metal_driver_riscv_plic0_affinity_disable
 .text.__metal_driver_riscv_plic0_affinity_set_threshold
                0x0000000020015024       0x74 C:/Users/nandg/Desktop/Athena_Welcome_Demo/sifive_hifive1_revb_sifive_welcome/bsp/install/lib/debug/\libmetal.a(riscv_plic0.o)
                0x0000000020015024                __metal_driver_riscv_plic0_affinity_set_threshold
 .text.__metal_driver_riscv_plic0_affinity_get_threshold
                0x0000000020015098       0x28 C:/Users/nandg/Desktop/Athena_Welcome_Demo/sifive_hifive1_revb_sifive_welcome/bsp/install/lib/debug/\libmetal.a(riscv_plic0.o)
                0x0000000020015098                __metal_driver_riscv_plic0_affinity_get_threshold
 .text.__metal_driver_sifive_fe310_g000_hfrosc_ref
                0x00000000200150c0       0x1a C:/Users/nandg/Desktop/Athena_Welcome_Demo/sifive_hifive1_revb_sifive_welcome/bsp/install/lib/debug/\libmetal.a(sifive_fe310-g000_hfrosc.o)
 .text.__metal_driver_sifive_fe310_g000_hfrosc_config_base
                0x00000000200150da       0x16 C:/Users/nandg/Desktop/Athena_Welcome_Demo/sifive_hifive1_revb_sifive_welcome/bsp/install/lib/debug/\libmetal.a(sifive_fe310-g000_hfrosc.o)
 .text.__metal_driver_sifive_fe310_g000_hfrosc_config_offset
                0x00000000200150f0       0x14 C:/Users/nandg/Desktop/Athena_Welcome_Demo/sifive_hifive1_revb_sifive_welcome/bsp/install/lib/debug/\libmetal.a(sifive_fe310-g000_hfrosc.o)
 .text.__metal_driver_sifive_fe310_g000_prci_vtable
                0x0000000020015104       0x16 C:/Users/nandg/Desktop/Athena_Welcome_Demo/sifive_hifive1_revb_sifive_welcome/bsp/install/lib/debug/\libmetal.a(sifive_fe310-g000_hfrosc.o)
 .text.__metal_driver_sifive_fe310_g000_hfrosc_get_rate_hz
                0x000000002001511a       0x84 C:/Users/nandg/Desktop/Athena_Welcome_Demo/sifive_hifive1_revb_sifive_welcome/bsp/install/lib/debug/\libmetal.a(sifive_fe310-g000_hfrosc.o)
                0x000000002001511a                __metal_driver_sifive_fe310_g000_hfrosc_get_rate_hz
 .text.__metal_driver_sifive_fe310_g000_hfrosc_set_rate_hz
                0x000000002001519e       0x22 C:/Users/nandg/Desktop/Athena_Welcome_Demo/sifive_hifive1_revb_sifive_welcome/bsp/install/lib/debug/\libmetal.a(sifive_fe310-g000_hfrosc.o)
                0x000000002001519e                __metal_driver_sifive_fe310_g000_hfrosc_set_rate_hz
 .text.__metal_driver_sifive_fe310_g000_hfxosc_ref
                0x00000000200151c0       0x1a C:/Users/nandg/Desktop/Athena_Welcome_Demo/sifive_hifive1_revb_sifive_welcome/bsp/install/lib/debug/\libmetal.a(sifive_fe310-g000_hfxosc.o)
 .text.__metal_driver_sifive_fe310_g000_hfxosc_config_base
                0x00000000200151da       0x16 C:/Users/nandg/Desktop/Athena_Welcome_Demo/sifive_hifive1_revb_sifive_welcome/bsp/install/lib/debug/\libmetal.a(sifive_fe310-g000_hfxosc.o)
 .text.__metal_driver_sifive_fe310_g000_hfxosc_config_offset
                0x00000000200151f0       0x14 C:/Users/nandg/Desktop/Athena_Welcome_Demo/sifive_hifive1_revb_sifive_welcome/bsp/install/lib/debug/\libmetal.a(sifive_fe310-g000_hfxosc.o)
 .text.__metal_driver_sifive_fe310_g000_prci_vtable
                0x0000000020015204       0x16 C:/Users/nandg/Desktop/Athena_Welcome_Demo/sifive_hifive1_revb_sifive_welcome/bsp/install/lib/debug/\libmetal.a(sifive_fe310-g000_hfxosc.o)
 .text.__metal_driver_sifive_fe310_g000_hfxosc_get_rate_hz
                0x000000002001521a       0x74 C:/Users/nandg/Desktop/Athena_Welcome_Demo/sifive_hifive1_revb_sifive_welcome/bsp/install/lib/debug/\libmetal.a(sifive_fe310-g000_hfxosc.o)
                0x000000002001521a                __metal_driver_sifive_fe310_g000_hfxosc_get_rate_hz
 .text.__metal_driver_sifive_fe310_g000_hfxosc_set_rate_hz
                0x000000002001528e       0x22 C:/Users/nandg/Desktop/Athena_Welcome_Demo/sifive_hifive1_revb_sifive_welcome/bsp/install/lib/debug/\libmetal.a(sifive_fe310-g000_hfxosc.o)
                0x000000002001528e                __metal_driver_sifive_fe310_g000_hfxosc_set_rate_hz
 .text.__metal_driver_sifive_fe310_g000_pll_pllsel0
                0x00000000200152b0       0x1a C:/Users/nandg/Desktop/Athena_Welcome_Demo/sifive_hifive1_revb_sifive_welcome/bsp/install/lib/debug/\libmetal.a(sifive_fe310-g000_pll.o)
 .text.__metal_driver_sifive_fe310_g000_pll_pllref
                0x00000000200152ca       0x1a C:/Users/nandg/Desktop/Athena_Welcome_Demo/sifive_hifive1_revb_sifive_welcome/bsp/install/lib/debug/\libmetal.a(sifive_fe310-g000_pll.o)
 .text.__metal_driver_sifive_fe310_g000_pll_divider_base
                0x00000000200152e4       0x16 C:/Users/nandg/Desktop/Athena_Welcome_Demo/sifive_hifive1_revb_sifive_welcome/bsp/install/lib/debug/\libmetal.a(sifive_fe310-g000_pll.o)
 .text.__metal_driver_sifive_fe310_g000_pll_divider_offset
                0x00000000200152fa       0x14 C:/Users/nandg/Desktop/Athena_Welcome_Demo/sifive_hifive1_revb_sifive_welcome/bsp/install/lib/debug/\libmetal.a(sifive_fe310-g000_pll.o)
 .text.__metal_driver_sifive_fe310_g000_pll_config_base
                0x000000002001530e       0x12 C:/Users/nandg/Desktop/Athena_Welcome_Demo/sifive_hifive1_revb_sifive_welcome/bsp/install/lib/debug/\libmetal.a(sifive_fe310-g000_pll.o)
 .text.__metal_driver_sifive_fe310_g000_pll_config_offset
                0x0000000020015320       0x10 C:/Users/nandg/Desktop/Athena_Welcome_Demo/sifive_hifive1_revb_sifive_welcome/bsp/install/lib/debug/\libmetal.a(sifive_fe310-g000_pll.o)
 .text.__metal_driver_sifive_fe310_g000_pll_init_rate
                0x0000000020015330       0x16 C:/Users/nandg/Desktop/Athena_Welcome_Demo/sifive_hifive1_revb_sifive_welcome/bsp/install/lib/debug/\libmetal.a(sifive_fe310-g000_pll.o)
 .text.__metal_driver_sifive_fe310_g000_prci_base
                0x0000000020015346       0x12 C:/Users/nandg/Desktop/Athena_Welcome_Demo/sifive_hifive1_revb_sifive_welcome/bsp/install/lib/debug/\libmetal.a(sifive_fe310-g000_pll.o)
 .text.__metal_driver_sifive_fe310_g000_prci_vtable
                0x0000000020015358       0x16 C:/Users/nandg/Desktop/Athena_Welcome_Demo/sifive_hifive1_revb_sifive_welcome/bsp/install/lib/debug/\libmetal.a(sifive_fe310-g000_pll.o)
 .text.get_pll_config_freq
                0x000000002001536e       0x4e C:/Users/nandg/Desktop/Athena_Welcome_Demo/sifive_hifive1_revb_sifive_welcome/bsp/install/lib/debug/\libmetal.a(sifive_fe310-g000_pll.o)
 .text.__metal_driver_sifive_fe310_g000_pll_init
                0x00000000200153bc       0xa4 C:/Users/nandg/Desktop/Athena_Welcome_Demo/sifive_hifive1_revb_sifive_welcome/bsp/install/lib/debug/\libmetal.a(sifive_fe310-g000_pll.o)
                0x00000000200153bc                __metal_driver_sifive_fe310_g000_pll_init
 .text.__metal_driver_sifive_fe310_g000_pll_get_rate_hz
                0x0000000020015460      0x17c C:/Users/nandg/Desktop/Athena_Welcome_Demo/sifive_hifive1_revb_sifive_welcome/bsp/install/lib/debug/\libmetal.a(sifive_fe310-g000_pll.o)
                0x0000000020015460                __metal_driver_sifive_fe310_g000_pll_get_rate_hz
 .text.find_closest_config
                0x00000000200155dc       0xac C:/Users/nandg/Desktop/Athena_Welcome_Demo/sifive_hifive1_revb_sifive_welcome/bsp/install/lib/debug/\libmetal.a(sifive_fe310-g000_pll.o)
 .text.configure_pll
                0x0000000020015688      0x1b0 C:/Users/nandg/Desktop/Athena_Welcome_Demo/sifive_hifive1_revb_sifive_welcome/bsp/install/lib/debug/\libmetal.a(sifive_fe310-g000_pll.o)
 .text.__metal_driver_sifive_fe310_g000_pll_set_rate_hz
                0x0000000020015838      0x166 C:/Users/nandg/Desktop/Athena_Welcome_Demo/sifive_hifive1_revb_sifive_welcome/bsp/install/lib/debug/\libmetal.a(sifive_fe310-g000_pll.o)
                0x0000000020015838                __metal_driver_sifive_fe310_g000_pll_set_rate_hz
 .text.__metal_driver_sifive_fe310_g000_prci_base
                0x000000002001599e       0x12 C:/Users/nandg/Desktop/Athena_Welcome_Demo/sifive_hifive1_revb_sifive_welcome/bsp/install/lib/debug/\libmetal.a(sifive_fe310-g000_prci.o)
 .text.__metal_driver_sifive_fe310_g000_prci_get_reg
                0x00000000200159b0       0x2e C:/Users/nandg/Desktop/Athena_Welcome_Demo/sifive_hifive1_revb_sifive_welcome/bsp/install/lib/debug/\libmetal.a(sifive_fe310-g000_prci.o)
                0x00000000200159b0                __metal_driver_sifive_fe310_g000_prci_get_reg
 .text.__metal_driver_sifive_fe310_g000_prci_set_reg
                0x00000000200159de       0x38 C:/Users/nandg/Desktop/Athena_Welcome_Demo/sifive_hifive1_revb_sifive_welcome/bsp/install/lib/debug/\libmetal.a(sifive_fe310-g000_prci.o)
                0x00000000200159de                __metal_driver_sifive_fe310_g000_prci_set_reg
 .text.__metal_driver_sifive_gpio_led_gpio
                0x0000000020015a16       0x4a C:/Users/nandg/Desktop/Athena_Welcome_Demo/sifive_hifive1_revb_sifive_welcome/bsp/install/lib/debug/\libmetal.a(sifive_gpio-leds.o)
 .text.__metal_driver_sifive_gpio_led_pin
                0x0000000020015a60       0x44 C:/Users/nandg/Desktop/Athena_Welcome_Demo/sifive_hifive1_revb_sifive_welcome/bsp/install/lib/debug/\libmetal.a(sifive_gpio-leds.o)
 .text.__metal_driver_sifive_gpio_led_label
                0x0000000020015aa4       0x5c C:/Users/nandg/Desktop/Athena_Welcome_Demo/sifive_hifive1_revb_sifive_welcome/bsp/install/lib/debug/\libmetal.a(sifive_gpio-leds.o)
 .text.__metal_driver_led_exist
                0x0000000020015b00       0x36 C:/Users/nandg/Desktop/Athena_Welcome_Demo/sifive_hifive1_revb_sifive_welcome/bsp/install/lib/debug/\libmetal.a(sifive_gpio-leds.o)
                0x0000000020015b00                __metal_driver_led_exist
 .text.__metal_driver_led_enable
                0x0000000020015b36       0x4c C:/Users/nandg/Desktop/Athena_Welcome_Demo/sifive_hifive1_revb_sifive_welcome/bsp/install/lib/debug/\libmetal.a(sifive_gpio-leds.o)
                0x0000000020015b36                __metal_driver_led_enable
 .text.__metal_driver_led_on
                0x0000000020015b82       0x42 C:/Users/nandg/Desktop/Athena_Welcome_Demo/sifive_hifive1_revb_sifive_welcome/bsp/install/lib/debug/\libmetal.a(sifive_gpio-leds.o)
                0x0000000020015b82                __metal_driver_led_on
 .text.__metal_driver_led_off
                0x0000000020015bc4       0x42 C:/Users/nandg/Desktop/Athena_Welcome_Demo/sifive_hifive1_revb_sifive_welcome/bsp/install/lib/debug/\libmetal.a(sifive_gpio-leds.o)
                0x0000000020015bc4                __metal_driver_led_off
 .text.__metal_driver_led_toggle
                0x0000000020015c06       0x40 C:/Users/nandg/Desktop/Athena_Welcome_Demo/sifive_hifive1_revb_sifive_welcome/bsp/install/lib/debug/\libmetal.a(sifive_gpio-leds.o)
                0x0000000020015c06                __metal_driver_led_toggle
 .text.__metal_driver_sifive_gpio0_base
                0x0000000020015c46       0x26 C:/Users/nandg/Desktop/Athena_Welcome_Demo/sifive_hifive1_revb_sifive_welcome/bsp/install/lib/debug/\libmetal.a(sifive_gpio0.o)
 .text.__metal_driver_sifive_gpio0_interrupt_parent
                0x0000000020015c6c       0x2a C:/Users/nandg/Desktop/Athena_Welcome_Demo/sifive_hifive1_revb_sifive_welcome/bsp/install/lib/debug/\libmetal.a(sifive_gpio0.o)
 .text.__metal_driver_sifive_gpio0_interrupt_lines
                0x0000000020015c96      0x35e C:/Users/nandg/Desktop/Athena_Welcome_Demo/sifive_hifive1_revb_sifive_welcome/bsp/install/lib/debug/\libmetal.a(sifive_gpio0.o)
 .text.__metal_driver_sifive_gpio0_enable_input
                0x0000000020015ff4       0x40 C:/Users/nandg/Desktop/Athena_Welcome_Demo/sifive_hifive1_revb_sifive_welcome/bsp/install/lib/debug/\libmetal.a(sifive_gpio0.o)
                0x0000000020015ff4                __metal_driver_sifive_gpio0_enable_input
 .text.__metal_driver_sifive_gpio0_disable_input
                0x0000000020016034       0x46 C:/Users/nandg/Desktop/Athena_Welcome_Demo/sifive_hifive1_revb_sifive_welcome/bsp/install/lib/debug/\libmetal.a(sifive_gpio0.o)
                0x0000000020016034                __metal_driver_sifive_gpio0_disable_input
 .text.__metal_driver_sifive_gpio0_input
                0x000000002001607a       0x2a C:/Users/nandg/Desktop/Athena_Welcome_Demo/sifive_hifive1_revb_sifive_welcome/bsp/install/lib/debug/\libmetal.a(sifive_gpio0.o)
                0x000000002001607a                __metal_driver_sifive_gpio0_input
 .text.__metal_driver_sifive_gpio0_output
                0x00000000200160a4       0x2c C:/Users/nandg/Desktop/Athena_Welcome_Demo/sifive_hifive1_revb_sifive_welcome/bsp/install/lib/debug/\libmetal.a(sifive_gpio0.o)
                0x00000000200160a4                __metal_driver_sifive_gpio0_output
 .text.__metal_driver_sifive_gpio0_disable_output
                0x00000000200160d0       0x46 C:/Users/nandg/Desktop/Athena_Welcome_Demo/sifive_hifive1_revb_sifive_welcome/bsp/install/lib/debug/\libmetal.a(sifive_gpio0.o)
                0x00000000200160d0                __metal_driver_sifive_gpio0_disable_output
 .text.__metal_driver_sifive_gpio0_enable_output
                0x0000000020016116       0x40 C:/Users/nandg/Desktop/Athena_Welcome_Demo/sifive_hifive1_revb_sifive_welcome/bsp/install/lib/debug/\libmetal.a(sifive_gpio0.o)
                0x0000000020016116                __metal_driver_sifive_gpio0_enable_output
 .text.__metal_driver_sifive_gpio0_output_set
                0x0000000020016156       0x40 C:/Users/nandg/Desktop/Athena_Welcome_Demo/sifive_hifive1_revb_sifive_welcome/bsp/install/lib/debug/\libmetal.a(sifive_gpio0.o)
                0x0000000020016156                __metal_driver_sifive_gpio0_output_set
 .text.__metal_driver_sifive_gpio0_output_clear
                0x0000000020016196       0x46 C:/Users/nandg/Desktop/Athena_Welcome_Demo/sifive_hifive1_revb_sifive_welcome/bsp/install/lib/debug/\libmetal.a(sifive_gpio0.o)
                0x0000000020016196                __metal_driver_sifive_gpio0_output_clear
 .text.__metal_driver_sifive_gpio0_output_toggle
                0x00000000200161dc       0x40 C:/Users/nandg/Desktop/Athena_Welcome_Demo/sifive_hifive1_revb_sifive_welcome/bsp/install/lib/debug/\libmetal.a(sifive_gpio0.o)
                0x00000000200161dc                __metal_driver_sifive_gpio0_output_toggle
 .text.__metal_driver_sifive_gpio0_enable_io
                0x000000002001621c       0x62 C:/Users/nandg/Desktop/Athena_Welcome_Demo/sifive_hifive1_revb_sifive_welcome/bsp/install/lib/debug/\libmetal.a(sifive_gpio0.o)
                0x000000002001621c                __metal_driver_sifive_gpio0_enable_io
 .text.__metal_driver_sifive_gpio0_disable_io
                0x000000002001627e       0x4a C:/Users/nandg/Desktop/Athena_Welcome_Demo/sifive_hifive1_revb_sifive_welcome/bsp/install/lib/debug/\libmetal.a(sifive_gpio0.o)
                0x000000002001627e                __metal_driver_sifive_gpio0_disable_io
 .text.__metal_driver_sifive_gpio0_config_int
                0x00000000200162c8      0x206 C:/Users/nandg/Desktop/Athena_Welcome_Demo/sifive_hifive1_revb_sifive_welcome/bsp/install/lib/debug/\libmetal.a(sifive_gpio0.o)
                0x00000000200162c8                __metal_driver_sifive_gpio0_config_int
 .text.__metal_driver_sifive_gpio0_clear_int
                0x00000000200164ce      0x188 C:/Users/nandg/Desktop/Athena_Welcome_Demo/sifive_hifive1_revb_sifive_welcome/bsp/install/lib/debug/\libmetal.a(sifive_gpio0.o)
                0x00000000200164ce                __metal_driver_sifive_gpio0_clear_int
 .text.__metal_driver_gpio_interrupt_controller
                0x0000000020016656       0x20 C:/Users/nandg/Desktop/Athena_Welcome_Demo/sifive_hifive1_revb_sifive_welcome/bsp/install/lib/debug/\libmetal.a(sifive_gpio0.o)
                0x0000000020016656                __metal_driver_gpio_interrupt_controller
 .text.__metal_driver_gpio_get_interrupt_id
                0x0000000020016676       0x2e C:/Users/nandg/Desktop/Athena_Welcome_Demo/sifive_hifive1_revb_sifive_welcome/bsp/install/lib/debug/\libmetal.a(sifive_gpio0.o)
                0x0000000020016676                __metal_driver_gpio_get_interrupt_id
 .text.__metal_driver_sifive_uart0_control_base
                0x00000000200166a4       0x40 C:/Users/nandg/Desktop/Athena_Welcome_Demo/sifive_hifive1_revb_sifive_welcome/bsp/install/lib/debug/\libmetal.a(sifive_uart0.o)
 .text.__metal_driver_sifive_uart0_interrupt_parent
                0x00000000200166e4       0x48 C:/Users/nandg/Desktop/Athena_Welcome_Demo/sifive_hifive1_revb_sifive_welcome/bsp/install/lib/debug/\libmetal.a(sifive_uart0.o)
 .text.__metal_driver_sifive_uart0_interrupt_line
                0x000000002001672c       0x3c C:/Users/nandg/Desktop/Athena_Welcome_Demo/sifive_hifive1_revb_sifive_welcome/bsp/install/lib/debug/\libmetal.a(sifive_uart0.o)
 .text.__metal_driver_sifive_uart0_clock
                0x0000000020016768       0x48 C:/Users/nandg/Desktop/Athena_Welcome_Demo/sifive_hifive1_revb_sifive_welcome/bsp/install/lib/debug/\libmetal.a(sifive_uart0.o)
 .text.__metal_driver_sifive_uart0_pinmux
                0x00000000200167b0       0x40 C:/Users/nandg/Desktop/Athena_Welcome_Demo/sifive_hifive1_revb_sifive_welcome/bsp/install/lib/debug/\libmetal.a(sifive_uart0.o)
 .text.__metal_driver_sifive_uart0_pinmux_output_selector
                0x00000000200167f0       0x3c C:/Users/nandg/Desktop/Athena_Welcome_Demo/sifive_hifive1_revb_sifive_welcome/bsp/install/lib/debug/\libmetal.a(sifive_uart0.o)
 .text.__metal_driver_sifive_uart0_pinmux_source_selector
                0x000000002001682c       0x40 C:/Users/nandg/Desktop/Athena_Welcome_Demo/sifive_hifive1_revb_sifive_welcome/bsp/install/lib/debug/\libmetal.a(sifive_uart0.o)
 .text.__metal_driver_sifive_uart0_interrupt_controller
                0x000000002001686c       0x20 C:/Users/nandg/Desktop/Athena_Welcome_Demo/sifive_hifive1_revb_sifive_welcome/bsp/install/lib/debug/\libmetal.a(sifive_uart0.o)
                0x000000002001686c                __metal_driver_sifive_uart0_interrupt_controller
 .text.__metal_driver_sifive_uart0_get_interrupt_id
                0x000000002001688c       0x20 C:/Users/nandg/Desktop/Athena_Welcome_Demo/sifive_hifive1_revb_sifive_welcome/bsp/install/lib/debug/\libmetal.a(sifive_uart0.o)
                0x000000002001688c                __metal_driver_sifive_uart0_get_interrupt_id
 .text.__metal_driver_sifive_uart0_tx_interrupt_enable
                0x00000000200168ac       0x3a C:/Users/nandg/Desktop/Athena_Welcome_Demo/sifive_hifive1_revb_sifive_welcome/bsp/install/lib/debug/\libmetal.a(sifive_uart0.o)
                0x00000000200168ac                __metal_driver_sifive_uart0_tx_interrupt_enable
 .text.__metal_driver_sifive_uart0_tx_interrupt_disable
                0x00000000200168e6       0x38 C:/Users/nandg/Desktop/Athena_Welcome_Demo/sifive_hifive1_revb_sifive_welcome/bsp/install/lib/debug/\libmetal.a(sifive_uart0.o)
                0x00000000200168e6                __metal_driver_sifive_uart0_tx_interrupt_disable
 .text.__metal_driver_sifive_uart0_rx_interrupt_enable
                0x000000002001691e       0x3a C:/Users/nandg/Desktop/Athena_Welcome_Demo/sifive_hifive1_revb_sifive_welcome/bsp/install/lib/debug/\libmetal.a(sifive_uart0.o)
                0x000000002001691e                __metal_driver_sifive_uart0_rx_interrupt_enable
 .text.__metal_driver_sifive_uart0_rx_interrupt_disable
                0x0000000020016958       0x38 C:/Users/nandg/Desktop/Athena_Welcome_Demo/sifive_hifive1_revb_sifive_welcome/bsp/install/lib/debug/\libmetal.a(sifive_uart0.o)
                0x0000000020016958                __metal_driver_sifive_uart0_rx_interrupt_disable
 .text.__metal_driver_sifive_uart0_txready
                0x0000000020016990       0x30 C:/Users/nandg/Desktop/Athena_Welcome_Demo/sifive_hifive1_revb_sifive_welcome/bsp/install/lib/debug/\libmetal.a(sifive_uart0.o)
                0x0000000020016990                __metal_driver_sifive_uart0_txready
 .text.__metal_driver_sifive_uart0_set_tx_watermark
                0x00000000200169c0       0x4a C:/Users/nandg/Desktop/Athena_Welcome_Demo/sifive_hifive1_revb_sifive_welcome/bsp/install/lib/debug/\libmetal.a(sifive_uart0.o)
                0x00000000200169c0                __metal_driver_sifive_uart0_set_tx_watermark
 .text.__metal_driver_sifive_uart0_get_tx_watermark
                0x0000000020016a0a       0x30 C:/Users/nandg/Desktop/Athena_Welcome_Demo/sifive_hifive1_revb_sifive_welcome/bsp/install/lib/debug/\libmetal.a(sifive_uart0.o)
                0x0000000020016a0a                __metal_driver_sifive_uart0_get_tx_watermark
 .text.__metal_driver_sifive_uart0_set_rx_watermark
                0x0000000020016a3a       0x4a C:/Users/nandg/Desktop/Athena_Welcome_Demo/sifive_hifive1_revb_sifive_welcome/bsp/install/lib/debug/\libmetal.a(sifive_uart0.o)
                0x0000000020016a3a                __metal_driver_sifive_uart0_set_rx_watermark
 .text.__metal_driver_sifive_uart0_get_rx_watermark
                0x0000000020016a84       0x30 C:/Users/nandg/Desktop/Athena_Welcome_Demo/sifive_hifive1_revb_sifive_welcome/bsp/install/lib/debug/\libmetal.a(sifive_uart0.o)
                0x0000000020016a84                __metal_driver_sifive_uart0_get_rx_watermark
 .text.__metal_driver_sifive_uart0_putc
                0x0000000020016ab4       0x42 C:/Users/nandg/Desktop/Athena_Welcome_Demo/sifive_hifive1_revb_sifive_welcome/bsp/install/lib/debug/\libmetal.a(sifive_uart0.o)
                0x0000000020016ab4                __metal_driver_sifive_uart0_putc
 .text.__metal_driver_sifive_uart0_getc
                0x0000000020016af6       0x56 C:/Users/nandg/Desktop/Athena_Welcome_Demo/sifive_hifive1_revb_sifive_welcome/bsp/install/lib/debug/\libmetal.a(sifive_uart0.o)
                0x0000000020016af6                __metal_driver_sifive_uart0_getc
 .text.__metal_driver_sifive_uart0_get_baud_rate
                0x0000000020016b4c       0x20 C:/Users/nandg/Desktop/Athena_Welcome_Demo/sifive_hifive1_revb_sifive_welcome/bsp/install/lib/debug/\libmetal.a(sifive_uart0.o)
                0x0000000020016b4c                __metal_driver_sifive_uart0_get_baud_rate
 .text.__metal_driver_sifive_uart0_set_baud_rate
                0x0000000020016b6c       0xa0 C:/Users/nandg/Desktop/Athena_Welcome_Demo/sifive_hifive1_revb_sifive_welcome/bsp/install/lib/debug/\libmetal.a(sifive_uart0.o)
                0x0000000020016b6c                __metal_driver_sifive_uart0_set_baud_rate
 .text.pre_rate_change_callback_func
                0x0000000020016c0c       0xda C:/Users/nandg/Desktop/Athena_Welcome_Demo/sifive_hifive1_revb_sifive_welcome/bsp/install/lib/debug/\libmetal.a(sifive_uart0.o)
 .text.post_rate_change_callback_func
                0x0000000020016ce6       0x2e C:/Users/nandg/Desktop/Athena_Welcome_Demo/sifive_hifive1_revb_sifive_welcome/bsp/install/lib/debug/\libmetal.a(sifive_uart0.o)
 .text.__metal_driver_sifive_uart0_init
                0x0000000020016d14       0xd0 C:/Users/nandg/Desktop/Athena_Welcome_Demo/sifive_hifive1_revb_sifive_welcome/bsp/install/lib/debug/\libmetal.a(sifive_uart0.o)
                0x0000000020016d14                __metal_driver_sifive_uart0_init
 .text._metal_clock_call_all_callbacks
                0x0000000020016de4       0x42 C:/Users/nandg/Desktop/Athena_Welcome_Demo/sifive_hifive1_revb_sifive_welcome/bsp/install/lib/debug/\libmetal.a(clock.o)
                0x0000000020016de4                _metal_clock_call_all_callbacks
 .text._metal_clock_append_to_callbacks
                0x0000000020016e26       0x54 C:/Users/nandg/Desktop/Athena_Welcome_Demo/sifive_hifive1_revb_sifive_welcome/bsp/install/lib/debug/\libmetal.a(clock.o)
                0x0000000020016e26                _metal_clock_append_to_callbacks
 .text.metal_clock_get_rate_hz
                0x0000000020016e7a       0x26 C:/Users/nandg/Desktop/Athena_Welcome_Demo/sifive_hifive1_revb_sifive_welcome/bsp/install/lib/debug/\libmetal.a(clock.o)
                0x0000000020016e7a                metal_clock_get_rate_hz
 .text.metal_clock_set_rate_hz
                0x0000000020016ea0       0x4c C:/Users/nandg/Desktop/Athena_Welcome_Demo/sifive_hifive1_revb_sifive_welcome/bsp/install/lib/debug/\libmetal.a(clock.o)
                0x0000000020016ea0                metal_clock_set_rate_hz
 .text.metal_clock_register_pre_rate_change_callback
                0x0000000020016eec       0x32 C:/Users/nandg/Desktop/Athena_Welcome_Demo/sifive_hifive1_revb_sifive_welcome/bsp/install/lib/debug/\libmetal.a(clock.o)
                0x0000000020016eec                metal_clock_register_pre_rate_change_callback
 .text.metal_clock_register_post_rate_change_callback
                0x0000000020016f1e       0x32 C:/Users/nandg/Desktop/Athena_Welcome_Demo/sifive_hifive1_revb_sifive_welcome/bsp/install/lib/debug/\libmetal.a(clock.o)
                0x0000000020016f1e                metal_clock_register_post_rate_change_callback
 .text.metal_gpio_disable_input
                0x0000000020016f50       0x40 C:/Users/nandg/Desktop/Athena_Welcome_Demo/sifive_hifive1_revb_sifive_welcome/bsp/install/lib/debug/\libmetal.a(gpio.o)
                0x0000000020016f50                metal_gpio_disable_input
 .text.metal_gpio_enable_output
                0x0000000020016f90       0x40 C:/Users/nandg/Desktop/Athena_Welcome_Demo/sifive_hifive1_revb_sifive_welcome/bsp/install/lib/debug/\libmetal.a(gpio.o)
                0x0000000020016f90                metal_gpio_enable_output
 .text.metal_gpio_set_pin
                0x0000000020016fd0       0x68 C:/Users/nandg/Desktop/Athena_Welcome_Demo/sifive_hifive1_revb_sifive_welcome/bsp/install/lib/debug/\libmetal.a(gpio.o)
                0x0000000020016fd0                metal_gpio_set_pin
 .text.metal_gpio_toggle_pin
                0x0000000020017038       0x40 C:/Users/nandg/Desktop/Athena_Welcome_Demo/sifive_hifive1_revb_sifive_welcome/bsp/install/lib/debug/\libmetal.a(gpio.o)
                0x0000000020017038                metal_gpio_toggle_pin
 .text.metal_shutdown
                0x0000000020017078        0xe C:/Users/nandg/Desktop/Athena_Welcome_Demo/sifive_hifive1_revb_sifive_welcome/bsp/install/lib/debug/\libmetal.a(shutdown.o)
                0x0000000020017078                metal_shutdown
 .text.metal_uart_init
                0x0000000020017086       0x2c C:/Users/nandg/Desktop/Athena_Welcome_Demo/sifive_hifive1_revb_sifive_welcome/bsp/install/lib/debug/\libmetal.a(uart.o)
                0x0000000020017086                metal_uart_init
 .text.metal_uart_putc
                0x00000000200170b2       0x2e C:/Users/nandg/Desktop/Athena_Welcome_Demo/sifive_hifive1_revb_sifive_welcome/bsp/install/lib/debug/\libmetal.a(uart.o)
                0x00000000200170b2                metal_uart_putc
 .text.metal_uart_set_baud_rate
                0x00000000200170e0       0x2e C:/Users/nandg/Desktop/Athena_Welcome_Demo/sifive_hifive1_revb_sifive_welcome/bsp/install/lib/debug/\libmetal.a(uart.o)
                0x00000000200170e0                metal_uart_set_baud_rate
 *fill*         0x000000002001710e       0x72 
 .text          0x0000000020017180       0x80 C:/Users/nandg/Desktop/Athena_Welcome_Demo/sifive_hifive1_revb_sifive_welcome/bsp/install/lib/debug/\libmetal.a(vector.o)
                0x0000000020017180                __metal_vector_table
 .text.__metal_driver_fixed_clock_rate
                0x0000000020017200       0x70 C:/Users/nandg/Desktop/Athena_Welcome_Demo/sifive_hifive1_revb_sifive_welcome/bsp/install/lib/debug/\libmetal.a(fixed-clock.o)
 .text.__metal_driver_fixed_clock_get_rate_hz
                0x0000000020017270       0x20 C:/Users/nandg/Desktop/Athena_Welcome_Demo/sifive_hifive1_revb_sifive_welcome/bsp/install/lib/debug/\libmetal.a(fixed-clock.o)
                0x0000000020017270                __metal_driver_fixed_clock_get_rate_hz
 .text.__metal_driver_fixed_clock_set_rate_hz
                0x0000000020017290       0x24 C:/Users/nandg/Desktop/Athena_Welcome_Demo/sifive_hifive1_revb_sifive_welcome/bsp/install/lib/debug/\libmetal.a(fixed-clock.o)
                0x0000000020017290                __metal_driver_fixed_clock_set_rate_hz
 .text._close   0x00000000200172b4       0x22 C:/Users/nandg/Desktop/Athena_Welcome_Demo/sifive_hifive1_revb_sifive_welcome/bsp/install/lib/debug/\libmetal-gloss.a(sys_close.o)
                0x00000000200172b4                _close
 .text._fstat   0x00000000200172d6       0x26 C:/Users/nandg/Desktop/Athena_Welcome_Demo/sifive_hifive1_revb_sifive_welcome/bsp/install/lib/debug/\libmetal-gloss.a(sys_fstat.o)
                0x00000000200172d6                _fstat
 .text._isatty  0x00000000200172fc       0x20 C:/Users/nandg/Desktop/Athena_Welcome_Demo/sifive_hifive1_revb_sifive_welcome/bsp/install/lib/debug/\libmetal-gloss.a(sys_isatty.o)
                0x00000000200172fc                _isatty
 .text._lseek   0x000000002001731c       0x2a C:/Users/nandg/Desktop/Athena_Welcome_Demo/sifive_hifive1_revb_sifive_welcome/bsp/install/lib/debug/\libmetal-gloss.a(sys_lseek.o)
                0x000000002001731c                _lseek
 .text._read    0x0000000020017346       0x2a C:/Users/nandg/Desktop/Athena_Welcome_Demo/sifive_hifive1_revb_sifive_welcome/bsp/install/lib/debug/\libmetal-gloss.a(sys_read.o)
                0x0000000020017346                _read
 .text._sbrk    0x0000000020017370       0x6a C:/Users/nandg/Desktop/Athena_Welcome_Demo/sifive_hifive1_revb_sifive_welcome/bsp/install/lib/debug/\libmetal-gloss.a(sys_sbrk.o)
                0x0000000020017370                _sbrk
 .text._write   0x00000000200173da       0x6e C:/Users/nandg/Desktop/Athena_Welcome_Demo/sifive_hifive1_revb_sifive_welcome/bsp/install/lib/debug/\libmetal-gloss.a(sys_write.o)
                0x00000000200173da                _write
                0x00000000200173da                write
 .text.atexit   0x0000000020017448        0xa c:/freedomstudio/sifive/riscv64-unknown-elf-toolchain-10.2.0-2020.12.8/bin/../lib/gcc/riscv64-unknown-elf/10.2.0/../../../../riscv64-unknown-elf/lib/rv32imac/ilp32\libc_nano.a(lib_a-atexit.o)
                0x0000000020017448                atexit
 .text.__errno  0x0000000020017452        0xa c:/freedomstudio/sifive/riscv64-unknown-elf-toolchain-10.2.0-2020.12.8/bin/../lib/gcc/riscv64-unknown-elf/10.2.0/../../../../riscv64-unknown-elf/lib/rv32imac/ilp32\libc_nano.a(lib_a-errno.o)
                0x0000000020017452                __errno
 .text.exit     0x000000002001745c       0x28 c:/freedomstudio/sifive/riscv64-unknown-elf-toolchain-10.2.0-2020.12.8/bin/../lib/gcc/riscv64-unknown-elf/10.2.0/../../../../riscv64-unknown-elf/lib/rv32imac/ilp32\libc_nano.a(lib_a-exit.o)
                0x000000002001745c                exit
 .text.__libc_fini_array
                0x0000000020017484       0x36 c:/freedomstudio/sifive/riscv64-unknown-elf-toolchain-10.2.0-2020.12.8/bin/../lib/gcc/riscv64-unknown-elf/10.2.0/../../../../riscv64-unknown-elf/lib/rv32imac/ilp32\libc_nano.a(lib_a-fini.o)
                0x0000000020017484                __libc_fini_array
 .text.__libc_init_array
                0x00000000200174ba       0x5e c:/freedomstudio/sifive/riscv64-unknown-elf-toolchain-10.2.0-2020.12.8/bin/../lib/gcc/riscv64-unknown-elf/10.2.0/../../../../riscv64-unknown-elf/lib/rv32imac/ilp32\libc_nano.a(lib_a-init.o)
                0x00000000200174ba                __libc_init_array
 .text.strcat   0x0000000020017518       0x1c c:/freedomstudio/sifive/riscv64-unknown-elf-toolchain-10.2.0-2020.12.8/bin/../lib/gcc/riscv64-unknown-elf/10.2.0/../../../../riscv64-unknown-elf/lib/rv32imac/ilp32\libc_nano.a(lib_a-strcat.o)
                0x0000000020017518                strcat
 .text          0x0000000020017534      0x11e c:/freedomstudio/sifive/riscv64-unknown-elf-toolchain-10.2.0-2020.12.8/bin/../lib/gcc/riscv64-unknown-elf/10.2.0/../../../../riscv64-unknown-elf/lib/rv32imac/ilp32\libc_nano.a(lib_a-strcmp.o)
                0x0000000020017534                strcmp
 .text.strcpy   0x0000000020017652       0x12 c:/freedomstudio/sifive/riscv64-unknown-elf-toolchain-10.2.0-2020.12.8/bin/../lib/gcc/riscv64-unknown-elf/10.2.0/../../../../riscv64-unknown-elf/lib/rv32imac/ilp32\libc_nano.a(lib_a-strcpy.o)
                0x0000000020017652                strcpy
 .text.__register_exitproc
                0x0000000020017664       0x7c c:/freedomstudio/sifive/riscv64-unknown-elf-toolchain-10.2.0-2020.12.8/bin/../lib/gcc/riscv64-unknown-elf/10.2.0/../../../../riscv64-unknown-elf/lib/rv32imac/ilp32\libc_nano.a(lib_a-__atexit.o)
                0x0000000020017664                __register_exitproc
 .text.__call_exitprocs
                0x00000000200176e0       0xc8 c:/freedomstudio/sifive/riscv64-unknown-elf-toolchain-10.2.0-2020.12.8/bin/../lib/gcc/riscv64-unknown-elf/10.2.0/../../../../riscv64-unknown-elf/lib/rv32imac/ilp32\libc_nano.a(lib_a-__call_atexit.o)
                0x00000000200176e0                __call_exitprocs
 .text.metal_init
                0x00000000200177a8       0x78 C:/Users/nandg/Desktop/Athena_Welcome_Demo/sifive_hifive1_revb_sifive_welcome/bsp/install/lib/debug/\libmetal.a(init.o)
                0x00000000200177a8                metal_init
 .text.metal_fini
                0x0000000020017820       0x78 C:/Users/nandg/Desktop/Athena_Welcome_Demo/sifive_hifive1_revb_sifive_welcome/bsp/install/lib/debug/\libmetal.a(init.o)
                0x0000000020017820                metal_fini
 .text.metal_init_run
                0x0000000020017898       0x16 C:/Users/nandg/Desktop/Athena_Welcome_Demo/sifive_hifive1_revb_sifive_welcome/bsp/install/lib/debug/\libmetal.a(init.o)
                0x0000000020017898                metal_init_run
 .text.metal_fini_run